<html>
<body>
<pre>
<h1>µVision Build Log</h1>
<h2>Project:</h2>
C:\Users\Administrator\Desktop\temp\Software(2016-09-13)\EvalBoards\ST\STM32L152-EVAL\uCOS-II\KeilMDK\uCOS-II.uvproj
Project File Date:  09/14/2016

<h2>Output:</h2>
Build target 'uCOS-II'
linking...
Program Size: Code=28260 RO-data=1100 RW-data=144 ZI-data=5472  
".\Obj\uCOS-II.axf" - 0 Error(s), 0 Warning(s).
Build target 'uCOS-II'
linking...
Program Size: Code=28260 RO-data=1100 RW-data=144 ZI-data=5472  
".\Obj\uCOS-II.axf" - 0 Error(s), 0 Warning(s).
Load "C:\\Users\\Administrator\\Desktop\\temp\\Software(2016-09-13)\\EvalBoards\\ST\\STM32L152-EVAL\\uCOS-II\\KeilMDK\\Obj\\uCOS-II.AXF" 
* JLink Info: Device "STM32L151C8" selected (64 KB flash, 10 KB RAM).
Set JLink Project File to "C:\Users\Administrator\Desktop\temp\Software(2016-09-13)\EvalBoards\ST\STM32L152-EVAL\uCOS-II\KeilMDK\JLinkSettings.ini"
 
JLink info:
------------
DLL: V4.50j, compiled Jun 26 2012 09:19:07
Firmware: J-Link V9 compiled Jan 10 2014 19:51:25
Hardware: V9.00
Feature(s) : GDB, RDI, FlashBP, FlashDL, JFlash 
 
Load "C:\\Users\\Administrator\\Desktop\\temp\\Software(2016-09-13)\\EvalBoards\\ST\\STM32L152-EVAL\\uCOS-II\\KeilMDK\\Obj\\uCOS-II.AXF" 
* JLink Info: Device "STM32L151C8" selected (64 KB flash, 10 KB RAM).
Set JLink Project File to "C:\Users\Administrator\Desktop\temp\Software(2016-09-13)\EvalBoards\ST\STM32L152-EVAL\uCOS-II\KeilMDK\JLinkSettings.ini"
 
JLink info:
------------
DLL: V4.50j, compiled Jun 26 2012 09:19:07
Firmware: J-Link V9 compiled Jan 10 2014 19:51:25
Hardware: V9.00
Feature(s) : GDB, RDI, FlashBP, FlashDL, JFlash 
 
* JLink Info: Found SWD-DP with ID 0x2BA01477
* JLink Info: TPIU fitted.
* JLink Info: ETM fitted.
* JLink Info: FPUnit: 6 code (BP) slots and 2 literal slots
* JLink Info: Found Cortex-M3 r2p0, Little endian.
ROMTableAddr = 0xE00FF003
**JLink Warning: T-bit of XPSR is 0 but should be 1. Changed to 1.
 
Target info:
------------
Device: STM32L151C8
VTarget = 3.324V
State of Pins: 
TCK: 0, TDI: 1, TDO: 0, TMS: 1, TRES: 1, TRST: 1
Hardware-Breakpoints: 6
Software-Breakpoints: 8192
Watchpoints:          4
JTAG speed: 2000 kHz
 
Erase Done.
Programming Done.
Verify OK.
Application running ...
Build target 'uCOS-II'
compiling bsp_int.c...
..\..\BSP\bsp_int.c(403): warning:  #223-D: function "usart1_sendbyte" declared implicitly
..\..\BSP\bsp_int.c(415): warning:  #223-D: function "usart3_sendbyte" declared implicitly
..\..\BSP\bsp_int.c(422): warning:  #177-D: variable "isr" was declared but never referenced
..\..\BSP\bsp_int.c(73): warning:  #550-D: variable "BSP_IntVectTbl" was set but never used
linking...
Program Size: Code=28260 RO-data=1100 RW-data=144 ZI-data=5472  
".\Obj\uCOS-II.axf" - 0 Error(s), 4 Warning(s).
Build target 'uCOS-II'
linking...
Program Size: Code=28260 RO-data=1100 RW-data=144 ZI-data=5472  
".\Obj\uCOS-II.axf" - 0 Error(s), 0 Warning(s).
Load "C:\\Users\\Administrator\\Desktop\\temp\\Software(2016-09-13)\\EvalBoards\\ST\\STM32L152-EVAL\\uCOS-II\\KeilMDK\\Obj\\uCOS-II.AXF" 
* JLink Info: Device "STM32L151C8" selected (64 KB flash, 10 KB RAM).
Set JLink Project File to "C:\Users\Administrator\Desktop\temp\Software(2016-09-13)\EvalBoards\ST\STM32L152-EVAL\uCOS-II\KeilMDK\JLinkSettings.ini"
 
JLink info:
------------
DLL: V4.50j, compiled Jun 26 2012 09:19:07
Firmware: J-Link V9 compiled Jan 10 2014 19:51:25
Hardware: V9.00
Feature(s) : GDB, RDI, FlashBP, FlashDL, JFlash 
 
* JLink Info: Found SWD-DP with ID 0x2BA01477
* JLink Info: TPIU fitted.
* JLink Info: ETM fitted.
* JLink Info: FPUnit: 6 code (BP) slots and 2 literal slots
* JLink Info: Found Cortex-M3 r2p0, Little endian.
ROMTableAddr = 0xE00FF003
 
Target info:
------------
Device: STM32L151C8
VTarget = 3.320V
State of Pins: 
TCK: 0, TDI: 1, TDO: 0, TMS: 1, TRES: 1, TRST: 1
Hardware-Breakpoints: 6
Software-Breakpoints: 8192
Watchpoints:          4
JTAG speed: 2000 kHz
 
Erase Done.
Programming Done.
Verify OK.
Application running ...
Build target 'uCOS-II'
compiling app.c...
compiling bsp_int.c...
..\..\BSP\bsp_int.c(403): warning:  #223-D: function "usart1_sendbyte" declared implicitly
..\..\BSP\bsp_int.c(415): warning:  #223-D: function "usart3_sendbyte" declared implicitly
..\..\BSP\bsp_int.c(422): warning:  #177-D: variable "isr" was declared but never referenced
..\..\BSP\bsp_int.c(73): warning:  #550-D: variable "BSP_IntVectTbl" was set but never used
linking...
Program Size: Code=28420 RO-data=1100 RW-data=144 ZI-data=7008  
".\Obj\uCOS-II.axf" - 0 Error(s), 4 Warning(s).
Build target 'uCOS-II'
compiling app.c...
linking...
Program Size: Code=28444 RO-data=1100 RW-data=144 ZI-data=7008  
".\Obj\uCOS-II.axf" - 0 Error(s), 0 Warning(s).
Load "C:\\Users\\Administrator\\Desktop\\temp\\Software(2016-09-13)\\EvalBoards\\ST\\STM32L152-EVAL\\uCOS-II\\KeilMDK\\Obj\\uCOS-II.AXF" 
* JLink Info: Device "STM32L151C8" selected (64 KB flash, 10 KB RAM).
Set JLink Project File to "C:\Users\Administrator\Desktop\temp\Software(2016-09-13)\EvalBoards\ST\STM32L152-EVAL\uCOS-II\KeilMDK\JLinkSettings.ini"
 
JLink info:
------------
DLL: V4.50j, compiled Jun 26 2012 09:19:07
Firmware: J-Link V9 compiled Jan 10 2014 19:51:25
Hardware: V9.00
Feature(s) : GDB, RDI, FlashBP, FlashDL, JFlash 
 
* JLink Info: Found SWD-DP with ID 0x2BA01477
* JLink Info: TPIU fitted.
* JLink Info: ETM fitted.
* JLink Info: FPUnit: 6 code (BP) slots and 2 literal slots
* JLink Info: Found Cortex-M3 r2p0, Little endian.
ROMTableAddr = 0xE00FF003
 
Target info:
------------
Device: STM32L151C8
VTarget = 3.322V
State of Pins: 
TCK: 0, TDI: 1, TDO: 0, TMS: 1, TRES: 1, TRST: 1
Hardware-Breakpoints: 6
Software-Breakpoints: 8192
Watchpoints:          4
JTAG speed: 2000 kHz
 
Erase Done.
Programming Done.
Verify OK.
Application running ...
Build target 'uCOS-II'
linking...
Program Size: Code=28444 RO-data=1100 RW-data=144 ZI-data=7008  
".\Obj\uCOS-II.axf" - 0 Error(s), 0 Warning(s).
Build target 'uCOS-II'
linking...
Program Size: Code=28444 RO-data=1100 RW-data=144 ZI-data=7008  
".\Obj\uCOS-II.axf" - 0 Error(s), 0 Warning(s).
