ARM Linker, 4.1 [Build 894] [Standard]

==============================================================================

Section Cross References

    app.o(.text) refers to stm32l1xx_spi.o(.text) for SPI_I2S_GetFlagStatus
    app.o(.text) refers to stm32l1xx_rcc.o(.text) for RCC_AHBPeriphClockCmd
    app.o(.text) refers to stm32l1xx_gpio.o(.text) for GPIO_Init
    app.o(.text) refers to os_time.o(.text) for OSTimeDlyHMSM
    app.o(.text) refers to usart_1.o(.text) for usart1_sendstring
    app.o(.text) refers to cpu_core.o(.text) for CPU_Init
    app.o(.text) refers to bsp.o(.text) for BSP_CPU_ClkFreq
    app.o(.text) refers to os_cpu_c.o(.text) for OS_CPU_SysTickInit
    app.o(.text) refers to lib_mem.o(.text) for Mem_Init
    app.o(.text) refers to lib_math.o(.text) for Math_Init
    app.o(.text) refers to bsp_int.o(.text) for BSP_IntDisAll
    app.o(.text) refers to os_core.o(.text) for OSInit
    app.o(.text) refers to os_task.o(.text) for OSTaskCreateExt
    app.o(.text) refers to app.o(.bss) for AppTaskStartStk
    system_stm32l1xx.o(.text) refers to system_stm32l1xx.o(.data) for MSITable
    bsp.o(.text) refers to bsp_periph.o(.text) for BSP_PeriphEn
    bsp.o(.text) refers to stm32l1xx_gpio.o(.text) for GPIO_Init
    bsp.o(.text) refers to bsp_int.o(.text) for BSP_IntInit
    bsp.o(.text) refers to usart_1.o(.text) for usart1_init
    bsp.o(.text) refers to stm32l1xx_rcc.o(.text) for RCC_GetClocksFreq
    bsp.o(.text) refers to cpu_core.o(.text) for CPU_TS_TmrFreqSet
    bsp.o(.text) refers to lludivv7m.o(.text) for __aeabi_uldivmod
    bsp_int.o(.text) refers to cpu_c.o(.text) for CPU_IntSrcDis
    bsp_int.o(.text) refers to cpu_a.o(.text) for CPU_IntDis
    bsp_int.o(.text) refers to stm32l1xx_usart.o(.text) for USART_GetITStatus
    bsp_int.o(.text) refers to usart_1.o(.text) for usart3_sendbyte
    bsp_int.o(.text) refers to os_core.o(.text) for OSIntEnter
    bsp_int.o(.text) refers to bsp_int.o(.bss) for BSP_IntVectTbl
    bsp_periph.o(.text) refers to bsp.o(.text) for BSP_CPU_ClkFreq
    cstartup.o(STACK) refers (Special) to heapauxi.o(.text) for __use_two_region_memory
    cstartup.o(HEAP) refers (Special) to heapauxi.o(.text) for __use_two_region_memory
    cstartup.o(RESET) refers (Special) to heapauxi.o(.text) for __use_two_region_memory
    cstartup.o(RESET) refers to cstartup.o(STACK) for __initial_sp
    cstartup.o(RESET) refers to cstartup.o(.text) for Reset_Handler
    cstartup.o(RESET) refers to os_cpu_a.o(.text) for OS_CPU_PendSVHandler
    cstartup.o(RESET) refers to os_cpu_c.o(.text) for OS_CPU_SysTickHandler
    cstartup.o(RESET) refers to bsp_int.o(.text) for BSP_IntHandlerWWDG
    cstartup.o(.text) refers (Special) to heapauxi.o(.text) for __use_two_region_memory
    cstartup.o(.text) refers to system_stm32l1xx.o(.text) for SystemInit
    cstartup.o(.text) refers to __main.o(!!!main) for __main
    cstartup.o(.text) refers to cstartup.o(HEAP) for Heap_Mem
    cstartup.o(.text) refers to cstartup.o(STACK) for Stack_Mem
    bsp_os.o(.text) refers to os_sem.o(.text) for OSSemCreate
    bsp_os.o(.text) refers to os_core.o(.text) for OSEventNameSet
    bsp_os.o(.text) refers to os_time.o(.text) for OSTimeDlyHMSM
    usart_1.o(.text) refers to stm32l1xx_usart.o(.text) for USART_Init
    usart_1.o(.text) refers to stm32l1xx_gpio.o(.text) for GPIO_PinAFConfig
    usart_1.o(.text) refers to stm32l1xx_rcc.o(.text) for RCC_AHBPeriphClockCmd
    usart_1.o(.text) refers to misc.o(.text) for NVIC_PriorityGroupConfig
    cpu_core.o(.text) refers to cpu_a.o(.text) for CPU_SR_Save
    cpu_core.o(.text) refers to lib_mem.o(.text) for Mem_Clr
    cpu_core.o(.text) refers to bsp.o(.text) for CPU_TS_TmrInit
    cpu_core.o(.text) refers to lib_str.o(.text) for Str_Copy_N
    cpu_core.o(.text) refers to llushr.o(.text) for __aeabi_llsr
    cpu_core.o(.text) refers to cpu_core.o(.bss) for CPU_Name
    cpu_core.o(.text) refers to cpu_core.o(.data) for CPU_TS_TmrFreq_Hz
    cpu_core.o(.text) refers to cpu_core.o(.constdata) for CPU_CntLeadZerosTbl
    cpu_c.o(.text) refers to cpu_a.o(.text) for CPU_SR_Save
    lib_math.o(.text) refers to cpu_a.o(.text) for CPU_SR_Save
    lib_math.o(.text) refers to lib_math.o(.data) for Math_RandSeedCur
    lib_mem.o(.text) refers to lib_mem_a.o(.text) for Mem_Copy
    lib_mem.o(.text) refers to cpu_core.o(.text) for CPU_SW_Exception
    lib_mem.o(.text) refers to cpu_a.o(.text) for CPU_SR_Save
    lib_mem.o(.text) refers to lib_mem.o(.bss) for Mem_PoolHeap
    lib_mem.o(.text) refers to lib_mem.o(.data) for Mem_PoolTbl
    lib_str.o(.text) refers to lib_ascii.o(.text) for ASCII_ToLower
    lib_str.o(.text) refers to lib_str.o(.constdata) for Str_MultOvfThTbl_Int32U
    os_cpu_a.o(.text) refers to os_cpu_c.o(.data) for OS_CPU_ExceptStkBase
    os_cpu_a.o(.text) refers to os_core.o(.data) for OSRunning
    os_cpu_a.o(.text) refers to os_cpu_c.o(.text) for OSTaskSwHook
[...]
    ..\..\BSP\ST\STM32L1xx\src\stm32l1xx_tim.c 0x00000000   Number         0  stm32l1xx_tim.o ABSOLUTE
    ..\..\BSP\ST\STM32L1xx\src\stm32l1xx_usart.c 0x00000000   Number         0  stm32l1xx_usart.o ABSOLUTE
    ..\..\BSP\ST\STM32L1xx\src\stm32l1xx_wwdg.c 0x00000000   Number         0  stm32l1xx_wwdg.o ABSOLUTE
    ..\..\BSP\bsp.c                          0x00000000   Number         0  bsp.o ABSOLUTE
    ..\..\BSP\bsp_int.c                      0x00000000   Number         0  bsp_int.o ABSOLUTE
    ..\..\BSP\bsp_periph.c                   0x00000000   Number         0  bsp_periph.o ABSOLUTE
    ..\..\BSP\system_stm32l1xx.c             0x00000000   Number         0  system_stm32l1xx.o ABSOLUTE
    ..\..\BSP\usart_1.c                      0x00000000   Number         0  usart_1.o ABSOLUTE
    ..\\..\\BSP\\OS\\uCOS-II\\bsp_os.c       0x00000000   Number         0  bsp_os.o ABSOLUTE
    ..\\..\\BSP\\ST\\STM32L1xx\\src\\misc.c  0x00000000   Number         0  misc.o ABSOLUTE
    ..\\..\\BSP\\ST\\STM32L1xx\\src\\stm32l1xx_adc.c 0x00000000   Number         0  stm32l1xx_adc.o ABSOLUTE
    ..\\..\\BSP\\ST\\STM32L1xx\\src\\stm32l1xx_aes.c 0x00000000   Number         0  stm32l1xx_aes.o ABSOLUTE
    ..\\..\\BSP\\ST\\STM32L1xx\\src\\stm32l1xx_aes_util.c 0x00000000   Number         0  stm32l1xx_aes_util.o ABSOLUTE
    ..\\..\\BSP\\ST\\STM32L1xx\\src\\stm32l1xx_comp.c 0x00000000   Number         0  stm32l1xx_comp.o ABSOLUTE
    ..\\..\\BSP\\ST\\STM32L1xx\\src\\stm32l1xx_crc.c 0x00000000   Number         0  stm32l1xx_crc.o ABSOLUTE
    ..\\..\\BSP\\ST\\STM32L1xx\\src\\stm32l1xx_dac.c 0x00000000   Number         0  stm32l1xx_dac.o ABSOLUTE
    ..\\..\\BSP\\ST\\STM32L1xx\\src\\stm32l1xx_dbgmcu.c 0x00000000   Number         0  stm32l1xx_dbgmcu.o ABSOLUTE
    ..\\..\\BSP\\ST\\STM32L1xx\\src\\stm32l1xx_dma.c 0x00000000   Number         0  stm32l1xx_dma.o ABSOLUTE
    ..\\..\\BSP\\ST\\STM32L1xx\\src\\stm32l1xx_exti.c 0x00000000   Number         0  stm32l1xx_exti.o ABSOLUTE
    ..\\..\\BSP\\ST\\STM32L1xx\\src\\stm32l1xx_flash.c 0x00000000   Number         0  stm32l1xx_flash.o ABSOLUTE
    ..\\..\\BSP\\ST\\STM32L1xx\\src\\stm32l1xx_flash_ramfunc.c 0x00000000   Number         0  stm32l1xx_flash_ramfunc.o ABSOLUTE
    ..\\..\\BSP\\ST\\STM32L1xx\\src\\stm32l1xx_fsmc.c 0x00000000   Number         0  stm32l1xx_fsmc.o ABSOLUTE
    ..\\..\\BSP\\ST\\STM32L1xx\\src\\stm32l1xx_gpio.c 0x00000000   Number         0  stm32l1xx_gpio.o ABSOLUTE
    ..\\..\\BSP\\ST\\STM32L1xx\\src\\stm32l1xx_i2c.c 0x00000000   Number         0  stm32l1xx_i2c.o ABSOLUTE
    ..\\..\\BSP\\ST\\STM32L1xx\\src\\stm32l1xx_iwdg.c 0x00000000   Number         0  stm32l1xx_iwdg.o ABSOLUTE
    ..\\..\\BSP\\ST\\STM32L1xx\\src\\stm32l1xx_lcd.c 0x00000000   Number         0  stm32l1xx_lcd.o ABSOLUTE
    ..\\..\\BSP\\ST\\STM32L1xx\\src\\stm32l1xx_opamp.c 0x00000000   Number         0  stm32l1xx_opamp.o ABSOLUTE
    ..\\..\\BSP\\ST\\STM32L1xx\\src\\stm32l1xx_pwr.c 0x00000000   Number         0  stm32l1xx_pwr.o ABSOLUTE
    ..\\..\\BSP\\ST\\STM32L1xx\\src\\stm32l1xx_rcc.c 0x00000000   Number         0  stm32l1xx_rcc.o ABSOLUTE
    ..\\..\\BSP\\ST\\STM32L1xx\\src\\stm32l1xx_rtc.c 0x00000000   Number         0  stm32l1xx_rtc.o ABSOLUTE
    ..\\..\\BSP\\ST\\STM32L1xx\\src\\stm32l1xx_sdio.c 0x00000000   Number         0  stm32l1xx_sdio.o ABSOLUTE
    ..\\..\\BSP\\ST\\STM32L1xx\\src\\stm32l1xx_spi.c 0x00000000   Number         0  stm32l1xx_spi.o ABSOLUTE
    ..\\..\\BSP\\ST\\STM32L1xx\\src\\stm32l1xx_syscfg.c 0x00000000   Number         0  stm32l1xx_syscfg.o ABSOLUTE
    ..\\..\\BSP\\ST\\STM32L1xx\\src\\stm32l1xx_tim.c 0x00000000   Number         0  stm32l1xx_tim.o ABSOLUTE
    ..\\..\\BSP\\ST\\STM32L1xx\\src\\stm32l1xx_usart.c 0x00000000   Number         0  stm32l1xx_usart.o ABSOLUTE
    ..\\..\\BSP\\ST\\STM32L1xx\\src\\stm32l1xx_wwdg.c 0x00000000   Number         0  stm32l1xx_wwdg.o ABSOLUTE
    ..\\..\\BSP\\bsp.c                       0x00000000   Number         0  bsp.o ABSOLUTE
    ..\\..\\BSP\\bsp_int.c                   0x00000000   Number         0  bsp_int.o ABSOLUTE
    ..\\..\\BSP\\bsp_periph.c                0x00000000   Number         0  bsp_periph.o ABSOLUTE
    ..\\..\\BSP\\system_stm32l1xx.c          0x00000000   Number         0  system_stm32l1xx.o ABSOLUTE
    ..\\..\\BSP\\usart_1.c                   0x00000000   Number         0  usart_1.o ABSOLUTE
    ..\\app.c                                0x00000000   Number         0  app.o ABSOLUTE
    ..\\app_hooks.c                          0x00000000   Number         0  app_hooks.o ABSOLUTE
    ..\app.c                                 0x00000000   Number         0  app.o ABSOLUTE
    ..\app_hooks.c                           0x00000000   Number         0  app_hooks.o ABSOLUTE
    dc.s                                     0x00000000   Number         0  dc.o ABSOLUTE
    RESET                                    0x08000000   Section      292  cstartup.o(RESET)
    !!!main                                  0x08000124   Section        8  __main.o(!!!main)
    !!!scatter                               0x0800012c   Section       52  __scatter.o(!!!scatter)
    !!handler_copy                           0x08000160   Section       26  __scatter_copy.o(!!handler_copy)
    !!handler_zi                             0x0800017c   Section       28  __scatter_zi.o(!!handler_zi)
    .ARM.Collect$$libinit$$00000000          0x08000198   Section        6  libinit.o(.ARM.Collect$$libinit$$00000000)
    .ARM.Collect$$libinit$$00000006          0x0800019e   Section        0  libinit2.o(.ARM.Collect$$libinit$$00000006)
    .ARM.Collect$$libinit$$00000008          0x0800019e   Section        0  libinit2.o(.ARM.Collect$$libinit$$00000008)
    .ARM.Collect$$libinit$$0000000A          0x0800019e   Section        0  libinit2.o(.ARM.Collect$$libinit$$0000000A)
    .ARM.Collect$$libinit$$0000000D          0x0800019e   Section        0  libinit2.o(.ARM.Collect$$libinit$$0000000D)
    .ARM.Collect$$libinit$$0000000F          0x0800019e   Section        0  libinit2.o(.ARM.Collect$$libinit$$0000000F)
    .ARM.Collect$$libinit$$00000011          0x0800019e   Section        0  libinit2.o(.ARM.Collect$$libinit$$00000011)
    .ARM.Collect$$libinit$$00000013          0x0800019e   Section        0  libinit2.o(.ARM.Collect$$libinit$$00000013)
    .ARM.Collect$$libinit$$00000015          0x0800019e   Section        0  libinit2.o(.ARM.Collect$$libinit$$00000015)
    .ARM.Collect$$libinit$$00000017          0x0800019e   Section        0  libinit2.o(.ARM.Collect$$libinit$$00000017)
    .ARM.Collect$$libinit$$00000019          0x0800019e   Section        0  libinit2.o(.ARM.Collect$$libinit$$00000019)
    .ARM.Collect$$libinit$$0000001B          0x0800019e   Section        0  libinit2.o(.ARM.Collect$$libinit$$0000001B)
    .ARM.Collect$$libinit$$0000001D          0x0800019e   Section        0  libinit2.o(.ARM.Collect$$libinit$$0000001D)
    .ARM.Collect$$libinit$$0000001F          0x0800019e   Section        0  libinit2.o(.ARM.Collect$$libinit$$0000001F)
    .ARM.Collect$$libinit$$00000021          0x0800019e   Section        0  libinit2.o(.ARM.Collect$$libinit$$00000021)
    .ARM.Collect$$libinit$$00000028          0x0800019e   Section        0  libinit2.o(.ARM.Collect$$libinit$$00000028)
    .ARM.Collect$$libinit$$0000002A          0x0800019e   Section        0  libinit2.o(.ARM.Collect$$libinit$$0000002A)
    .ARM.Collect$$libinit$$0000002C          0x0800019e   Section        0  libinit2.o(.ARM.Collect$$libinit$$0000002C)
    .ARM.Collect$$libinit$$0000002E          0x0800019e   Section        0  libinit2.o(.ARM.Collect$$libinit$$0000002E)
    .ARM.Collect$$libinit$$0000002F          0x0800019e   Section        2  libinit2.o(.ARM.Collect$$libinit$$0000002F)
    .ARM.Collect$$libshutdown$$00000000      0x080001a0   Section        2  libshutdown.o(.ARM.Collect$$libshutdown$$00000000)
    .ARM.Collect$$libshutdown$$00000003      0x080001a2   Section        0  libshutdown2.o(.ARM.Collect$$libshutdown$$00000003)
    .ARM.Collect$$libshutdown$$00000006      0x080001a2   Section        0  libshutdown2.o(.ARM.Collect$$libshutdown$$00000006)
    .ARM.Collect$$libshutdown$$00000009      0x080001a2   Section        0  libshutdown2.o(.ARM.Collect$$libshutdown$$00000009)
    .ARM.Collect$$libshutdown$$0000000B      0x080001a2   Section        0  libshutdown2.o(.ARM.Collect$$libshutdown$$0000000B)
    .ARM.Collect$$libshutdown$$0000000E      0x080001a2   Section        0  libshutdown2.o(.ARM.Collect$$libshutdown$$0000000E)
    .ARM.Collect$$libshutdown$$0000000F      0x080001a2   Section        2  libshutdown2.o(.ARM.Collect$$libshutdown$$0000000F)
    .ARM.Collect$$rtentry$$00000000          0x080001a4   Section        0  rtentry.o(.ARM.Collect$$rtentry$$00000000)
    .ARM.Collect$$rtentry$$00000002          0x080001a4   Section        0  rtentry2.o(.ARM.Collect$$rtentry$$00000002)
    .ARM.Collect$$rtentry$$00000004          0x080001a4   Section        6  rtentry4.o(.ARM.Collect$$rtentry$$00000004)
    .ARM.Collect$$rtentry$$00000009          0x080001aa   Section        0  rtentry2.o(.ARM.Collect$$rtentry$$00000009)
    .ARM.Collect$$rtentry$$0000000A          0x080001aa   Section        4  rtentry2.o(.ARM.Collect$$rtentry$$0000000A)
    .ARM.Collect$$rtentry$$0000000C          0x080001ae   Section        0  rtentry2.o(.ARM.Collect$$rtentry$$0000000C)
    .ARM.Collect$$rtentry$$0000000D          0x080001ae   Section        8  rtentry2.o(.ARM.Collect$$rtentry$$0000000D)
    .ARM.Collect$$rtexit$$00000000           0x080001b6   Section        2  rtexit.o(.ARM.Collect$$rtexit$$00000000)
    .ARM.Collect$$rtexit$$00000002           0x080001b8   Section        0  rtexit2.o(.ARM.Collect$$rtexit$$00000002)
    .ARM.Collect$$rtexit$$00000003           0x080001b8   Section        4  rtexit2.o(.ARM.Collect$$rtexit$$00000003)
    .ARM.Collect$$rtexit$$00000004           0x080001bc   Section        6  rtexit2.o(.ARM.Collect$$rtexit$$00000004)
    .text                                    0x080001c4   Section        0  app.o(.text)
    SpiTask                                  0x080002f3   Thumb Code    54  app.o(.text)
    UsartTask                                0x08000329   Thumb Code    30  app.o(.text)
    AppTaskCreate                            0x08000347   Thumb Code     2  app.o(.text)
    AppEventCreate                           0x08000349   Thumb Code     2  app.o(.text)
    AppTaskStart                             0x0800034b   Thumb Code   102  app.o(.text)
    .text                                    0x08000544   Section        0  app_hooks.o(.text)
    .text                                    0x08000554   Section        0  system_stm32l1xx.o(.text)
    SetSysClockToHSI                         0x08000555   Thumb Code   184  system_stm32l1xx.o(.text)
    SetSysClock                              0x0800060d   Thumb Code     8  system_stm32l1xx.o(.text)
    .text                                    0x0800076c   Section        0  bsp.o(.text)
    BSP_LED_Init                             0x0800076d   Thumb Code    46  bsp.o(.text)
    .text                                    0x08000940   Section        0  bsp_int.o(.text)
    BSP_IntHandlerDummy                      0x080009d9   Thumb Code     2  bsp_int.o(.text)
    BSP_IntHandler                           0x08000a4b   Thumb Code    74  bsp_int.o(.text)
    .text                                    0x08000ce0   Section        0  bsp_periph.o(.text)
    .text                                    0x08001030   Section       56  cstartup.o(.text)
    .text                                    0x08001068   Section        0  usart_1.o(.text)
    .text                                    0x080012b0   Section        0  cpu_core.o(.text)
    CPU_NameInit                             0x080012db   Thumb Code     8  cpu_core.o(.text)
    CPU_TS_Init                              0x080012e3   Thumb Code    14  cpu_core.o(.text)
    .text                                    0x080015c0   Section       52  cpu_a.o(.text)
    .text                                    0x080015f4   Section        0  cpu_c.o(.text)
    .text                                    0x08001d70   Section        0  lib_ascii.o(.text)
    .text                                    0x08001fc8   Section        0  lib_math.o(.text)
    .text                                    0x08002048   Section        0  lib_mem.o(.text)
    Mem_SegAlloc                             0x0800227f   Thumb Code    80  lib_mem.o(.text)
    Mem_SegCalcTotSize                       0x080022cf   Thumb Code   164  lib_mem.o(.text)
    Mem_PoolBlkIsValidAddr                   0x08002c05   Thumb Code   102  lib_mem.o(.text)
    .text                                    0x08002efc   Section        0  lib_str.o(.text)
    Str_FmtNbr_Int32                         0x080033b5   Thumb Code   474  lib_str.o(.text)
    Str_ParseNbr_Int32                       0x080035fb   Thumb Code   446  lib_str.o(.text)
    .text                                    0x08003824   Section      544  lib_mem_a.o(.text)
    .text                                    0x08003a44   Section      176  os_cpu_a.o(.text)
    .text                                    0x08003af4   Section        0  os_cpu_c.o(.text)
    .text                                    0x08003c5c   Section        0  os_dbg.o(.text)
    .text                                    0x08003d74   Section        0  os_core.o(.text)
    OS_InitTaskIdle                          0x08003e61   Thumb Code    52  os_core.o(.text)
    OS_InitEventList                         0x08003ea7   Thumb Code    82  os_core.o(.text)
    OS_InitTCBList                           0x08003ef9   Thumb Code   104  os_core.o(.text)
    OS_InitRdyList                           0x08003f61   Thumb Code    44  os_core.o(.text)
    OS_InitMisc                              0x08003f8d   Thumb Code    36  os_core.o(.text)
    OS_SchedNew                              0x08003ffd   Thumb Code    26  os_core.o(.text)
    .text                                    0x080045d8   Section        0  os_flag.o(.text)
    OS_FlagTaskRdy                           0x0800475f   Thumb Code    98  os_flag.o(.text)
    OS_FlagBlock                             0x0800492b   Thumb Code   168  os_flag.o(.text)
    .text                                    0x08004e40   Section        0  os_mem.o(.text)
    .text                                    0x08005024   Section        0  os_q.o(.text)
    .text                                    0x0800561c   Section        0  os_task.o(.text)
    .text                                    0x08005e44   Section        0  os_time.o(.text)
    .text                                    0x08006004   Section        0  misc.o(.text)
    .text                                    0x080060e8   Section        0  stm32l1xx_gpio.o(.text)
    .text                                    0x08006314   Section        0  stm32l1xx_rcc.o(.text)
    .text                                    0x080067a0   Section        0  stm32l1xx_spi.o(.text)
    .text                                    0x08006aa4   Section        0  stm32l1xx_usart.o(.text)
    .text                                    0x08006ea4   Section      238  lludivv7m.o(.text)
    .text                                    0x08006f92   Section       38  llushr.o(.text)
    .text                                    0x08006fb8   Section        0  heapauxi.o(.text)
    .text                                    0x08006fbe   Section       74  sys_stackheap_outer.o(.text)
    .text                                    0x08007008   Section        0  exit.o(.text)
    .text                                    0x08007014   Section        8  libspace.o(.text)
    .text                                    0x0800701c   Section        0  sys_exit.o(.text)
    .text                                    0x08007028   Section        8  rt_fp_status_addr_intlibspace.o(.text)
    .text                                    0x08007030   Section        2  use_no_semi.o(.text)
    .text                                    0x08007032   Section        0  indicate_semi.o(.text)
    x$fpl$fpinit                             0x08007032   Section       14  fpinit.o(x$fpl$fpinit)
    .constdata                               0x08007040   Section      256  cpu_core.o(.constdata)
    CPU_CntLeadZerosTbl                      0x08007040   Data         256  cpu_core.o(.constdata)
    .constdata                               0x08007140   Section      148  lib_str.o(.constdata)
    Str_MultOvfThTbl_Int32U                  0x08007140   Data         148  lib_str.o(.constdata)
    .constdata                               0x080071d4   Section      114  os_dbg.o(.constdata)
    .constdata                               0x08007246   Section      256  os_core.o(.constdata)
    .data                                    0x20000000   Section       36  system_stm32l1xx.o(.data)
    .data                                    0x20000024   Section        4  cpu_core.o(.data)
    .data                                    0x20000028   Section        4  lib_math.o(.data)
    .data                                    0x2000002c   Section        4  lib_mem.o(.data)
    .data                                    0x20000030   Section        4  os_cpu_c.o(.data)
    .data                                    0x20000034   Section       64  os_core.o(.data)
    .data                                    0x20000074   Section       25  stm32l1xx_rcc.o(.data)
    PLLMulTable                              0x20000074   Data           9  stm32l1xx_rcc.o(.data)
    APBAHBPrescTable                         0x2000007d   Data          16  stm32l1xx_rcc.o(.data)
    .bss                                     0x20000090   Section     1536  app.o(.bss)
    AppTaskStartStk                          0x20000090   Data         512  app.o(.bss)
    AppTaskUsartStk                          0x20000290   Data         512  app.o(.bss)
    AppTaskSpiStk                            0x20000490   Data         512  app.o(.bss)
    .bss                                     0x20000690   Section      228  bsp_int.o(.bss)
    BSP_IntVectTbl                           0x20000690   Data         228  bsp_int.o(.bss)
    .bss                                     0x20000774   Section       16  cpu_core.o(.bss)
    .bss                                     0x20000784   Section     2120  lib_mem.o(.bss)
    .bss                                     0x20000fcc   Section      512  os_cpu_c.o(.bss)
    .bss                                     0x200011cc   Section     1984  os_core.o(.bss)
    .bss                                     0x2000198c   Section       96  libspace.o(.bss)
    HEAP                                     0x200019f0   Section        0  cstartup.o(HEAP)
    STACK                                    0x200019f0   Section      512  cstartup.o(STACK)
    Heap_Mem                                 0x200019f0   Data           0  cstartup.o(HEAP)
    Stack_Mem                                0x200019f0   Data         512  cstartup.o(STACK)
    __initial_sp                             0x20001bf0   Data           0  cstartup.o(STACK)

    Global Symbols

    Symbol Name                              Value     Ov Type        Size  Object(Section)

    BuildAttributes$$THM_ISAv4$P$D$K$B$S$PE$A:L22UL41UL21$X:L11$S22US41US21$IEEE1$IW$USESV6$~STKCKD$USESV7$~SHL$OSPACE$ROPI$EBA8$UX$STANDARDLIB$REQ8$PRES8$EABIv2 0x00000000   Number         0  anon$$obj.o ABSOLUTE
    __ARM_use_no_argv                        0x00000000   Number         0  app.o ABSOLUTE
    __ARM_exceptions_init                     - Undefined Weak Reference
    __alloca_initialize                       - Undefined Weak Reference
    __cpp_initialize__aeabi_                  - Undefined Weak Reference
    __cxa_finalize                            - Undefined Weak Reference
    __rt_locale                               - Undefined Weak Reference
    __sigvec_lookup                           - Undefined Weak Reference
    _atexit_init                              - Undefined Weak Reference
    _call_atexit_fns                          - Undefined Weak Reference
    _clock_init                               - Undefined Weak Reference
    _fp_trap_init                             - Undefined Weak Reference
    _fp_trap_shutdown                         - Undefined Weak Reference
    _get_lc_collate                           - Undefined Weak Reference
    _get_lc_ctype                             - Undefined Weak Reference
    _get_lc_monetary                          - Undefined Weak Reference
    _get_lc_numeric                           - Undefined Weak Reference
    _get_lc_time                              - Undefined Weak Reference
    _getenv_init                              - Undefined Weak Reference
    _handle_redirection                       - Undefined Weak Reference
    _init_alloc                               - Undefined Weak Reference
    _init_user_alloc                          - Undefined Weak Reference
    _initio                                   - Undefined Weak Reference
    _rand_init                                - Undefined Weak Reference
    _signal_finish                            - Undefined Weak Reference
    _signal_init                              - Undefined Weak Reference
    _terminate_alloc                          - Undefined Weak Reference
    _terminate_user_alloc                     - Undefined Weak Reference
    _terminateio                              - Undefined Weak Reference
    __Vectors                                0x08000000   Data           4  cstartup.o(RESET)
    __main                                   0x08000125   Thumb Code     8  __main.o(!!!main)
    __scatterload                            0x0800012d   Thumb Code     0  __scatter.o(!!!scatter)
    __scatterload_rt2                        0x0800012d   Thumb Code    44  __scatter.o(!!!scatter)
    __scatterload_rt2_thumb_only             0x0800012d   Thumb Code     0  __scatter.o(!!!scatter)
    __scatterload_null                       0x0800013b   Thumb Code     0  __scatter.o(!!!scatter)
    __scatterload_copy                       0x08000161   Thumb Code    26  __scatter_copy.o(!!handler_copy)
    __scatterload_zeroinit                   0x0800017d   Thumb Code    28  __scatter_zi.o(!!handler_zi)
    __rt_lib_init                            0x08000199   Thumb Code     0  libinit.o(.ARM.Collect$$libinit$$00000000)
    __rt_lib_init_alloca_1                   0x0800019f   Thumb Code     0  libinit2.o(.ARM.Collect$$libinit$$0000002A)
    __rt_lib_init_argv_1                     0x0800019f   Thumb Code     0  libinit2.o(.ARM.Collect$$libinit$$00000028)
    __rt_lib_init_atexit_1                   0x0800019f   Thumb Code     0  libinit2.o(.ARM.Collect$$libinit$$00000017)
    __rt_lib_init_clock_1                    0x0800019f   Thumb Code     0  libinit2.o(.ARM.Collect$$libinit$$0000001D)
    __rt_lib_init_cpp_1                      0x0800019f   Thumb Code     0  libinit2.o(.ARM.Collect$$libinit$$0000002E)
    __rt_lib_init_exceptions_1               0x0800019f   Thumb Code     0  libinit2.o(.ARM.Collect$$libinit$$0000002C)
    __rt_lib_init_fp_trap_1                  0x0800019f   Thumb Code     0  libinit2.o(.ARM.Collect$$libinit$$0000001B)
    __rt_lib_init_getenv_1                   0x0800019f   Thumb Code     0  libinit2.o(.ARM.Collect$$libinit$$0000001F)
    __rt_lib_init_heap_1                     0x0800019f   Thumb Code     0  libinit2.o(.ARM.Collect$$libinit$$00000006)
    __rt_lib_init_lc_collate_1               0x0800019f   Thumb Code     0  libinit2.o(.ARM.Collect$$libinit$$0000000D)
    __rt_lib_init_lc_ctype_1                 0x0800019f   Thumb Code     0  libinit2.o(.ARM.Collect$$libinit$$0000000F)
    __rt_lib_init_lc_monetary_1              0x0800019f   Thumb Code     0  libinit2.o(.ARM.Collect$$libinit$$00000011)
    __rt_lib_init_lc_numeric_1               0x0800019f   Thumb Code     0  libinit2.o(.ARM.Collect$$libinit$$00000013)
    __rt_lib_init_lc_time_1                  0x0800019f   Thumb Code     0  libinit2.o(.ARM.Collect$$libinit$$00000015)
    __rt_lib_init_rand_1                     0x0800019f   Thumb Code     0  libinit2.o(.ARM.Collect$$libinit$$0000000A)
    __rt_lib_init_return                     0x0800019f   Thumb Code     0  libinit2.o(.ARM.Collect$$libinit$$0000002F)
    __rt_lib_init_signal_1                   0x0800019f   Thumb Code     0  libinit2.o(.ARM.Collect$$libinit$$00000019)
    __rt_lib_init_stdio_1                    0x0800019f   Thumb Code     0  libinit2.o(.ARM.Collect$$libinit$$00000021)
    __rt_lib_init_user_alloc_1               0x0800019f   Thumb Code     0  libinit2.o(.ARM.Collect$$libinit$$00000008)
    __rt_lib_shutdown                        0x080001a1   Thumb Code     0  libshutdown.o(.ARM.Collect$$libshutdown$$00000000)
    __rt_lib_shutdown_fp_trap_1              0x080001a3   Thumb Code     0  libshutdown2.o(.ARM.Collect$$libshutdown$$00000006)
    __rt_lib_shutdown_heap_1                 0x080001a3   Thumb Code     0  libshutdown2.o(.ARM.Collect$$libshutdown$$0000000E)
    __rt_lib_shutdown_return                 0x080001a3   Thumb Code     0  libshutdown2.o(.ARM.Collect$$libshutdown$$0000000F)
    __rt_lib_shutdown_signal_1               0x080001a3   Thumb Code     0  libshutdown2.o(.ARM.Collect$$libshutdown$$00000009)
    __rt_lib_shutdown_stdio_1                0x080001a3   Thumb Code     0  libshutdown2.o(.ARM.Collect$$libshutdown$$00000003)
    __rt_lib_shutdown_user_alloc_1           0x080001a3   Thumb Code     0  libshutdown2.o(.ARM.Collect$$libshutdown$$0000000B)
    __rt_entry                               0x080001a5   Thumb Code     0  rtentry.o(.ARM.Collect$$rtentry$$00000000)
    __rt_entry_presh_1                       0x080001a5   Thumb Code     0  rtentry2.o(.ARM.Collect$$rtentry$$00000002)
    __rt_entry_sh                            0x080001a5   Thumb Code     0  rtentry4.o(.ARM.Collect$$rtentry$$00000004)
    __rt_entry_li                            0x080001ab   Thumb Code     0  rtentry2.o(.ARM.Collect$$rtentry$$0000000A)
    __rt_entry_postsh_1                      0x080001ab   Thumb Code     0  rtentry2.o(.ARM.Collect$$rtentry$$00000009)
    __rt_entry_main                          0x080001af   Thumb Code     0  rtentry2.o(.ARM.Collect$$rtentry$$0000000D)
    __rt_entry_postli_1                      0x080001af   Thumb Code     0  rtentry2.o(.ARM.Collect$$rtentry$$0000000C)
    __rt_exit                                0x080001b7   Thumb Code     0  rtexit.o(.ARM.Collect$$rtexit$$00000000)
    __rt_exit_ls                             0x080001b9   Thumb Code     0  rtexit2.o(.ARM.Collect$$rtexit$$00000003)
    __rt_exit_prels_1                        0x080001b9   Thumb Code     0  rtexit2.o(.ARM.Collect$$rtexit$$00000002)
    __rt_exit_exit                           0x080001bd   Thumb Code     0  rtexit2.o(.ARM.Collect$$rtexit$$00000004)
    SD_WriteByte                             0x080001c5   Thumb Code    50  app.o(.text)
    SPI_IO_Init                              0x080001f7   Thumb Code   252  app.o(.text)
    main                                     0x080003b1   Thumb Code   140  app.o(.text)
    SD_ReadByte                              0x0800043d   Thumb Code    52  app.o(.text)
    App_TaskCreateHook                       0x08000545   Thumb Code     2  app_hooks.o(.text)
    App_TaskDelHook                          0x08000547   Thumb Code     2  app_hooks.o(.text)
    App_TaskIdleHook                         0x08000549   Thumb Code     2  app_hooks.o(.text)
    App_TaskStatHook                         0x0800054b   Thumb Code     2  app_hooks.o(.text)
    App_TaskReturnHook                       0x0800054d   Thumb Code     2  app_hooks.o(.text)
    App_TaskSwHook                           0x0800054f   Thumb Code     2  app_hooks.o(.text)
    App_TCBInitHook                          0x08000551   Thumb Code     2  app_hooks.o(.text)
    App_TimeTickHook                         0x08000553   Thumb Code     2  app_hooks.o(.text)
    SystemInit                               0x08000615   Thumb Code    80  system_stm32l1xx.o(.text)
    SystemCoreClockUpdate                    0x08000665   Thumb Code   220  system_stm32l1xx.o(.text)
    BSP_Init                                 0x0800079b   Thumb Code    20  bsp.o(.text)
    BSP_CPU_ClkFreq                          0x080007af   Thumb Code    14  bsp.o(.text)
    BSP_LED_Off                              0x080007bd   Thumb Code    62  bsp.o(.text)
    BSP_LED_On                               0x080007fb   Thumb Code    62  bsp.o(.text)
    BSP_LED_Toggle                           0x08000839   Thumb Code   140  bsp.o(.text)
    CPU_TS_TmrInit                           0x080008c5   Thumb Code    44  bsp.o(.text)
    CPU_TS_TmrRd                             0x080008f1   Thumb Code     6  bsp.o(.text)
    CPU_TS32_to_uSec                         0x080008f7   Thumb Code    54  bsp.o(.text)
    BSP_IntClr                               0x08000941   Thumb Code     2  bsp_int.o(.text)
    BSP_IntDis                               0x08000943   Thumb Code    20  bsp_int.o(.text)
    BSP_IntDisAll                            0x08000957   Thumb Code     8  bsp_int.o(.text)
    BSP_IntEn                                0x0800095f   Thumb Code    20  bsp_int.o(.text)
    BSP_IntVectSet                           0x08000973   Thumb Code    48  bsp_int.o(.text)
    BSP_IntPrioSet                           0x080009a3   Thumb Code    54  bsp_int.o(.text)
    BSP_IntInit                              0x080009db   Thumb Code    22  bsp_int.o(.text)
    USART3_ISR                               0x080009f1   Thumb Code    42  bsp_int.o(.text)
    USART1_ISR                               0x08000a1b   Thumb Code    48  bsp_int.o(.text)
    BSP_IntHandlerWWDG                       0x08000a95   Thumb Code    10  bsp_int.o(.text)
    BSP_IntHandlerPVD                        0x08000a9f   Thumb Code    10  bsp_int.o(.text)
    BSP_IntHandlerTAMP_STAMP                 0x08000aa9   Thumb Code    10  bsp_int.o(.text)
    BSP_IntHandlerRTC_WKUP                   0x08000ab3   Thumb Code    10  bsp_int.o(.text)
    BSP_IntHandlerFLASH                      0x08000abd   Thumb Code    10  bsp_int.o(.text)
    BSP_IntHandlerRCC                        0x08000ac7   Thumb Code    10  bsp_int.o(.text)
    BSP_IntHandlerEXTI0                      0x08000ad1   Thumb Code    10  bsp_int.o(.text)
    BSP_IntHandlerEXTI1                      0x08000adb   Thumb Code    10  bsp_int.o(.text)
    BSP_IntHandlerEXTI2                      0x08000ae5   Thumb Code    10  bsp_int.o(.text)
    BSP_IntHandlerEXTI3                      0x08000aef   Thumb Code    10  bsp_int.o(.text)
    BSP_IntHandlerEXTI4                      0x08000af9   Thumb Code    10  bsp_int.o(.text)
    BSP_IntHandlerDMA1_CH1                   0x08000b03   Thumb Code    10  bsp_int.o(.text)
    BSP_IntHandlerDMA1_CH2                   0x08000b0d   Thumb Code    10  bsp_int.o(.text)
    BSP_IntHandlerDMA1_CH3                   0x08000b17   Thumb Code    10  bsp_int.o(.text)
    BSP_IntHandlerDMA1_CH4                   0x08000b21   Thumb Code    10  bsp_int.o(.text)
    BSP_IntHandlerDMA1_CH5                   0x08000b2b   Thumb Code    10  bsp_int.o(.text)
    BSP_IntHandlerDMA1_CH6                   0x08000b35   Thumb Code    10  bsp_int.o(.text)
    BSP_IntHandlerDMA1_CH7                   0x08000b3f   Thumb Code    10  bsp_int.o(.text)
    BSP_IntHandlerADC1                       0x08000b49   Thumb Code    10  bsp_int.o(.text)
    BSP_IntHandlerUSB_HP                     0x08000b53   Thumb Code    10  bsp_int.o(.text)
    BSP_IntHandlerUSB_LP                     0x08000b5d   Thumb Code    10  bsp_int.o(.text)
    BSP_IntHandlerDAC                        0x08000b67   Thumb Code    10  bsp_int.o(.text)
    BSP_IntHandlerCOMP                       0x08000b71   Thumb Code    10  bsp_int.o(.text)
    BSP_IntHandlerEXTI9_5                    0x08000b7b   Thumb Code    10  bsp_int.o(.text)
    BSP_IntHandlerLCD                        0x08000b85   Thumb Code    10  bsp_int.o(.text)
    BSP_IntHandlerTIM9                       0x08000b8f   Thumb Code    10  bsp_int.o(.text)
    BSP_IntHandlerTIM10                      0x08000b99   Thumb Code    10  bsp_int.o(.text)
    BSP_IntHandlerTIM11                      0x08000ba3   Thumb Code    10  bsp_int.o(.text)
    BSP_IntHandlerTIM2                       0x08000bad   Thumb Code    10  bsp_int.o(.text)
    BSP_IntHandlerTIM3                       0x08000bb7   Thumb Code    10  bsp_int.o(.text)
    BSP_IntHandlerTIM4                       0x08000bc1   Thumb Code    10  bsp_int.o(.text)
    BSP_IntHandlerI2C1_EV                    0x08000bcb   Thumb Code    10  bsp_int.o(.text)
    BSP_IntHandlerI2C1_ER                    0x08000bd5   Thumb Code    10  bsp_int.o(.text)
    BSP_IntHandlerI2C2_EV                    0x08000bdf   Thumb Code    10  bsp_int.o(.text)
    BSP_IntHandlerI2C2_ER                    0x08000be9   Thumb Code    10  bsp_int.o(.text)
    BSP_IntHandlerSPI1                       0x08000bf3   Thumb Code    10  bsp_int.o(.text)
    BSP_IntHandlerSPI2                       0x08000bfd   Thumb Code    10  bsp_int.o(.text)
    BSP_IntHandlerUSART1                     0x08000c07   Thumb Code    10  bsp_int.o(.text)
    BSP_IntHandlerUSART2                     0x08000c11   Thumb Code    10  bsp_int.o(.text)
    BSP_IntHandlerUSART3                     0x08000c1b   Thumb Code    10  bsp_int.o(.text)
    BSP_IntHandlerEXTI15_10                  0x08000c25   Thumb Code    10  bsp_int.o(.text)
    BSP_IntHandlerRTCAlarm                   0x08000c2f   Thumb Code    10  bsp_int.o(.text)
    BSP_IntHandlerUSB_FS_WKUP                0x08000c39   Thumb Code    10  bsp_int.o(.text)
    BSP_IntHandlerTIM6                       0x08000c43   Thumb Code    10  bsp_int.o(.text)
    BSP_IntHandlerTIM7                       0x08000c4d   Thumb Code    10  bsp_int.o(.text)
    BSP_IntHandlerSDIO                       0x08000c57   Thumb Code    10  bsp_int.o(.text)
    BSP_IntHandlerTIM5                       0x08000c61   Thumb Code    10  bsp_int.o(.text)
    BSP_IntHandlerSPI3                       0x08000c6b   Thumb Code    10  bsp_int.o(.text)
    BSP_IntHandlerUART4                      0x08000c75   Thumb Code    10  bsp_int.o(.text)
    BSP_IntHandlerUART5                      0x08000c7f   Thumb Code    10  bsp_int.o(.text)
    BSP_IntHandlerDMA2_CH1                   0x08000c89   Thumb Code    10  bsp_int.o(.text)
    BSP_IntHandlerDMA2_CH2                   0x08000c93   Thumb Code    10  bsp_int.o(.text)
    BSP_IntHandlerDMA2_CH3                   0x08000c9d   Thumb Code    10  bsp_int.o(.text)
    BSP_IntHandlerDMA2_CH4                   0x08000ca7   Thumb Code    10  bsp_int.o(.text)
    BSP_IntHandlerDMA2_CH5                   0x08000cb1   Thumb Code    10  bsp_int.o(.text)
    BSP_IntHandlerAES                        0x08000cbb   Thumb Code    10  bsp_int.o(.text)
    BSP_IntHandlerCOMP_ACQ                   0x08000cc5   Thumb Code    10  bsp_int.o(.text)
    BSP_PeriphClkFreqGet                     0x08000ce1   Thumb Code   284  bsp_periph.o(.text)
    BSP_PeriphEn                             0x08000dfd   Thumb Code   280  bsp_periph.o(.text)
    BSP_PeriphDis                            0x08000f15   Thumb Code   280  bsp_periph.o(.text)
    Reset_Handler                            0x08001031   Thumb Code     8  cstartup.o(.text)
    App_NMI_ISR                              0x08001039   Thumb Code     2  cstartup.o(.text)
    App_Fault_ISR                            0x0800103b   Thumb Code     2  cstartup.o(.text)
    App_MemFault_ISR                         0x0800103d   Thumb Code     2  cstartup.o(.text)
    App_BusFault_ISR                         0x0800103f   Thumb Code     2  cstartup.o(.text)
    App_UsageFault_ISR                       0x08001041   Thumb Code     2  cstartup.o(.text)
    App_Spurious_ISR                         0x08001043   Thumb Code     2  cstartup.o(.text)
    App_Reserved_ISR                         0x08001045   Thumb Code     2  cstartup.o(.text)
    __user_initial_stackheap                 0x08001049   Thumb Code     0  cstartup.o(.text)
    usart1_usart_config                      0x08001069   Thumb Code    72  usart_1.o(.text)
    usart1_gpio_config                       0x080010b1   Thumb Code    76  usart_1.o(.text)
    usart1_rcc_config                        0x080010fd   Thumb Code    20  usart_1.o(.text)
    usart1_init                              0x08001111   Thumb Code    16  usart_1.o(.text)
    usart3_init                              0x08001121   Thumb Code   172  usart_1.o(.text)
    usart1_delay                             0x080011cd   Thumb Code    10  usart_1.o(.text)
    usart1_sendbyte                          0x080011d7   Thumb Code    38  usart_1.o(.text)
    usart1_sendstring                        0x080011fd   Thumb Code    24  usart_1.o(.text)
    usart3_sendbyte                          0x08001215   Thumb Code    22  usart_1.o(.text)
    usart3_sendstring                        0x0800122b   Thumb Code    22  usart_1.o(.text)
    NVIC_Config                              0x08001241   Thumb Code    96  usart_1.o(.text)
    CPU_NameClr                              0x080012b1   Thumb Code    42  cpu_core.o(.text)
    CPU_Init                                 0x080012f1   Thumb Code    12  cpu_core.o(.text)
    CPU_SW_Exception                         0x080012fd   Thumb Code     4  cpu_core.o(.text)
    CPU_NameGet                              0x08001301   Thumb Code    70  cpu_core.o(.text)
    CPU_NameSet                              0x08001347   Thumb Code    96  cpu_core.o(.text)
    CPU_TS_Get32                             0x080013a7   Thumb Code    12  cpu_core.o(.text)
    CPU_TS_Update                            0x080013b3   Thumb Code     2  cpu_core.o(.text)
    CPU_TS_TmrFreqGet                        0x080013b5   Thumb Code    28  cpu_core.o(.text)
    CPU_TS_TmrFreqSet                        0x080013d1   Thumb Code     6  cpu_core.o(.text)
    CPU_CntLeadZeros08                       0x080013d7   Thumb Code    18  cpu_core.o(.text)
    CPU_CntLeadZeros16                       0x080013e9   Thumb Code    18  cpu_core.o(.text)
    CPU_CntLeadZeros32                       0x080013fb   Thumb Code    18  cpu_core.o(.text)
    CPU_CntLeadZeros64                       0x0800140d   Thumb Code   290  cpu_core.o(.text)
    CPU_CntTrailZeros08                      0x0800152f   Thumb Code    22  cpu_core.o(.text)
    CPU_CntTrailZeros16                      0x08001545   Thumb Code    22  cpu_core.o(.text)
    CPU_CntTrailZeros32                      0x0800155b   Thumb Code    22  cpu_core.o(.text)
    CPU_CntTrailZeros64                      0x08001571   Thumb Code    66  cpu_core.o(.text)
    CPU_IntDis                               0x080015c1   Thumb Code     0  cpu_a.o(.text)
    CPU_IntEn                                0x080015c5   Thumb Code     0  cpu_a.o(.text)
    CPU_SR_Save                              0x080015c9   Thumb Code     0  cpu_a.o(.text)
    CPU_SR_Restore                           0x080015d1   Thumb Code     0  cpu_a.o(.text)
    CPU_WaitForInt                           0x080015d7   Thumb Code     0  cpu_a.o(.text)
    CPU_WaitForExcept                        0x080015db   Thumb Code     0  cpu_a.o(.text)
    CPU_CntLeadZeros                         0x080015df   Thumb Code     0  cpu_a.o(.text)
    CPU_CntTrailZeros                        0x080015e5   Thumb Code     0  cpu_a.o(.text)
    CPU_RevBits                              0x080015ef   Thumb Code     0  cpu_a.o(.text)
    CPU_BitBandClr                           0x080015f5   Thumb Code    58  cpu_c.o(.text)
    CPU_BitBandSet                           0x0800162f   Thumb Code    58  cpu_c.o(.text)
    CPU_IntSrcDis                            0x08001669   Thumb Code   330  cpu_c.o(.text)
    CPU_IntSrcEn                             0x080017b3   Thumb Code   330  cpu_c.o(.text)
    CPU_IntSrcPendClr                        0x080018fd   Thumb Code   166  cpu_c.o(.text)
    CPU_IntSrcPrioSet                        0x080019a3   Thumb Code   514  cpu_c.o(.text)
    CPU_IntSrcPrioGet                        0x08001ba5   Thumb Code   446  cpu_c.o(.text)
    ASCII_IsAlpha                            0x08001d71   Thumb Code    48  lib_ascii.o(.text)
    ASCII_IsAlphaNum                         0x08001da1   Thumb Code    76  lib_ascii.o(.text)
    ASCII_IsLower                            0x08001ded   Thumb Code    20  lib_ascii.o(.text)
    ASCII_IsUpper                            0x08001e01   Thumb Code    20  lib_ascii.o(.text)
    ASCII_IsDig                              0x08001e15   Thumb Code    20  lib_ascii.o(.text)
    ASCII_IsDigOct                           0x08001e29   Thumb Code    20  lib_ascii.o(.text)
    ASCII_IsDigHex                           0x08001e3d   Thumb Code    36  lib_ascii.o(.text)
    ASCII_IsBlank                            0x08001e61   Thumb Code    20  lib_ascii.o(.text)
    ASCII_IsSpace                            0x08001e75   Thumb Code    36  lib_ascii.o(.text)
    ASCII_IsPrint                            0x08001e99   Thumb Code    20  lib_ascii.o(.text)
    ASCII_IsGraph                            0x08001ead   Thumb Code    20  lib_ascii.o(.text)
    ASCII_IsPunct                            0x08001ec1   Thumb Code   134  lib_ascii.o(.text)
    ASCII_IsCtrl                             0x08001f47   Thumb Code    26  lib_ascii.o(.text)
    ASCII_ToLower                            0x08001f61   Thumb Code    32  lib_ascii.o(.text)
    ASCII_ToUpper                            0x08001f81   Thumb Code    32  lib_ascii.o(.text)
    ASCII_Cmp                                0x08001fa1   Thumb Code    38  lib_ascii.o(.text)
    Math_RandSetSeed                         0x08001fc9   Thumb Code    40  lib_math.o(.text)
    Math_Init                                0x08001ff1   Thumb Code    10  lib_math.o(.text)
    Math_RandSeed                            0x08001ffb   Thumb Code    18  lib_math.o(.text)
    Math_Rand                                0x0800200d   Thumb Code    52  lib_math.o(.text)
    Mem_Init                                 0x08002049   Thumb Code    54  lib_mem.o(.text)
    Mem_Set                                  0x0800207f   Thumb Code    98  lib_mem.o(.text)
    Mem_Clr                                  0x080020e1   Thumb Code    18  lib_mem.o(.text)
    Mem_Move                                 0x080020f3   Thumb Code   204  lib_mem.o(.text)
    Mem_Cmp                                  0x080021bf   Thumb Code   192  lib_mem.o(.text)
    Mem_HeapAlloc                            0x08002373   Thumb Code   256  lib_mem.o(.text)
    Mem_SegGetSizeRem                        0x08002473   Thumb Code   198  lib_mem.o(.text)
    Mem_HeapGetSizeRem                       0x08002539   Thumb Code    22  lib_mem.o(.text)
    Mem_PoolClr                              0x0800254f   Thumb Code    78  lib_mem.o(.text)
    Mem_PoolCreate                           0x0800259d   Thumb Code  1076  lib_mem.o(.text)
    Mem_PoolBlkGetNbrAvail                   0x080029d1   Thumb Code   128  lib_mem.o(.text)
    Mem_PoolBlkGet                           0x08002a51   Thumb Code   224  lib_mem.o(.text)
    Mem_PoolBlkGetUsedAtIx                   0x08002b31   Thumb Code   212  lib_mem.o(.text)
    Mem_PoolBlkFree                          0x08002c6b   Thumb Code   338  lib_mem.o(.text)
    Mem_PoolBlkIxGet                         0x08002dbd   Thumb Code   314  lib_mem.o(.text)
    Str_Len_N                                0x08002efd   Thumb Code    28  lib_str.o(.text)
    Str_Len                                  0x08002f19   Thumb Code    20  lib_str.o(.text)
    Str_Copy_N                               0x08002f2d   Thumb Code    70  lib_str.o(.text)
    Str_Copy                                 0x08002f73   Thumb Code    24  lib_str.o(.text)
    Str_Cat_N                                0x08002f8b   Thumb Code    90  lib_str.o(.text)
    Str_Cat                                  0x08002fe5   Thumb Code    24  lib_str.o(.text)
    Str_Cmp_N                                0x08002ffd   Thumb Code   156  lib_str.o(.text)
    Str_Cmp                                  0x08003099   Thumb Code    24  lib_str.o(.text)
    Str_CmpIgnoreCase_N                      0x080030b1   Thumb Code   264  lib_str.o(.text)
    Str_CmpIgnoreCase                        0x080031b9   Thumb Code    24  lib_str.o(.text)
    Str_Char_N                               0x080031d1   Thumb Code    74  lib_str.o(.text)
    Str_Char                                 0x0800321b   Thumb Code    24  lib_str.o(.text)
    Str_Char_Last_N                          0x08003233   Thumb Code    76  lib_str.o(.text)
    Str_Char_Last                            0x0800327f   Thumb Code    24  lib_str.o(.text)
    Str_Char_Replace_N                       0x08003297   Thumb Code    52  lib_str.o(.text)
    Str_Char_Replace                         0x080032cb   Thumb Code    28  lib_str.o(.text)
    Str_Str_N                                0x080032e7   Thumb Code   182  lib_str.o(.text)
    Str_Str                                  0x0800339d   Thumb Code    24  lib_str.o(.text)
    Str_FmtNbr_Int32U                        0x0800358f   Thumb Code    46  lib_str.o(.text)
    Str_FmtNbr_Int32S                        0x080035bd   Thumb Code    62  lib_str.o(.text)
    Str_ParseNbr_Int32U                      0x080037b9   Thumb Code    30  lib_str.o(.text)
    Str_ParseNbr_Int32S                      0x080037d7   Thumb Code    74  lib_str.o(.text)
    Mem_Copy                                 0x08003825   Thumb Code     0  lib_mem_a.o(.text)
    OS_CPU_SR_Save                           0x08003a45   Thumb Code     0  os_cpu_a.o(.text)
    OS_CPU_SR_Restore                        0x08003a4d   Thumb Code     0  os_cpu_a.o(.text)
    OSStartHighRdy                           0x08003a53   Thumb Code     0  os_cpu_a.o(.text)
    OSCtxSw                                  0x08003a7b   Thumb Code     0  os_cpu_a.o(.text)
    OSIntCtxSw                               0x08003a85   Thumb Code     0  os_cpu_a.o(.text)
    OS_CPU_PendSVHandler                     0x08003a8f   Thumb Code     0  os_cpu_a.o(.text)
    OSInitHookBegin                          0x08003af5   Thumb Code    24  os_cpu_c.o(.text)
    OSInitHookEnd                            0x08003b0d   Thumb Code     2  os_cpu_c.o(.text)
    OSTaskCreateHook                         0x08003b0f   Thumb Code    12  os_cpu_c.o(.text)
    OSTaskDelHook                            0x08003b1b   Thumb Code    12  os_cpu_c.o(.text)
    OSTaskIdleHook                           0x08003b27   Thumb Code     8  os_cpu_c.o(.text)
    OSTaskReturnHook                         0x08003b2f   Thumb Code    12  os_cpu_c.o(.text)
    OSTaskStatHook                           0x08003b3b   Thumb Code     8  os_cpu_c.o(.text)
    OSTaskStkInit                            0x08003b43   Thumb Code   152  os_cpu_c.o(.text)
    OSTaskSwHook                             0x08003bdb   Thumb Code     8  os_cpu_c.o(.text)
    OSTCBInitHook                            0x08003be3   Thumb Code    12  os_cpu_c.o(.text)
    OSTimeTickHook                           0x08003bef   Thumb Code     8  os_cpu_c.o(.text)
    OS_CPU_SysTickHandler                    0x08003bf7   Thumb Code    34  os_cpu_c.o(.text)
    OS_CPU_SysTickInit                       0x08003c19   Thumb Code    42  os_cpu_c.o(.text)
    OSDebugInit                              0x08003c5d   Thumb Code    96  os_dbg.o(.text)
    OS_StrLen                                0x08003d75   Thumb Code    20  os_core.o(.text)
    OSEventNameGet                           0x08003d89   Thumb Code    98  os_core.o(.text)
    OSEventNameSet                           0x08003deb   Thumb Code    84  os_core.o(.text)
    OS_TaskIdle                              0x08003e3f   Thumb Code    34  os_core.o(.text)
    OS_MemClr                                0x08003e95   Thumb Code    18  os_core.o(.text)
    OSInit                                   0x08003fb1   Thumb Code    48  os_core.o(.text)
    OSIntEnter                               0x08003fe1   Thumb Code    28  os_core.o(.text)
    OSIntExit                                0x08004017   Thumb Code   112  os_core.o(.text)
    OSSchedLock                              0x08004087   Thumb Code    50  os_core.o(.text)
    OS_Sched                                 0x080040b9   Thumb Code    88  os_core.o(.text)
    OSSchedUnlock                            0x08004111   Thumb Code    82  os_core.o(.text)
    OSStart                                  0x08004163   Thumb Code   166  os_core.o(.text)
    OSTimeTick                               0x08004209   Thumb Code   218  os_core.o(.text)
    OSVersion                                0x080042e3   Thumb Code     6  os_core.o(.text)
    OS_Dummy                                 0x080042e9   Thumb Code     2  os_core.o(.text)
    OS_EventTaskRemove                       0x080042eb   Thumb Code    50  os_core.o(.text)
    OS_EventTaskRdy                          0x0800431d   Thumb Code   124  os_core.o(.text)
    OS_EventTaskWait                         0x08004399   Thumb Code   120  os_core.o(.text)
    OS_EventWaitListInit                     0x08004411   Thumb Code    28  os_core.o(.text)
    OS_MemCopy                               0x0800442d   Thumb Code    20  os_core.o(.text)
    OS_TaskStatStkChk                        0x08004441   Thumb Code    54  os_core.o(.text)
    OS_TCBInit                               0x08004477   Thumb Code   308  os_core.o(.text)
    OSFlagAccept                             0x080045d9   Thumb Code   268  os_flag.o(.text)
    OSFlagCreate                             0x080046e5   Thumb Code    86  os_flag.o(.text)
    OS_FlagUnlink                            0x0800473b   Thumb Code    36  os_flag.o(.text)
    OSFlagDel                                0x080047c1   Thumb Code   216  os_flag.o(.text)
    OSFlagNameGet                            0x08004899   Thumb Code    80  os_flag.o(.text)
    OSFlagNameSet                            0x080048e9   Thumb Code    66  os_flag.o(.text)
    OSFlagPend                               0x080049d3   Thumb Code   636  os_flag.o(.text)
    OSFlagPendGetFlagsRdy                    0x08004c4f   Thumb Code    26  os_flag.o(.text)
    OSFlagPost                               0x08004c69   Thumb Code   332  os_flag.o(.text)
    OSFlagQuery                              0x08004db5   Thumb Code    48  os_flag.o(.text)
    OS_FlagInit                              0x08004de5   Thumb Code    78  os_flag.o(.text)
    OSMemCreate                              0x08004e41   Thumb Code   118  os_mem.o(.text)
    OSMemGet                                 0x08004eb7   Thumb Code    62  os_mem.o(.text)
    OSMemNameGet                             0x08004ef5   Thumb Code    60  os_mem.o(.text)
    OSMemNameSet                             0x08004f31   Thumb Code    48  os_mem.o(.text)
    OSMemPut                                 0x08004f61   Thumb Code    54  os_mem.o(.text)
    OSMemQuery                               0x08004f97   Thumb Code    52  os_mem.o(.text)
    OS_MemInit                               0x08004fcb   Thumb Code    74  os_mem.o(.text)
    OSQAccept                                0x08005025   Thumb Code    88  os_q.o(.text)
    OSQCreate                                0x0800507d   Thumb Code   144  os_q.o(.text)
    OSQDel                                   0x0800510d   Thumb Code   244  os_q.o(.text)
    OSQFlush                                 0x08005201   Thumb Code    36  os_q.o(.text)
    OSQPend                                  0x08005225   Thumb Code   272  os_q.o(.text)
    OSQPendAbort                             0x08005335   Thumb Code   128  os_q.o(.text)
    OSQPost                                  0x080053b5   Thumb Code   114  os_q.o(.text)
    OSQPostFront                             0x08005427   Thumb Code   140  os_q.o(.text)
    OSQPostOpt                               0x080054b3   Thumb Code   182  os_q.o(.text)
    OSQQuery                                 0x08005569   Thumb Code    98  os_q.o(.text)
    OS_QInit                                 0x080055cb   Thumb Code    72  os_q.o(.text)
    OSTaskChangePrio                         0x0800561d   Thumb Code   326  os_task.o(.text)
    OSTaskCreate                             0x08005763   Thumb Code   148  os_task.o(.text)
    OS_TaskStkClr                            0x080057f7   Thumb Code    26  os_task.o(.text)
    OSTaskCreateExt                          0x08005811   Thumb Code   170  os_task.o(.text)
    OSTaskDel                                0x080058bb   Thumb Code   302  os_task.o(.text)
    OSTaskDelReq                             0x080059e9   Thumb Code   146  os_task.o(.text)
    OSTaskNameGet                            0x08005a7b   Thumb Code   114  os_task.o(.text)
    OSTaskNameSet                            0x08005aed   Thumb Code    98  os_task.o(.text)
    OSTaskResume                             0x08005b4f   Thumb Code   160  os_task.o(.text)
    OSTaskStkChk                             0x08005bef   Thumb Code   128  os_task.o(.text)
    OSTaskSuspend                            0x08005c6f   Thumb Code   160  os_task.o(.text)
    OSTaskQuery                              0x08005d0f   Thumb Code    82  os_task.o(.text)
    OSTaskRegGet                             0x08005d61   Thumb Code    60  os_task.o(.text)
    OSTaskRegGetID                           0x08005d9d   Thumb Code    58  os_task.o(.text)
    OSTaskRegSet                             0x08005dd7   Thumb Code    62  os_task.o(.text)
    OS_TaskReturn                            0x08005e15   Thumb Code    48  os_task.o(.text)
    OSTimeDly                                0x08005e45   Thumb Code   108  os_time.o(.text)
    OSTimeDlyHMSM                            0x08005eb1   Thumb Code    86  os_time.o(.text)
    OSTimeDlyResume                          0x08005f07   Thumb Code   176  os_time.o(.text)
    OSTimeGet                                0x08005fb7   Thumb Code    24  os_time.o(.text)
    OSTimeSet                                0x08005fcf   Thumb Code    24  os_time.o(.text)
    NVIC_PriorityGroupConfig                 0x08006005   Thumb Code    10  misc.o(.text)
    NVIC_Init                                0x0800600f   Thumb Code   108  misc.o(.text)
    NVIC_SetVectorTable                      0x0800607b   Thumb Code    14  misc.o(.text)
    NVIC_SystemLPConfig                      0x08006089   Thumb Code    34  misc.o(.text)
    SysTick_CLKSourceConfig                  0x080060ab   Thumb Code    40  misc.o(.text)
    GPIO_DeInit                              0x080060e9   Thumb Code   196  stm32l1xx_gpio.o(.text)
    GPIO_Init                                0x080061ad   Thumb Code   144  stm32l1xx_gpio.o(.text)
    GPIO_StructInit                          0x0800623d   Thumb Code    18  stm32l1xx_gpio.o(.text)
    GPIO_PinLockConfig                       0x0800624f   Thumb Code    18  stm32l1xx_gpio.o(.text)
    GPIO_ReadInputDataBit                    0x08006261   Thumb Code    18  stm32l1xx_gpio.o(.text)
    GPIO_ReadInputData                       0x08006273   Thumb Code     6  stm32l1xx_gpio.o(.text)
    GPIO_ReadOutputDataBit                   0x08006279   Thumb Code    18  stm32l1xx_gpio.o(.text)
    GPIO_ReadOutputData                      0x0800628b   Thumb Code     6  stm32l1xx_gpio.o(.text)
    GPIO_SetBits                             0x08006291   Thumb Code     4  stm32l1xx_gpio.o(.text)
    GPIO_ResetBits                           0x08006295   Thumb Code     4  stm32l1xx_gpio.o(.text)
    GPIO_WriteBit                            0x08006299   Thumb Code    10  stm32l1xx_gpio.o(.text)
    GPIO_Write                               0x080062a3   Thumb Code     4  stm32l1xx_gpio.o(.text)
    GPIO_ToggleBits                          0x080062a7   Thumb Code     8  stm32l1xx_gpio.o(.text)
    GPIO_PinAFConfig                         0x080062af   Thumb Code    70  stm32l1xx_gpio.o(.text)
    RCC_DeInit                               0x08006315   Thumb Code    74  stm32l1xx_rcc.o(.text)
    RCC_HSEConfig                            0x0800635f   Thumb Code    14  stm32l1xx_rcc.o(.text)
    RCC_GetFlagStatus                        0x0800636d   Thumb Code    48  stm32l1xx_rcc.o(.text)
    RCC_WaitForHSEStartUp                    0x0800639d   Thumb Code    48  stm32l1xx_rcc.o(.text)
    RCC_AdjustMSICalibrationValue            0x080063cd   Thumb Code     8  stm32l1xx_rcc.o(.text)
    RCC_MSIRangeConfig                       0x080063d5   Thumb Code    20  stm32l1xx_rcc.o(.text)
    RCC_MSICmd                               0x080063e9   Thumb Code     6  stm32l1xx_rcc.o(.text)
    RCC_AdjustHSICalibrationValue            0x080063ef   Thumb Code    22  stm32l1xx_rcc.o(.text)
    RCC_HSICmd                               0x08006405   Thumb Code     6  stm32l1xx_rcc.o(.text)
    RCC_LSEConfig                            0x0800640b   Thumb Code    14  stm32l1xx_rcc.o(.text)
    RCC_LSICmd                               0x08006419   Thumb Code     6  stm32l1xx_rcc.o(.text)
    RCC_PLLConfig                            0x0800641f   Thumb Code    16  stm32l1xx_rcc.o(.text)
    RCC_PLLCmd                               0x0800642f   Thumb Code     6  stm32l1xx_rcc.o(.text)
    RCC_ClockSecuritySystemCmd               0x08006435   Thumb Code     6  stm32l1xx_rcc.o(.text)
    RCC_LSEClockSecuritySystemCmd            0x0800643b   Thumb Code     8  stm32l1xx_rcc.o(.text)
    RCC_MCOConfig                            0x08006443   Thumb Code    12  stm32l1xx_rcc.o(.text)
    RCC_SYSCLKConfig                         0x0800644f   Thumb Code    20  stm32l1xx_rcc.o(.text)
    RCC_GetSYSCLKSource                      0x08006463   Thumb Code    12  stm32l1xx_rcc.o(.text)
    RCC_HCLKConfig                           0x0800646f   Thumb Code    20  stm32l1xx_rcc.o(.text)
    RCC_PCLK1Config                          0x08006483   Thumb Code    20  stm32l1xx_rcc.o(.text)
    RCC_PCLK2Config                          0x08006497   Thumb Code    22  stm32l1xx_rcc.o(.text)
    RCC_GetClocksFreq                        0x080064ad   Thumb Code   248  stm32l1xx_rcc.o(.text)
    RCC_RTCCLKConfig                         0x080065a5   Thumb Code    64  stm32l1xx_rcc.o(.text)
    RCC_RTCCLKCmd                            0x080065e5   Thumb Code     8  stm32l1xx_rcc.o(.text)
    RCC_RTCResetCmd                          0x080065ed   Thumb Code     8  stm32l1xx_rcc.o(.text)
    RCC_AHBPeriphClockCmd                    0x080065f5   Thumb Code    34  stm32l1xx_rcc.o(.text)
    RCC_APB2PeriphClockCmd                   0x08006617   Thumb Code    34  stm32l1xx_rcc.o(.text)
    RCC_APB1PeriphClockCmd                   0x08006639   Thumb Code    34  stm32l1xx_rcc.o(.text)
    RCC_AHBPeriphResetCmd                    0x0800665b   Thumb Code    34  stm32l1xx_rcc.o(.text)
    RCC_APB2PeriphResetCmd                   0x0800667d   Thumb Code    34  stm32l1xx_rcc.o(.text)
    RCC_APB1PeriphResetCmd                   0x0800669f   Thumb Code    34  stm32l1xx_rcc.o(.text)
    RCC_AHBPeriphClockLPModeCmd              0x080066c1   Thumb Code    34  stm32l1xx_rcc.o(.text)
    RCC_APB2PeriphClockLPModeCmd             0x080066e3   Thumb Code    66  stm32l1xx_rcc.o(.text)
    RCC_APB1PeriphClockLPModeCmd             0x08006725   Thumb Code    34  stm32l1xx_rcc.o(.text)
    RCC_ITConfig                             0x08006747   Thumb Code    38  stm32l1xx_rcc.o(.text)
    RCC_ClearFlag                            0x0800676d   Thumb Code    18  stm32l1xx_rcc.o(.text)
    RCC_GetITStatus                          0x0800677f   Thumb Code    22  stm32l1xx_rcc.o(.text)
    RCC_ClearITPendingBit                    0x08006795   Thumb Code     8  stm32l1xx_rcc.o(.text)
    SPI_I2S_DeInit                           0x080067a1   Thumb Code    76  stm32l1xx_spi.o(.text)
    SPI_Init                                 0x080067ed   Thumb Code    60  stm32l1xx_spi.o(.text)
    I2S_Init                                 0x08006829   Thumb Code   208  stm32l1xx_spi.o(.text)
    SPI_StructInit                           0x080068f9   Thumb Code    24  stm32l1xx_spi.o(.text)
    I2S_StructInit                           0x08006911   Thumb Code    20  stm32l1xx_spi.o(.text)
    SPI_Cmd                                  0x08006925   Thumb Code    24  stm32l1xx_spi.o(.text)
    I2S_Cmd                                  0x0800693d   Thumb Code    24  stm32l1xx_spi.o(.text)
    SPI_DataSizeConfig                       0x08006955   Thumb Code    18  stm32l1xx_spi.o(.text)
    SPI_BiDirectionalLineConfig              0x08006967   Thumb Code    28  stm32l1xx_spi.o(.text)
    SPI_NSSInternalSoftwareConfig            0x08006983   Thumb Code    30  stm32l1xx_spi.o(.text)
    SPI_SSOutputCmd                          0x080069a1   Thumb Code    24  stm32l1xx_spi.o(.text)
    SPI_I2S_ReceiveData                      0x080069b9   Thumb Code     6  stm32l1xx_spi.o(.text)
    SPI_I2S_SendData                         0x080069bf   Thumb Code     4  stm32l1xx_spi.o(.text)
    SPI_CalculateCRC                         0x080069c3   Thumb Code    24  stm32l1xx_spi.o(.text)
    SPI_TransmitCRC                          0x080069db   Thumb Code    10  stm32l1xx_spi.o(.text)
    SPI_GetCRC                               0x080069e5   Thumb Code    16  stm32l1xx_spi.o(.text)
    SPI_GetCRCPolynomial                     0x080069f5   Thumb Code     6  stm32l1xx_spi.o(.text)
    SPI_I2S_DMACmd                           0x080069fb   Thumb Code    24  stm32l1xx_spi.o(.text)
    SPI_I2S_ITConfig                         0x08006a13   Thumb Code    36  stm32l1xx_spi.o(.text)
    SPI_I2S_GetFlagStatus                    0x08006a37   Thumb Code    18  stm32l1xx_spi.o(.text)
    SPI_I2S_ClearFlag                        0x08006a49   Thumb Code     6  stm32l1xx_spi.o(.text)
    SPI_I2S_GetITStatus                      0x08006a4f   Thumb Code    52  stm32l1xx_spi.o(.text)
    SPI_I2S_ClearITPendingBit                0x08006a83   Thumb Code    20  stm32l1xx_spi.o(.text)
    USART_DeInit                             0x08006aa5   Thumb Code   134  stm32l1xx_usart.o(.text)
    USART_Init                               0x08006b2b   Thumb Code   198  stm32l1xx_usart.o(.text)
    USART_StructInit                         0x08006bf1   Thumb Code    24  stm32l1xx_usart.o(.text)
    USART_ClockInit                          0x08006c09   Thumb Code    32  stm32l1xx_usart.o(.text)
    USART_ClockStructInit                    0x08006c29   Thumb Code    12  stm32l1xx_usart.o(.text)
    USART_Cmd                                0x08006c35   Thumb Code    24  stm32l1xx_usart.o(.text)
    USART_SetPrescaler                       0x08006c4d   Thumb Code    16  stm32l1xx_usart.o(.text)
    USART_OverSampling8Cmd                   0x08006c5d   Thumb Code    22  stm32l1xx_usart.o(.text)
    USART_OneBitMethodCmd                    0x08006c73   Thumb Code    24  stm32l1xx_usart.o(.text)
    USART_SendData                           0x08006c8b   Thumb Code     8  stm32l1xx_usart.o(.text)
    USART_ReceiveData                        0x08006c93   Thumb Code    10  stm32l1xx_usart.o(.text)
    USART_SetAddress                         0x08006c9d   Thumb Code    18  stm32l1xx_usart.o(.text)
    USART_ReceiverWakeUpCmd                  0x08006caf   Thumb Code    24  stm32l1xx_usart.o(.text)
    USART_WakeUpConfig                       0x08006cc7   Thumb Code    18  stm32l1xx_usart.o(.text)
    USART_LINBreakDetectLengthConfig         0x08006cd9   Thumb Code    18  stm32l1xx_usart.o(.text)
    USART_LINCmd                             0x08006ceb   Thumb Code    24  stm32l1xx_usart.o(.text)
    USART_SendBreak                          0x08006d03   Thumb Code    10  stm32l1xx_usart.o(.text)
    USART_HalfDuplexCmd                      0x08006d0d   Thumb Code    24  stm32l1xx_usart.o(.text)
    USART_SetGuardTime                       0x08006d25   Thumb Code    16  stm32l1xx_usart.o(.text)
    USART_SmartCardCmd                       0x08006d35   Thumb Code    24  stm32l1xx_usart.o(.text)
    USART_SmartCardNACKCmd                   0x08006d4d   Thumb Code    24  stm32l1xx_usart.o(.text)
    USART_IrDAConfig                         0x08006d65   Thumb Code    18  stm32l1xx_usart.o(.text)
    USART_IrDACmd                            0x08006d77   Thumb Code    24  stm32l1xx_usart.o(.text)
    USART_DMACmd                             0x08006d8f   Thumb Code    24  stm32l1xx_usart.o(.text)
    USART_ITConfig                           0x08006da7   Thumb Code    74  stm32l1xx_usart.o(.text)
    USART_GetFlagStatus                      0x08006df1   Thumb Code    26  stm32l1xx_usart.o(.text)
    USART_ClearFlag                          0x08006e0b   Thumb Code    18  stm32l1xx_usart.o(.text)
    USART_GetITStatus                        0x08006e1d   Thumb Code    84  stm32l1xx_usart.o(.text)
    USART_ClearITPendingBit                  0x08006e71   Thumb Code    52  stm32l1xx_usart.o(.text)
    __aeabi_uldivmod                         0x08006ea5   Thumb Code     0  lludivv7m.o(.text)
    _ll_udiv                                 0x08006ea5   Thumb Code   238  lludivv7m.o(.text)
    __aeabi_llsr                             0x08006f93   Thumb Code     0  llushr.o(.text)
    _ll_ushift_r                             0x08006f93   Thumb Code    38  llushr.o(.text)
    __use_two_region_memory                  0x08006fb9   Thumb Code     2  heapauxi.o(.text)
    __rt_heap_escrow$2region                 0x08006fbb   Thumb Code     2  heapauxi.o(.text)
    __rt_heap_expand$2region                 0x08006fbd   Thumb Code     2  heapauxi.o(.text)
    __user_setup_stackheap                   0x08006fbf   Thumb Code    74  sys_stackheap_outer.o(.text)
    exit                                     0x08007009   Thumb Code    12  exit.o(.text)
    __user_libspace                          0x08007015   Thumb Code     8  libspace.o(.text)
    __user_perproc_libspace                  0x08007015   Thumb Code     0  libspace.o(.text)
    __user_perthread_libspace                0x08007015   Thumb Code     0  libspace.o(.text)
    _sys_exit                                0x0800701d   Thumb Code     8  sys_exit.o(.text)
    __rt_fp_status_addr                      0x08007029   Thumb Code     8  rt_fp_status_addr_intlibspace.o(.text)
    __I$use$semihosting                      0x08007031   Thumb Code     0  use_no_semi.o(.text)
    __use_no_semihosting_swi                 0x08007031   Thumb Code     2  use_no_semi.o(.text)
    __semihosting_library_function           0x08007033   Thumb Code     0  indicate_semi.o(.text)
    _fp_init                                 0x08007033   Thumb Code    14  fpinit.o(x$fpl$fpinit)
    __fplib_config_pureend_doubles           0x0800703f   Thumb Code     0  fpinit.o(x$fpl$fpinit)
    OSDebugEn                                0x080071d4   Data           2  os_dbg.o(.constdata)
    OSEndiannessTest                         0x080071d8   Data           4  os_dbg.o(.constdata)
    OSEventEn                                0x080071dc   Data           2  os_dbg.o(.constdata)
    OSEventMax                               0x080071de   Data           2  os_dbg.o(.constdata)
    OSEventNameEn                            0x080071e0   Data           2  os_dbg.o(.constdata)
    OSEventSize                              0x080071e2   Data           2  os_dbg.o(.constdata)
    OSEventTblSize                           0x080071e4   Data           2  os_dbg.o(.constdata)
    OSEventMultiEn                           0x080071e6   Data           2  os_dbg.o(.constdata)
    OSFlagEn                                 0x080071e8   Data           2  os_dbg.o(.constdata)
    OSFlagGrpSize                            0x080071ea   Data           2  os_dbg.o(.constdata)
    OSFlagNodeSize                           0x080071ec   Data           2  os_dbg.o(.constdata)
    OSFlagWidth                              0x080071ee   Data           2  os_dbg.o(.constdata)
    OSFlagMax                                0x080071f0   Data           2  os_dbg.o(.constdata)
    OSFlagNameEn                             0x080071f2   Data           2  os_dbg.o(.constdata)
    OSLowestPrio                             0x080071f4   Data           2  os_dbg.o(.constdata)
    OSMboxEn                                 0x080071f6   Data           2  os_dbg.o(.constdata)
    OSMemEn                                  0x080071f8   Data           2  os_dbg.o(.constdata)
    OSMemMax                                 0x080071fa   Data           2  os_dbg.o(.constdata)
    OSMemNameEn                              0x080071fc   Data           2  os_dbg.o(.constdata)
    OSMemSize                                0x080071fe   Data           2  os_dbg.o(.constdata)
    OSMemTblSize                             0x08007200   Data           2  os_dbg.o(.constdata)
    OSMutexEn                                0x08007202   Data           2  os_dbg.o(.constdata)
    OSPtrSize                                0x08007204   Data           2  os_dbg.o(.constdata)
    OSQEn                                    0x08007206   Data           2  os_dbg.o(.constdata)
    OSQMax                                   0x08007208   Data           2  os_dbg.o(.constdata)
    OSQSize                                  0x0800720a   Data           2  os_dbg.o(.constdata)
    OSRdyTblSize                             0x0800720c   Data           2  os_dbg.o(.constdata)
    OSSemEn                                  0x0800720e   Data           2  os_dbg.o(.constdata)
    OSStkWidth                               0x08007210   Data           2  os_dbg.o(.constdata)
    OSTaskCreateEn                           0x08007212   Data           2  os_dbg.o(.constdata)
    OSTaskCreateExtEn                        0x08007214   Data           2  os_dbg.o(.constdata)
    OSTaskDelEn                              0x08007216   Data           2  os_dbg.o(.constdata)
    OSTaskIdleStkSize                        0x08007218   Data           2  os_dbg.o(.constdata)
    OSTaskProfileEn                          0x0800721a   Data           2  os_dbg.o(.constdata)
    OSTaskMax                                0x0800721c   Data           2  os_dbg.o(.constdata)
    OSTaskNameEn                             0x0800721e   Data           2  os_dbg.o(.constdata)
    OSTaskStatEn                             0x08007220   Data           2  os_dbg.o(.constdata)
    OSTaskStatStkSize                        0x08007222   Data           2  os_dbg.o(.constdata)
    OSTaskStatStkChkEn                       0x08007224   Data           2  os_dbg.o(.constdata)
    OSTaskSwHookEn                           0x08007226   Data           2  os_dbg.o(.constdata)
    OSTCBPrioTblMax                          0x08007228   Data           2  os_dbg.o(.constdata)
    OSTCBSize                                0x0800722a   Data           2  os_dbg.o(.constdata)
    OSTicksPerSec                            0x0800722c   Data           2  os_dbg.o(.constdata)
    OSTimeTickHookEn                         0x0800722e   Data           2  os_dbg.o(.constdata)
    OSVersionNbr                             0x08007230   Data           2  os_dbg.o(.constdata)
    OSTmrEn                                  0x08007232   Data           2  os_dbg.o(.constdata)
    OSTmrCfgMax                              0x08007234   Data           2  os_dbg.o(.constdata)
    OSTmrCfgNameEn                           0x08007236   Data           2  os_dbg.o(.constdata)
    OSTmrCfgWheelSize                        0x08007238   Data           2  os_dbg.o(.constdata)
    OSTmrCfgTicksPerSec                      0x0800723a   Data           2  os_dbg.o(.constdata)
    OSTmrSize                                0x0800723c   Data           2  os_dbg.o(.constdata)
    OSTmrTblSize                             0x0800723e   Data           2  os_dbg.o(.constdata)
    OSTmrWheelSize                           0x08007240   Data           2  os_dbg.o(.constdata)
    OSTmrWheelTblSize                        0x08007242   Data           2  os_dbg.o(.constdata)
    OSDataSize                               0x08007244   Data           2  os_dbg.o(.constdata)
    OSUnMapTbl                               0x08007246   Data         256  os_core.o(.constdata)
    Region$$Table$$Base                      0x08007348   Number         0  anon$$obj.o(Region$$Table)
    Region$$Table$$Limit                     0x08007368   Number         0  anon$$obj.o(Region$$Table)
    SystemCoreClock                          0x20000000   Data           4  system_stm32l1xx.o(.data)
    PLLMulTable                              0x20000004   Data           9  system_stm32l1xx.o(.data)
    MSITable                                 0x2000000d   Data           7  system_stm32l1xx.o(.data)
    AHBPrescTable                            0x20000014   Data          16  system_stm32l1xx.o(.data)
    CPU_TS_TmrFreq_Hz                        0x20000024   Data           4  cpu_core.o(.data)
    Math_RandSeedCur                         0x20000028   Data           4  lib_math.o(.data)
    Mem_PoolTbl                              0x2000002c   Data           4  lib_mem.o(.data)
    OS_CPU_ExceptStkBase                     0x20000030   Data           4  os_cpu_c.o(.data)
    OSCtxSwCtr                               0x20000034   Data           4  os_core.o(.data)
    OSEventFreeList                          0x20000038   Data           4  os_core.o(.data)
    OSFlagFreeList                           0x2000003c   Data           4  os_core.o(.data)
    OSIntNesting                             0x20000040   Data           1  os_core.o(.data)
    OSLockNesting                            0x20000041   Data           1  os_core.o(.data)
    OSPrioCur                                0x20000042   Data           1  os_core.o(.data)
    OSPrioHighRdy                            0x20000043   Data           1  os_core.o(.data)
    OSRdyGrp                                 0x20000044   Data           1  os_core.o(.data)
    OSRdyTbl                                 0x20000045   Data           2  os_core.o(.data)
    OSRunning                                0x20000047   Data           1  os_core.o(.data)
    OSTaskCtr                                0x20000048   Data           1  os_core.o(.data)
    OSIdleCtr                                0x2000004c   Data           4  os_core.o(.data)
    OSTCBCur                                 0x20000050   Data           4  os_core.o(.data)
    OSTCBFreeList                            0x20000054   Data           4  os_core.o(.data)
    OSTCBHighRdy                             0x20000058   Data           4  os_core.o(.data)
    OSTCBList                                0x2000005c   Data           4  os_core.o(.data)
    OSTickStepState                          0x20000060   Data           1  os_core.o(.data)
    OSMemFreeList                            0x20000064   Data           4  os_core.o(.data)
    OSQFreeList                              0x20000068   Data           4  os_core.o(.data)
    OSTaskRegNextAvailID                     0x2000006c   Data           1  os_core.o(.data)
    OSTime                                   0x20000070   Data           4  os_core.o(.data)
    CPU_Name                                 0x20000774   Data          16  cpu_core.o(.bss)
    Mem_PoolHeap                             0x20000784   Data          72  lib_mem.o(.bss)
    Mem_Heap                                 0x200007cc   Data        2048  lib_mem.o(.bss)
    OS_CPU_ExceptStk                         0x20000fcc   Data         512  os_cpu_c.o(.bss)
    OSEventTbl                               0x200011cc   Data         200  os_core.o(.bss)
    OSFlagTbl                                0x20001294   Data          80  os_core.o(.bss)
    OSTaskIdleStk                            0x200012e4   Data         512  os_core.o(.bss)
    OSTCBPrioTbl                             0x200014e4   Data          52  os_core.o(.bss)
    OSTCBTbl                                 0x20001518   Data         924  os_core.o(.bss)
    OSMemTbl                                 0x200018b4   Data         120  os_core.o(.bss)
    OSQTbl                                   0x2000192c   Data          96  os_core.o(.bss)
    __libspace_start                         0x2000198c   Data          96  libspace.o(.bss)
    __temporary_stack_top$libspace           0x200019ec   Data           0  libspace.o(.bss)



==============================================================================

Memory Map of the image

  Image Entry point : 0x08000125

  Load Region LR_IROM1 (Base: 0x08000000, Size: 0x000073f8, Max: 0x00010000, ABSOLUTE)

    Execution Region ER_IROM1 (Base: 0x08000000, Size: 0x00007368, Max: 0x00010000, ABSOLUTE)

    Base Addr    Size         Type   Attr      Idx    E Section Name        Object

    0x08000000   0x00000124   Data   RO          408    RESET               cstartup.o
    0x08000124   0x00000008   Code   RO         1412  * !!!main             c_w.l(__main.o)
    0x0800012c   0x00000034   Code   RO         1579    !!!scatter          c_w.l(__scatter.o)
    0x08000160   0x0000001a   Code   RO         1581    !!handler_copy      c_w.l(__scatter_copy.o)
    0x0800017a   0x00000002   PAD
    0x0800017c   0x0000001c   Code   RO         1583    !!handler_zi        c_w.l(__scatter_zi.o)
    0x08000198   0x00000006   Code   RO         1449    .ARM.Collect$$libinit$$00000000  c_w.l(libinit.o)
    0x0800019e   0x00000000   Code   RO         1463    .ARM.Collect$$libinit$$00000006  c_w.l(libinit2.o)
    0x0800019e   0x00000000   Code   RO         1465    .ARM.Collect$$libinit$$00000008  c_w.l(libinit2.o)
    0x0800019e   0x00000000   Code   RO         1467    .ARM.Collect$$libinit$$0000000A  c_w.l(libinit2.o)
    0x0800019e   0x00000000   Code   RO         1470    .ARM.Collect$$libinit$$0000000D  c_w.l(libinit2.o)
    0x0800019e   0x00000000   Code   RO         1472    .ARM.Collect$$libinit$$0000000F  c_w.l(libinit2.o)
    0x0800019e   0x00000000   Code   RO         1474    .ARM.Collect$$libinit$$00000011  c_w.l(libinit2.o)
    0x0800019e   0x00000000   Code   RO         1476    .ARM.Collect$$libinit$$00000013  c_w.l(libinit2.o)
    0x0800019e   0x00000000   Code   RO         1478    .ARM.Collect$$libinit$$00000015  c_w.l(libinit2.o)
    0x0800019e   0x00000000   Code   RO         1480    .ARM.Collect$$libinit$$00000017  c_w.l(libinit2.o)
    0x0800019e   0x00000000   Code   RO         1482    .ARM.Collect$$libinit$$00000019  c_w.l(libinit2.o)
    0x0800019e   0x00000000   Code   RO         1484    .ARM.Collect$$libinit$$0000001B  c_w.l(libinit2.o)
    0x0800019e   0x00000000   Code   RO         1486    .ARM.Collect$$libinit$$0000001D  c_w.l(libinit2.o)
    0x0800019e   0x00000000   Code   RO         1488    .ARM.Collect$$libinit$$0000001F  c_w.l(libinit2.o)
    0x0800019e   0x00000000   Code   RO         1490    .ARM.Collect$$libinit$$00000021  c_w.l(libinit2.o)
    0x0800019e   0x00000000   Code   RO         1494    .ARM.Collect$$libinit$$00000028  c_w.l(libinit2.o)
    0x0800019e   0x00000000   Code   RO         1496    .ARM.Collect$$libinit$$0000002A  c_w.l(libinit2.o)
    0x0800019e   0x00000000   Code   RO         1498    .ARM.Collect$$libinit$$0000002C  c_w.l(libinit2.o)
    0x0800019e   0x00000000   Code   RO         1500    .ARM.Collect$$libinit$$0000002E  c_w.l(libinit2.o)
    0x0800019e   0x00000002   Code   RO         1501    .ARM.Collect$$libinit$$0000002F  c_w.l(libinit2.o)
    0x080001a0   0x00000002   Code   RO         1537    .ARM.Collect$$libshutdown$$00000000  c_w.l(libshutdown.o)
    0x080001a2   0x00000000   Code   RO         1564    .ARM.Collect$$libshutdown$$00000003  c_w.l(libshutdown2.o)
    0x080001a2   0x00000000   Code   RO         1567    .ARM.Collect$$libshutdown$$00000006  c_w.l(libshutdown2.o)
    0x080001a2   0x00000000   Code   RO         1570    .ARM.Collect$$libshutdown$$00000009  c_w.l(libshutdown2.o)
    0x080001a2   0x00000000   Code   RO         1572    .ARM.Collect$$libshutdown$$0000000B  c_w.l(libshutdown2.o)
    0x080001a2   0x00000000   Code   RO         1575    .ARM.Collect$$libshutdown$$0000000E  c_w.l(libshutdown2.o)
    0x080001a2   0x00000002   Code   RO         1576    .ARM.Collect$$libshutdown$$0000000F  c_w.l(libshutdown2.o)
    0x080001a4   0x00000000   Code   RO         1414    .ARM.Collect$$rtentry$$00000000  c_w.l(rtentry.o)
    0x080001a4   0x00000000   Code   RO         1420    .ARM.Collect$$rtentry$$00000002  c_w.l(rtentry2.o)
    0x080001a4   0x00000006   Code   RO         1432    .ARM.Collect$$rtentry$$00000004  c_w.l(rtentry4.o)
    0x080001aa   0x00000000   Code   RO         1422    .ARM.Collect$$rtentry$$00000009  c_w.l(rtentry2.o)
    0x080001aa   0x00000004   Code   RO         1423    .ARM.Collect$$rtentry$$0000000A  c_w.l(rtentry2.o)
    0x080001ae   0x00000000   Code   RO         1425    .ARM.Collect$$rtentry$$0000000C  c_w.l(rtentry2.o)
    0x080001ae   0x00000008   Code   RO         1426    .ARM.Collect$$rtentry$$0000000D  c_w.l(rtentry2.o)
    0x080001b6   0x00000002   Code   RO         1453    .ARM.Collect$$rtexit$$00000000  c_w.l(rtexit.o)
    0x080001b8   0x00000000   Code   RO         1507    .ARM.Collect$$rtexit$$00000002  c_w.l(rtexit2.o)
    0x080001b8   0x00000004   Code   RO         1508    .ARM.Collect$$rtexit$$00000003  c_w.l(rtexit2.o)
    0x080001bc   0x00000006   Code   RO         1509    .ARM.Collect$$rtexit$$00000004  c_w.l(rtexit2.o)
    0x080001c2   0x00000002   PAD
    0x080001c4   0x00000380   Code   RO            3    .text               app.o
    0x08000544   0x00000010   Code   RO          175    .text               app_hooks.o
    0x08000554   0x00000218   Code   RO          316    .text               system_stm32l1xx.o
    0x0800076c   0x000001d4   Code   RO          340    .text               bsp.o
    0x08000940   0x000003a0   Code   RO          363    .text               bsp_int.o
    0x08000ce0   0x00000350   Code   RO          388    .text               bsp_periph.o
    0x08001030   0x00000038   Code   RO          409    .text               cstartup.o
    0x08001068   0x00000248   Code   RO          438    .text               usart_1.o
    0x080012b0   0x00000310   Code   RO          501    .text               cpu_core.o
    0x080015c0   0x00000034   Code   RO          527    .text               cpu_a.o
    0x080015f4   0x0000077c   Code   RO          530    .text               cpu_c.o
    0x08001d70   0x00000256   Code   RO          542    .text               lib_ascii.o
    0x08001fc6   0x00000002   PAD
    0x08001fc8   0x00000080   Code   RO          557    .text               lib_math.o
    0x08002048   0x00000eb4   Code   RO          575    .text               lib_mem.o
    0x08002efc   0x00000928   Code   RO          594    .text               lib_str.o
    0x08003824   0x00000220   Code   RO          611    .text               lib_mem_a.o
    0x08003a44   0x000000b0   Code   RO          614    .text               os_cpu_a.o
    0x08003af4   0x00000168   Code   RO          617    .text               os_cpu_c.o
    0x08003c5c   0x00000118   Code   RO          640    .text               os_dbg.o
    0x08003d74   0x00000864   Code   RO          655    .text               os_core.o
    0x080045d8   0x00000868   Code   RO          675    .text               os_flag.o
    0x08004e40   0x000001e4   Code   RO          699    .text               os_mem.o
    0x08005024   0x000005f8   Code   RO          723    .text               os_q.o
    0x0800561c   0x00000828   Code   RO          747    .text               os_task.o
    0x08005e44   0x000001c0   Code   RO          759    .text               os_time.o
    0x08006004   0x000000e4   Code   RO          779    .text               misc.o
    0x080060e8   0x0000022c   Code   RO         1045    .text               stm32l1xx_gpio.o
    0x08006314   0x0000048c   Code   RO         1168    .text               stm32l1xx_rcc.o
    0x080067a0   0x00000304   Code   RO         1233    .text               stm32l1xx_spi.o
    0x08006aa4   0x00000400   Code   RO         1293    .text               stm32l1xx_usart.o
    0x08006ea4   0x000000ee   Code   RO         1406    .text               c_w.l(lludivv7m.o)
    0x08006f92   0x00000026   Code   RO         1408    .text               c_w.l(llushr.o)
    0x08006fb8   0x00000006   Code   RO         1410    .text               c_w.l(heapauxi.o)
    0x08006fbe   0x0000004a   Code   RO         1436    .text               c_w.l(sys_stackheap_outer.o)
    0x08007008   0x0000000c   Code   RO         1438    .text               c_w.l(exit.o)
    0x08007014   0x00000008   Code   RO         1450    .text               c_w.l(libspace.o)
    0x0800701c   0x0000000c   Code   RO         1504    .text               c_w.l(sys_exit.o)
    0x08007028   0x00000008   Code   RO         1516    .text               c_w.l(rt_fp_status_addr_intlibspace.o)
    0x08007030   0x00000002   Code   RO         1526    .text               c_w.l(use_no_semi.o)
    0x08007032   0x00000000   Code   RO         1528    .text               c_w.l(indicate_semi.o)
    0x08007032   0x0000000e   Code   RO         1502    x$fpl$fpinit        fz_ws.l(fpinit.o)
    0x08007040   0x00000100   Data   RO          503    .constdata          cpu_core.o
    0x08007140   0x00000094   Data   RO          595    .constdata          lib_str.o
    0x080071d4   0x00000072   Data   RO          641    .constdata          os_dbg.o
    0x08007246   0x00000100   Data   RO          657    .constdata          os_core.o
    0x08007346   0x00000002   PAD
    0x08007348   0x00000020   Data   RO         1577    Region$$Table       anon$$obj.o


    Execution Region RW_IRAM1 (Base: 0x20000000, Size: 0x00001bf0, Max: 0x00002800, ABSOLUTE)

    Base Addr    Size         Type   Attr      Idx    E Section Name        Object

    0x20000000   0x00000024   Data   RW          317    .data               system_stm32l1xx.o
    0x20000024   0x00000004   Data   RW          504    .data               cpu_core.o
    0x20000028   0x00000004   Data   RW          558    .data               lib_math.o
    0x2000002c   0x00000004   Data   RW          577    .data               lib_mem.o
    0x20000030   0x00000004   Data   RW          619    .data               os_cpu_c.o
    0x20000034   0x00000040   Data   RW          658    .data               os_core.o
    0x20000074   0x00000019   Data   RW         1169    .data               stm32l1xx_rcc.o
    0x2000008d   0x00000003   PAD
    0x20000090   0x00000600   Zero   RW            4    .bss                app.o
    0x20000690   0x000000e4   Zero   RW          364    .bss                bsp_int.o
    0x20000774   0x00000010   Zero   RW          502    .bss                cpu_core.o
    0x20000784   0x00000848   Zero   RW          576    .bss                lib_mem.o
    0x20000fcc   0x00000200   Zero   RW          618    .bss                os_cpu_c.o
    0x200011cc   0x000007c0   Zero   RW          656    .bss                os_core.o
    0x2000198c   0x00000060   Zero   RW         1451    .bss                c_w.l(libspace.o)
    0x200019ec   0x00000004   PAD
    0x200019f0   0x00000000   Zero   RW          407    HEAP                cstartup.o
    0x200019f0   0x00000200   Zero   RW          406    STACK               cstartup.o


==============================================================================

Image component sizes


      Code (inc. data)   RO Data    RW Data    ZI Data      Debug   Object Name

       896        212          0          0       1536     214737   app.o
        16          0          0          0          0     227653   app_hooks.o
       468         38          0          0          0       2030   bsp.o
       928         18          0          0        228      10599   bsp_int.o
       848        148          0          0          0       1186   bsp_periph.o
        52          0          0          0          0        340   cpu_a.o
      1916        108          0          0          0       3521   cpu_c.o
       784         14        256          4         16      14432   cpu_core.o
        56         24        292          0        512        680   cstartup.o
       598          0          0          0          0       3888   lib_ascii.o
       128          8          0          4          0       1864   lib_math.o
      3764         62          0          4       2120      24992   lib_mem.o
       544          0          0          0          0        484   lib_mem_a.o
      2344          4        148          0          0      13806   lib_str.o
       228         22          0          0          0       1809   misc.o
      2148        160        256         64       1984      15705   os_core.o
       176         36          0          0          0        408   os_cpu_a.o
       360         26          0          4        512      11698   os_cpu_c.o
       280        184        114          0          0       3561   os_dbg.o
      2152         44          0          0          0       7224   os_flag.o
       484         16          0          0          0       3360   os_mem.o
      1528         34          0          0          0       5857   os_q.o
      2088         76          0          0          0       8208   os_task.o
       448         30          0          0          0       1870   os_time.o
       556         32          0          0          0       3929   stm32l1xx_gpio.o
      1164         40          0         25          0       9501   stm32l1xx_rcc.o
       772         14          0          0          0       6050   stm32l1xx_spi.o
      1024         22          0          0          0     197168   stm32l1xx_usart.o
       536         44          0         36          0       2030   system_stm32l1xx.o
       584         16          0          0          0      15836   usart_1.o

    ----------------------------------------------------------------------
     27872       1432       1100        144       6908     814426   Object Totals
         0          0         32          0          0          0   (incl. Generated)
         2          0          2          3          0          0   (incl. Padding)

    ----------------------------------------------------------------------

      Code (inc. data)   RO Data    RW Data    ZI Data      Debug   Library Member Name

         8          0          0          0          0         68   __main.o
        52          8          0          0          0          0   __scatter.o
        26          0          0          0          0          0   __scatter_copy.o
        28          0          0          0          0          0   __scatter_zi.o
        12          0          0          0          0         72   exit.o
         6          0          0          0          0        152   heapauxi.o
         0          0          0          0          0          0   indicate_semi.o
         6          0          0          0          0          0   libinit.o
         2          0          0          0          0          0   libinit2.o
         2          0          0          0          0          0   libshutdown.o
         2          0          0          0          0          0   libshutdown2.o
         8          4          0          0         96         68   libspace.o
       238          0          0          0          0        100   lludivv7m.o
        38          0          0          0          0         68   llushr.o
         8          4          0          0          0         68   rt_fp_status_addr_intlibspace.o
         0          0          0          0          0          0   rtentry.o
        12          0          0          0          0          0   rtentry2.o
         6          0          0          0          0          0   rtentry4.o
         2          0          0          0          0          0   rtexit.o
        10          0          0          0          0          0   rtexit2.o
        12          4          0          0          0         68   sys_exit.o
        74          0          0          0          0         80   sys_stackheap_outer.o
         2          0          0          0          0         68   use_no_semi.o
        14          0          0          0          0         76   fpinit.o

    ----------------------------------------------------------------------
       572         20          0          0        100        888   Library Totals
         4          0          0          0          4          0   (incl. Padding)

    ----------------------------------------------------------------------

      Code (inc. data)   RO Data    RW Data    ZI Data      Debug   Library Name

       554         20          0          0         96        812   c_w.l
        14          0          0          0          0         76   fz_ws.l

    ----------------------------------------------------------------------
       572         20          0          0        100        888   Library Totals

    ----------------------------------------------------------------------

==============================================================================


      Code (inc. data)   RO Data    RW Data    ZI Data      Debug   

     28444       1452       1100        144       7008     812350   Grand Totals
     28444       1452       1100        144       7008     812350   ELF Image Totals
     28444       1452       1100        144          0          0   ROM Totals

==============================================================================

    Total RO  Size (Code + RO Data)                29544 (  28.85kB)
    Total RW  Size (RW Data + ZI Data)              7152 (   6.98kB)
    Total ROM Size (Code + RO Data + RW Data)      29688 (  28.99kB)

==============================================================================

