Archive member included because of file (symbol)

c:/program files (x86)/atollic/truestudio for arm pro 3.2.0/armtools/bin/../lib/gcc/arm-atollic-eabi/4.6.2/thumb/armv7-m\libgcc.a(_aeabi_uldivmod.o)
                              BSP\bsp.o (__aeabi_uldivmod)
c:/program files (x86)/atollic/truestudio for arm pro 3.2.0/armtools/bin/../lib/gcc/arm-atollic-eabi/4.6.2/thumb/armv7-m\libgcc.a(bpabi.o)
                              c:/program files (x86)/atollic/truestudio for arm pro 3.2.0/armtools/bin/../lib/gcc/arm-atollic-eabi/4.6.2/thumb/armv7-m\libgcc.a(_aeabi_uldivmod.o) (__gnu_uldivmod_helper)
c:/program files (x86)/atollic/truestudio for arm pro 3.2.0/armtools/bin/../lib/gcc/arm-atollic-eabi/4.6.2/thumb/armv7-m\libgcc.a(unwind-arm.o)
                              c:/program files (x86)/atollic/truestudio for arm pro 3.2.0/armtools/bin/../lib/gcc/arm-atollic-eabi/4.6.2/thumb/armv7-m\libgcc.a(bpabi.o) (__aeabi_unwind_cpp_pr0)
c:/program files (x86)/atollic/truestudio for arm pro 3.2.0/armtools/bin/../lib/gcc/arm-atollic-eabi/4.6.2/thumb/armv7-m\libgcc.a(libunwind.o)
                              c:/program files (x86)/atollic/truestudio for arm pro 3.2.0/armtools/bin/../lib/gcc/arm-atollic-eabi/4.6.2/thumb/armv7-m\libgcc.a(unwind-arm.o) (restore_core_regs)
c:/program files (x86)/atollic/truestudio for arm pro 3.2.0/armtools/bin/../lib/gcc/arm-atollic-eabi/4.6.2/thumb/armv7-m\libgcc.a(pr-support.o)
                              c:/program files (x86)/atollic/truestudio for arm pro 3.2.0/armtools/bin/../lib/gcc/arm-atollic-eabi/4.6.2/thumb/armv7-m\libgcc.a(unwind-arm.o) (__gnu_unwind_execute)
c:/program files (x86)/atollic/truestudio for arm pro 3.2.0/armtools/bin/../lib/gcc/arm-atollic-eabi/4.6.2/thumb/armv7-m\libgcc.a(_dvmd_tls.o)
                              c:/program files (x86)/atollic/truestudio for arm pro 3.2.0/armtools/bin/../lib/gcc/arm-atollic-eabi/4.6.2/thumb/armv7-m\libgcc.a(_aeabi_uldivmod.o) (__aeabi_ldiv0)
c:/program files (x86)/atollic/truestudio for arm pro 3.2.0/armtools/bin/../lib/gcc/arm-atollic-eabi/4.6.2/thumb/armv7-m\libgcc.a(_divdi3.o)
                              c:/program files (x86)/atollic/truestudio for arm pro 3.2.0/armtools/bin/../lib/gcc/arm-atollic-eabi/4.6.2/thumb/armv7-m\libgcc.a(bpabi.o) (__divdi3)
c:/program files (x86)/atollic/truestudio for arm pro 3.2.0/armtools/bin/../lib/gcc/arm-atollic-eabi/4.6.2/thumb/armv7-m\libgcc.a(_udivdi3.o)
                              c:/program files (x86)/atollic/truestudio for arm pro 3.2.0/armtools/bin/../lib/gcc/arm-atollic-eabi/4.6.2/thumb/armv7-m\libgcc.a(bpabi.o) (__udivdi3)
c:/program files (x86)/atollic/truestudio for arm pro 3.2.0/armtools/bin/../lib/gcc/arm-atollic-eabi/4.6.2/../../../../arm-atollic-eabi/lib/thumb/armv7-m\libc.a(lib_a-abort.o)
                              c:/program files (x86)/atollic/truestudio for arm pro 3.2.0/armtools/bin/../lib/gcc/arm-atollic-eabi/4.6.2/thumb/armv7-m\libgcc.a(unwind-arm.o) (abort)
c:/program files (x86)/atollic/truestudio for arm pro 3.2.0/armtools/bin/../lib/gcc/arm-atollic-eabi/4.6.2/../../../../arm-atollic-eabi/lib/thumb/armv7-m\libc.a(lib_a-init.o)
                              BSP\cstartup.o (__libc_init_array)
c:/program files (x86)/atollic/truestudio for arm pro 3.2.0/armtools/bin/../lib/gcc/arm-atollic-eabi/4.6.2/../../../../arm-atollic-eabi/lib/thumb/armv7-m\libc.a(lib_a-memcpy.o)
                              c:/program files (x86)/atollic/truestudio for arm pro 3.2.0/armtools/bin/../lib/gcc/arm-atollic-eabi/4.6.2/thumb/armv7-m\libgcc.a(unwind-arm.o) (memcpy)
c:/program files (x86)/atollic/truestudio for arm pro 3.2.0/armtools/bin/../lib/gcc/arm-atollic-eabi/4.6.2/../../../../arm-atollic-eabi/lib/thumb/armv7-m\libc.a(lib_a-signal.o)
                              c:/program files (x86)/atollic/truestudio for arm pro 3.2.0/armtools/bin/../lib/gcc/arm-atollic-eabi/4.6.2/../../../../arm-atollic-eabi/lib/thumb/armv7-m\libc.a(lib_a-abort.o) (raise)
c:/program files (x86)/atollic/truestudio for arm pro 3.2.0/armtools/bin/../lib/gcc/arm-atollic-eabi/4.6.2/../../../../arm-atollic-eabi/lib/thumb/armv7-m\libc.a(lib_a-signalr.o)
                              c:/program files (x86)/atollic/truestudio for arm pro 3.2.0/armtools/bin/../lib/gcc/arm-atollic-eabi/4.6.2/../../../../arm-atollic-eabi/lib/thumb/armv7-m\libc.a(lib_a-signal.o) (_kill_r)
c:/program files (x86)/atollic/truestudio for arm pro 3.2.0/armtools/bin/../lib/gcc/arm-atollic-eabi/4.6.2/../../../../arm-atollic-eabi/lib/thumb/armv7-m\libc.a(lib_a-syscalls.o)
                              c:/program files (x86)/atollic/truestudio for arm pro 3.2.0/armtools/bin/../lib/gcc/arm-atollic-eabi/4.6.2/../../../../arm-atollic-eabi/lib/thumb/armv7-m\libc.a(lib_a-signalr.o) (_getpid)
c:/program files (x86)/atollic/truestudio for arm pro 3.2.0/armtools/bin/../lib/gcc/arm-atollic-eabi/4.6.2/../../../../arm-atollic-eabi/lib/thumb/armv7-m\libc.a(lib_a-impure.o)
[...]
Memory Configuration

Name             Origin             Length             Attributes
FLASH            0x08000000         0x00020000         xr
RAM              0x20000000         0x00004000         xrw
MEMORY_B1        0x60000000         0x00000000         xr
*default*        0x00000000         0xffffffff

Linker script and memory map

LOAD c:/program files (x86)/atollic/truestudio for arm pro 3.2.0/armtools/bin/../lib/gcc/arm-atollic-eabi/4.6.2/thumb/armv7-m/crti.o
LOAD c:/program files (x86)/atollic/truestudio for arm pro 3.2.0/armtools/bin/../lib/gcc/arm-atollic-eabi/4.6.2/thumb/armv7-m/crtbegin.o
LOAD uCOS-II\Source\os_tmr.o
LOAD uCOS-II\Source\os_time.o
LOAD uCOS-II\Source\os_task.o
LOAD uCOS-II\Source\os_sem.o
LOAD uCOS-II\Source\os_q.o
LOAD uCOS-II\Source\os_mutex.o
LOAD uCOS-II\Source\os_mem.o
LOAD uCOS-II\Source\os_mbox.o
LOAD uCOS-II\Source\os_flag.o
LOAD uCOS-II\Source\os_core.o
LOAD uCOS-II\Ports\ARM-Cortex-M3\Generic\GNU\os_dbg.o
LOAD uCOS-II\Ports\ARM-Cortex-M3\Generic\GNU\os_cpu_c.o
LOAD uCOS-II\Ports\ARM-Cortex-M3\Generic\GNU\os_cpu_a.o
LOAD uC-LIB\lib_str.o
LOAD uC-LIB\lib_mem.o
LOAD uC-LIB\lib_math.o
LOAD uC-LIB\lib_ascii.o
LOAD uC-CPU\cpu_core.o
LOAD uC-CPU\ARM-Cortex-M3\GNU\cpu_c.o
LOAD uC-CPU\ARM-Cortex-M3\GNU\cpu_a.o
LOAD BSP\cstartup.o
LOAD BSP\bsp_periph.o
LOAD BSP\bsp_int.o
LOAD BSP\bsp.o
LOAD BSP\ST\STM32L1xx\src\stm32l1xx_wwdg.o
LOAD BSP\ST\STM32L1xx\src\stm32l1xx_usart.o
LOAD BSP\ST\STM32L1xx\src\stm32l1xx_tim.o
LOAD BSP\ST\STM32L1xx\src\stm32l1xx_syscfg.o
LOAD BSP\ST\STM32L1xx\src\stm32l1xx_spi.o
LOAD BSP\ST\STM32L1xx\src\stm32l1xx_sdio.o
LOAD BSP\ST\STM32L1xx\src\stm32l1xx_rtc.o
LOAD BSP\ST\STM32L1xx\src\stm32l1xx_rcc.o
LOAD BSP\ST\STM32L1xx\src\stm32l1xx_pwr.o
LOAD BSP\ST\STM32L1xx\src\stm32l1xx_opamp.o
LOAD BSP\ST\STM32L1xx\src\stm32l1xx_lcd.o
LOAD BSP\ST\STM32L1xx\src\stm32l1xx_iwdg.o
LOAD BSP\ST\STM32L1xx\src\stm32l1xx_i2c.o
LOAD BSP\ST\STM32L1xx\src\stm32l1xx_gpio.o
LOAD BSP\ST\STM32L1xx\src\stm32l1xx_fsmc.o
LOAD BSP\ST\STM32L1xx\src\stm32l1xx_flash_ramfunc.o
LOAD BSP\ST\STM32L1xx\src\stm32l1xx_flash.o
LOAD BSP\ST\STM32L1xx\src\stm32l1xx_exti.o
LOAD BSP\ST\STM32L1xx\src\stm32l1xx_dma.o
LOAD BSP\ST\STM32L1xx\src\stm32l1xx_dbgmcu.o
LOAD BSP\ST\STM32L1xx\src\stm32l1xx_dac.o
LOAD BSP\ST\STM32L1xx\src\stm32l1xx_crc.o
LOAD BSP\ST\STM32L1xx\src\stm32l1xx_comp.o
LOAD BSP\ST\STM32L1xx\src\stm32l1xx_aes_util.o
LOAD BSP\ST\STM32L1xx\src\stm32l1xx_aes.o
LOAD BSP\ST\STM32L1xx\src\stm32l1xx_adc.o
LOAD BSP\ST\STM32L1xx\src\misc.o
LOAD BSP\OS\bsp_os.o
LOAD APP\app_hooks.o
LOAD APP\app.o
                0x00001000                malloc_getpagesize_P = 0x1000
START GROUP
LOAD c:/program files (x86)/atollic/truestudio for arm pro 3.2.0/armtools/bin/../lib/gcc/arm-atollic-eabi/4.6.2/thumb/armv7-m\libgcc.a
LOAD c:/program files (x86)/atollic/truestudio for arm pro 3.2.0/armtools/bin/../lib/gcc/arm-atollic-eabi/4.6.2/../../../../arm-atollic-eabi/lib/thumb/armv7-m\libc.a
END GROUP
LOAD c:/program files (x86)/atollic/truestudio for arm pro 3.2.0/armtools/bin/../lib/gcc/arm-atollic-eabi/4.6.2/thumb/armv7-m/crtend.o
LOAD c:/program files (x86)/atollic/truestudio for arm pro 3.2.0/armtools/bin/../lib/gcc/arm-atollic-eabi/4.6.2/thumb/armv7-m/crtn.o
                0x20004000                _estack = 0x20004000
                0x00000000                _Min_Heap_Size = 0x0
                0x00000080                _Min_Stack_Size = 0x80

.isr_vector     0x08000000      0x124
                0x08000000                . = ALIGN (0x4)
 *(.isr_vector)
 .isr_vector    0x08000000      0x124 BSP\cstartup.o
                0x08000000                g_pfnVectors
                0x08000124                . = ALIGN (0x4)

.text           0x08000124     0x2fd0
                0x08000124                . = ALIGN (0x4)
 *(.text)
 .text          0x08000124       0x54 c:/program files (x86)/atollic/truestudio for arm pro 3.2.0/armtools/bin/../lib/gcc/arm-atollic-eabi/4.6.2/thumb/armv7-m/crtbegin.o
 .text          0x08000178       0xb0 uCOS-II\Ports\ARM-Cortex-M3\Generic\GNU\os_cpu_a.o
                0x08000178                OS_CPU_SR_Save
                0x08000180                OS_CPU_SR_Restore
                0x08000186                OSStartHighRdy
                0x080001aa                OSCtxSw
                0x080001b2                OSIntCtxSw
                0x080001ba                OS_CPU_PendSVHandler
 .text          0x08000228       0x34 uC-CPU\ARM-Cortex-M3\GNU\cpu_a.o
                0x08000228                CPU_IntDis
                0x0800022c                CPU_IntEn
                0x08000230                CPU_SR_Save
                0x08000238                CPU_SR_Restore
                0x0800023e                CPU_WaitForInt
                0x08000242                CPU_WaitForExcept
                0x08000246                CPU_CntLeadZeros
                0x0800024c                CPU_CntTrailZeros
                0x08000256                CPU_RevBits
 *(.text*)
 .text.OSTimeDly
                0x0800025c       0xdc uCOS-II\Source\os_time.o
                0x0800025c                OSTimeDly
 .text.OSTimeDlyHMSM
                0x08000338       0x90 uCOS-II\Source\os_time.o
                0x08000338                OSTimeDlyHMSM
 .text.OSTaskCreateExt
                0x080003c8       0xec uCOS-II\Source\os_task.o
                0x080003c8                OSTaskCreateExt
 .text.OSTaskDel
                0x080004b4      0x248 uCOS-II\Source\os_task.o
                0x080004b4                OSTaskDel
 .text.OSTaskNameSet
                0x080006fc       0xa4 uCOS-II\Source\os_task.o
                0x080006fc                OSTaskNameSet
 .text.OS_TaskReturn
                0x080007a0       0x20 uCOS-II\Source\os_task.o
                0x080007a0                OS_TaskReturn
 .text.OS_TaskStkClr
                0x080007c0       0x50 uCOS-II\Source\os_task.o
                0x080007c0                OS_TaskStkClr
 .text.OS_QInit
                0x08000810       0xb0 uCOS-II\Source\os_q.o
                0x08000810                OS_QInit
 .text.OS_MemInit
                0x080008c0       0xc0 uCOS-II\Source\os_mem.o
                0x080008c0                OS_MemInit
 .text.OS_FlagInit
                0x08000980       0xbc uCOS-II\Source\os_flag.o
                0x08000980                OS_FlagInit
 .text.OS_FlagUnlink
                0x08000a3c       0x60 uCOS-II\Source\os_flag.o
                0x08000a3c                OS_FlagUnlink
 .text.OSInit   0x08000a9c       0x34 uCOS-II\Source\os_core.o
                0x08000a9c                OSInit
 .text.OSIntEnter
                0x08000ad0       0x40 uCOS-II\Source\os_core.o
                0x08000ad0                OSIntEnter
 .text.OSIntExit
                0x08000b10       0xe0 uCOS-II\Source\os_core.o
                0x08000b10                OSIntExit
 .text.OSStart  0x08000bf0       0x68 uCOS-II\Source\os_core.o
                0x08000bf0                OSStart
 .text.OSTimeTick
                0x08000c58      0x184 uCOS-II\Source\os_core.o
                0x08000c58                OSTimeTick
 .text.OS_Dummy
                0x08000ddc        0xc uCOS-II\Source\os_core.o
                0x08000ddc                OS_Dummy
 .text.OS_EventTaskRemove
                0x08000de8       0x60 uCOS-II\Source\os_core.o
                0x08000de8                OS_EventTaskRemove
 .text.OS_InitEventList
                0x08000e48       0xd8 uCOS-II\Source\os_core.o
 .text.OS_InitMisc
                0x08000f20       0x7c uCOS-II\Source\os_core.o
 .text.OS_InitRdyList
                0x08000f9c       0x7c uCOS-II\Source\os_core.o
 .text.OS_InitTaskIdle
                0x08001018       0x60 uCOS-II\Source\os_core.o
 .text.OS_InitTCBList
                0x08001078       0xd4 uCOS-II\Source\os_core.o
 .text.OS_MemClr
                0x0800114c       0x38 uCOS-II\Source\os_core.o
                0x0800114c                OS_MemClr
 .text.OS_Sched
                0x08001184       0xac uCOS-II\Source\os_core.o
                0x08001184                OS_Sched
 .text.OS_SchedNew
                0x08001230       0x58 uCOS-II\Source\os_core.o
 .text.OS_TaskIdle
                0x08001288       0x3c uCOS-II\Source\os_core.o
                0x08001288                OS_TaskIdle
 .text.OS_TCBInit
                0x080012c4      0x248 uCOS-II\Source\os_core.o
                0x080012c4                OS_TCBInit
 .text.OSDebugInit
                0x0800150c      0x1dc uCOS-II\Ports\ARM-Cortex-M3\Generic\GNU\os_dbg.o
                0x0800150c                OSDebugInit
 .text.OSInitHookBegin
                0x080016e8       0x50 uCOS-II\Ports\ARM-Cortex-M3\Generic\GNU\os_cpu_c.o
                0x080016e8                OSInitHookBegin
 .text.OSInitHookEnd
                0x08001738        0xc uCOS-II\Ports\ARM-Cortex-M3\Generic\GNU\os_cpu_c.o
                0x08001738                OSInitHookEnd
 .text.OSTaskCreateHook
                0x08001744       0x18 uCOS-II\Ports\ARM-Cortex-M3\Generic\GNU\os_cpu_c.o
                0x08001744                OSTaskCreateHook
 .text.OSTaskDelHook
                0x0800175c       0x18 uCOS-II\Ports\ARM-Cortex-M3\Generic\GNU\os_cpu_c.o
                0x0800175c                OSTaskDelHook
 .text.OSTaskIdleHook
                0x08001774        0xc uCOS-II\Ports\ARM-Cortex-M3\Generic\GNU\os_cpu_c.o
                0x08001774                OSTaskIdleHook
 .text.OSTaskReturnHook
                0x08001780       0x18 uCOS-II\Ports\ARM-Cortex-M3\Generic\GNU\os_cpu_c.o
                0x08001780                OSTaskReturnHook
 .text.OSTaskStkInit
                0x08001798      0x118 uCOS-II\Ports\ARM-Cortex-M3\Generic\GNU\os_cpu_c.o
                0x08001798                OSTaskStkInit
 .text.OSTaskSwHook
                0x080018b0        0xc uCOS-II\Ports\ARM-Cortex-M3\Generic\GNU\os_cpu_c.o
                0x080018b0                OSTaskSwHook
 .text.OSTCBInitHook
                0x080018bc       0x18 uCOS-II\Ports\ARM-Cortex-M3\Generic\GNU\os_cpu_c.o
                0x080018bc                OSTCBInitHook
 .text.OSTimeTickHook
                0x080018d4        0xc uCOS-II\Ports\ARM-Cortex-M3\Generic\GNU\os_cpu_c.o
                0x080018d4                OSTimeTickHook
 .text.OS_CPU_SysTickHandler
                0x080018e0       0x40 uCOS-II\Ports\ARM-Cortex-M3\Generic\GNU\os_cpu_c.o
                0x080018e0                OS_CPU_SysTickHandler
 .text.OS_CPU_SysTickInit
                0x08001920       0x60 uCOS-II\Ports\ARM-Cortex-M3\Generic\GNU\os_cpu_c.o
                0x08001920                OS_CPU_SysTickInit
 .text.Mem_Init
                0x08001980       0xbc uC-LIB\lib_mem.o
                0x08001980                Mem_Init
 .text.Mem_Clr  0x08001a3c       0x20 uC-LIB\lib_mem.o
                0x08001a3c                Mem_Clr
 .text.Mem_Set  0x08001a5c       0xe4 uC-LIB\lib_mem.o
                0x08001a5c                Mem_Set
 .text.Math_Init
                0x08001b40       0x10 uC-LIB\lib_math.o
                0x08001b40                Math_Init
 .text.Math_RandSetSeed
                0x08001b50       0x30 uC-LIB\lib_math.o
                0x08001b50                Math_RandSetSeed
 .text.CPU_Init
                0x08001b80       0x10 uC-CPU\cpu_core.o
                0x08001b80                CPU_Init
 .text.CPU_NameClr
                0x08001b90       0x34 uC-CPU\cpu_core.o
                0x08001b90                CPU_NameClr
 .text.CPU_TS_TmrFreqSet
                0x08001bc4       0x20 uC-CPU\cpu_core.o
                0x08001bc4                CPU_TS_TmrFreqSet
 .text.CPU_NameInit
                0x08001be4        0xc uC-CPU\cpu_core.o
 .text.CPU_TS_Init
                0x08001bf0       0x18 uC-CPU\cpu_core.o
 .text.Reset_Handler
                0x08001c08       0x44 BSP\cstartup.o
                0x08001c08                Reset_Handler
 .text.App_NMI_ISR
                0x08001c4c        0x2 BSP\cstartup.o
 .text.App_Fault_ISR
                0x08001c4e        0x2 BSP\cstartup.o
 .text.App_MemFault_ISR
                0x08001c50        0x2 BSP\cstartup.o
 .text.App_BusFault_ISR
                0x08001c52        0x2 BSP\cstartup.o
 .text.App_UsageFault_ISR
                0x08001c54        0x2 BSP\cstartup.o
 .text.App_Spurious_ISR
                0x08001c56        0x2 BSP\cstartup.o
 .text.BSP_PeriphEn
                0x08001c58      0x210 BSP\bsp_periph.o
                0x08001c58                BSP_PeriphEn
 .text.BSP_IntDisAll
                0x08001e68        0xc BSP\bsp_int.o
                0x08001e68                BSP_IntDisAll
 .text.BSP_IntVectSet
                0x08001e74       0x3c BSP\bsp_int.o
                0x08001e74                BSP_IntVectSet
 .text.BSP_IntInit
                0x08001eb0       0x34 BSP\bsp_int.o
                0x08001eb0                BSP_IntInit
 .text.BSP_IntHandlerWWDG
                0x08001ee4       0x10 BSP\bsp_int.o
                0x08001ee4                BSP_IntHandlerWWDG
 .text.BSP_IntHandlerPVD
                0x08001ef4       0x10 BSP\bsp_int.o
                0x08001ef4                BSP_IntHandlerPVD
 .text.BSP_IntHandlerTAMP_STAMP
                0x08001f04       0x10 BSP\bsp_int.o
                0x08001f04                BSP_IntHandlerTAMP_STAMP
 .text.BSP_IntHandlerRTC_WKUP
                0x08001f14       0x10 BSP\bsp_int.o
                0x08001f14                BSP_IntHandlerRTC_WKUP
 .text.BSP_IntHandlerFLASH
                0x08001f24       0x10 BSP\bsp_int.o
                0x08001f24                BSP_IntHandlerFLASH
 .text.BSP_IntHandlerRCC
                0x08001f34       0x10 BSP\bsp_int.o
                0x08001f34                BSP_IntHandlerRCC
 .text.BSP_IntHandlerEXTI0
                0x08001f44       0x10 BSP\bsp_int.o
                0x08001f44                BSP_IntHandlerEXTI0
 .text.BSP_IntHandlerEXTI1
                0x08001f54       0x10 BSP\bsp_int.o
                0x08001f54                BSP_IntHandlerEXTI1
 .text.BSP_IntHandlerEXTI2
                0x08001f64       0x10 BSP\bsp_int.o
                0x08001f64                BSP_IntHandlerEXTI2
 .text.BSP_IntHandlerEXTI3
                0x08001f74       0x10 BSP\bsp_int.o
                0x08001f74                BSP_IntHandlerEXTI3
 .text.BSP_IntHandlerEXTI4
                0x08001f84       0x10 BSP\bsp_int.o
                0x08001f84                BSP_IntHandlerEXTI4
 .text.BSP_IntHandlerDMA1_CH1
                0x08001f94       0x10 BSP\bsp_int.o
                0x08001f94                BSP_IntHandlerDMA1_CH1
 .text.BSP_IntHandlerDMA1_CH2
                0x08001fa4       0x10 BSP\bsp_int.o
                0x08001fa4                BSP_IntHandlerDMA1_CH2
 .text.BSP_IntHandlerDMA1_CH3
                0x08001fb4       0x10 BSP\bsp_int.o
                0x08001fb4                BSP_IntHandlerDMA1_CH3
 .text.BSP_IntHandlerDMA1_CH4
                0x08001fc4       0x10 BSP\bsp_int.o
                0x08001fc4                BSP_IntHandlerDMA1_CH4
 .text.BSP_IntHandlerDMA1_CH5
                0x08001fd4       0x10 BSP\bsp_int.o
                0x08001fd4                BSP_IntHandlerDMA1_CH5
 .text.BSP_IntHandlerDMA1_CH6
                0x08001fe4       0x10 BSP\bsp_int.o
                0x08001fe4                BSP_IntHandlerDMA1_CH6
 .text.BSP_IntHandlerDMA1_CH7
                0x08001ff4       0x10 BSP\bsp_int.o
                0x08001ff4                BSP_IntHandlerDMA1_CH7
 .text.BSP_IntHandlerADC1
                0x08002004       0x10 BSP\bsp_int.o
                0x08002004                BSP_IntHandlerADC1
 .text.BSP_IntHandlerUSB_HP
                0x08002014       0x10 BSP\bsp_int.o
                0x08002014                BSP_IntHandlerUSB_HP
 .text.BSP_IntHandlerUSB_LP
                0x08002024       0x10 BSP\bsp_int.o
                0x08002024                BSP_IntHandlerUSB_LP
 .text.BSP_IntHandlerDAC
                0x08002034       0x10 BSP\bsp_int.o
                0x08002034                BSP_IntHandlerDAC
 .text.BSP_IntHandlerCOMP
                0x08002044       0x10 BSP\bsp_int.o
                0x08002044                BSP_IntHandlerCOMP
 .text.BSP_IntHandlerEXTI9_5
                0x08002054       0x10 BSP\bsp_int.o
                0x08002054                BSP_IntHandlerEXTI9_5
 .text.BSP_IntHandlerLCD
                0x08002064       0x10 BSP\bsp_int.o
                0x08002064                BSP_IntHandlerLCD
 .text.BSP_IntHandlerTIM9
                0x08002074       0x10 BSP\bsp_int.o
                0x08002074                BSP_IntHandlerTIM9
 .text.BSP_IntHandlerTIM10
                0x08002084       0x10 BSP\bsp_int.o
                0x08002084                BSP_IntHandlerTIM10
 .text.BSP_IntHandlerTIM11
                0x08002094       0x10 BSP\bsp_int.o
                0x08002094                BSP_IntHandlerTIM11
 .text.BSP_IntHandlerTIM2
                0x080020a4       0x10 BSP\bsp_int.o
                0x080020a4                BSP_IntHandlerTIM2
 .text.BSP_IntHandlerTIM3
                0x080020b4       0x10 BSP\bsp_int.o
                0x080020b4                BSP_IntHandlerTIM3
 .text.BSP_IntHandlerTIM4
                0x080020c4       0x10 BSP\bsp_int.o
                0x080020c4                BSP_IntHandlerTIM4
 .text.BSP_IntHandlerI2C1_EV
                0x080020d4       0x10 BSP\bsp_int.o
                0x080020d4                BSP_IntHandlerI2C1_EV
 .text.BSP_IntHandlerI2C1_ER
                0x080020e4       0x10 BSP\bsp_int.o
                0x080020e4                BSP_IntHandlerI2C1_ER
 .text.BSP_IntHandlerI2C2_EV
                0x080020f4       0x10 BSP\bsp_int.o
                0x080020f4                BSP_IntHandlerI2C2_EV
 .text.BSP_IntHandlerI2C2_ER
                0x08002104       0x10 BSP\bsp_int.o
                0x08002104                BSP_IntHandlerI2C2_ER
 .text.BSP_IntHandlerSPI1
                0x08002114       0x10 BSP\bsp_int.o
                0x08002114                BSP_IntHandlerSPI1
 .text.BSP_IntHandlerSPI2
                0x08002124       0x10 BSP\bsp_int.o
                0x08002124                BSP_IntHandlerSPI2
 .text.BSP_IntHandlerUSART1
                0x08002134       0x10 BSP\bsp_int.o
                0x08002134                BSP_IntHandlerUSART1
 .text.BSP_IntHandlerUSART2
                0x08002144       0x10 BSP\bsp_int.o
                0x08002144                BSP_IntHandlerUSART2
 .text.BSP_IntHandlerUSART3
                0x08002154       0x10 BSP\bsp_int.o
                0x08002154                BSP_IntHandlerUSART3
 .text.BSP_IntHandlerEXTI15_10
                0x08002164       0x10 BSP\bsp_int.o
                0x08002164                BSP_IntHandlerEXTI15_10
 .text.BSP_IntHandlerRTCAlarm
                0x08002174       0x10 BSP\bsp_int.o
                0x08002174                BSP_IntHandlerRTCAlarm
 .text.BSP_IntHandlerUSB_FS_WKUP
                0x08002184       0x10 BSP\bsp_int.o
                0x08002184                BSP_IntHandlerUSB_FS_WKUP
 .text.BSP_IntHandlerTIM6
                0x08002194       0x10 BSP\bsp_int.o
                0x08002194                BSP_IntHandlerTIM6
 .text.BSP_IntHandlerTIM7
                0x080021a4       0x10 BSP\bsp_int.o
                0x080021a4                BSP_IntHandlerTIM7
 .text.BSP_IntHandlerSDIO
                0x080021b4       0x10 BSP\bsp_int.o
                0x080021b4                BSP_IntHandlerSDIO
 .text.BSP_IntHandlerTIM5
                0x080021c4       0x10 BSP\bsp_int.o
                0x080021c4                BSP_IntHandlerTIM5
 .text.BSP_IntHandlerSPI3
                0x080021d4       0x10 BSP\bsp_int.o
                0x080021d4                BSP_IntHandlerSPI3
 .text.BSP_IntHandlerUART4
                0x080021e4       0x10 BSP\bsp_int.o
                0x080021e4                BSP_IntHandlerUART4
 .text.BSP_IntHandlerUART5
                0x080021f4       0x10 BSP\bsp_int.o
                0x080021f4                BSP_IntHandlerUART5
 .text.BSP_IntHandlerDMA2_CH1
                0x08002204       0x10 BSP\bsp_int.o
                0x08002204                BSP_IntHandlerDMA2_CH1
 .text.BSP_IntHandlerDMA2_CH2
                0x08002214       0x10 BSP\bsp_int.o
                0x08002214                BSP_IntHandlerDMA2_CH2
 .text.BSP_IntHandlerDMA2_CH3
                0x08002224       0x10 BSP\bsp_int.o
                0x08002224                BSP_IntHandlerDMA2_CH3
 .text.BSP_IntHandlerDMA2_CH4
                0x08002234       0x10 BSP\bsp_int.o
                0x08002234                BSP_IntHandlerDMA2_CH4
 .text.BSP_IntHandlerDMA2_CH5
                0x08002244       0x10 BSP\bsp_int.o
                0x08002244                BSP_IntHandlerDMA2_CH5
 .text.BSP_IntHandlerAES
                0x08002254       0x10 BSP\bsp_int.o
                0x08002254                BSP_IntHandlerAES
 .text.BSP_IntHandlerCOMP_ACQ
                0x08002264       0x10 BSP\bsp_int.o
                0x08002264                BSP_IntHandlerCOMP_ACQ
 .text.BSP_IntHandler
                0x08002274       0x4c BSP\bsp_int.o
 .text.BSP_IntHandlerDummy
                0x080022c0        0xc BSP\bsp_int.o
 .text.BSP_Init
                0x080022cc       0xbc BSP\bsp.o
                0x080022cc                BSP_Init
 .text.BSP_CPU_ClkFreq
                0x08002388       0x1c BSP\bsp.o
                0x08002388                BSP_CPU_ClkFreq
 .text.BSP_LED_Init
                0x080023a4       0x44 BSP\bsp.o
 .text.BSP_LED_Toggle
                0x080023e8      0x114 BSP\bsp.o
                0x080023e8                BSP_LED_Toggle
 .text.CPU_TS_TmrInit
                0x080024fc       0x5c BSP\bsp.o
                0x080024fc                CPU_TS_TmrInit
 .text.RCC_DeInit
                0x08002558       0xa0 BSP\ST\STM32L1xx\src\stm32l1xx_rcc.o
                0x08002558                RCC_DeInit
 .text.RCC_HSEConfig
                0x080025f8       0x30 BSP\ST\STM32L1xx\src\stm32l1xx_rcc.o
                0x080025f8                RCC_HSEConfig
 .text.RCC_PLLConfig
                0x08002628       0x34 BSP\ST\STM32L1xx\src\stm32l1xx_rcc.o
                0x08002628                RCC_PLLConfig
 .text.RCC_PLLCmd
                0x0800265c       0x20 BSP\ST\STM32L1xx\src\stm32l1xx_rcc.o
                0x0800265c                RCC_PLLCmd
 .text.RCC_SYSCLKConfig
                0x0800267c       0x40 BSP\ST\STM32L1xx\src\stm32l1xx_rcc.o
                0x0800267c                RCC_SYSCLKConfig
 .text.RCC_GetSYSCLKSource
                0x080026bc       0x20 BSP\ST\STM32L1xx\src\stm32l1xx_rcc.o
                0x080026bc                RCC_GetSYSCLKSource
 .text.RCC_HCLKConfig
                0x080026dc       0x40 BSP\ST\STM32L1xx\src\stm32l1xx_rcc.o
                0x080026dc                RCC_HCLKConfig
 .text.RCC_PCLK1Config
                0x0800271c       0x40 BSP\ST\STM32L1xx\src\stm32l1xx_rcc.o
                0x0800271c                RCC_PCLK1Config
 .text.RCC_PCLK2Config
                0x0800275c       0x44 BSP\ST\STM32L1xx\src\stm32l1xx_rcc.o
                0x0800275c                RCC_PCLK2Config
 .text.RCC_GetClocksFreq
                0x080027a0      0x22c BSP\ST\STM32L1xx\src\stm32l1xx_rcc.o
                0x080027a0                RCC_GetClocksFreq
 .text.RCC_APB1PeriphClockCmd
                0x080029cc       0x58 BSP\ST\STM32L1xx\src\stm32l1xx_rcc.o
                0x080029cc                RCC_APB1PeriphClockCmd
 .text.RCC_GetFlagStatus
                0x08002a24       0x7c BSP\ST\STM32L1xx\src\stm32l1xx_rcc.o
                0x08002a24                RCC_GetFlagStatus
 .text.PWR_VoltageScalingConfig
                0x08002aa0       0x44 BSP\ST\STM32L1xx\src\stm32l1xx_pwr.o
                0x08002aa0                PWR_VoltageScalingConfig
 .text.PWR_GetFlagStatus
                0x08002ae4       0x40 BSP\ST\STM32L1xx\src\stm32l1xx_pwr.o
                0x08002ae4                PWR_GetFlagStatus
 .text.GPIO_Init
                0x08002b24      0x15c BSP\ST\STM32L1xx\src\stm32l1xx_gpio.o
                0x08002b24                GPIO_Init
 .text.GPIO_ReadOutputData
                0x08002c80       0x1c BSP\ST\STM32L1xx\src\stm32l1xx_gpio.o
                0x08002c80                GPIO_ReadOutputData
 .text.GPIO_SetBits
                0x08002c9c       0x1c BSP\ST\STM32L1xx\src\stm32l1xx_gpio.o
                0x08002c9c                GPIO_SetBits
 .text.GPIO_ResetBits
                0x08002cb8       0x1c BSP\ST\STM32L1xx\src\stm32l1xx_gpio.o
                0x08002cb8                GPIO_ResetBits
 .text.FLASH_SetLatency
                0x08002cd4       0x40 BSP\ST\STM32L1xx\src\stm32l1xx_flash.o
                0x08002cd4                FLASH_SetLatency
 .text.FLASH_PrefetchBufferCmd
                0x08002d14       0x4c BSP\ST\STM32L1xx\src\stm32l1xx_flash.o
                0x08002d14                FLASH_PrefetchBufferCmd
 .text.FLASH_ReadAccess64Cmd
                0x08002d60       0x4c BSP\ST\STM32L1xx\src\stm32l1xx_flash.o
                0x08002d60                FLASH_ReadAccess64Cmd
 .text.App_TaskCreateHook
                0x08002dac       0x14 APP\app_hooks.o
                0x08002dac                App_TaskCreateHook
 .text.App_TaskDelHook
                0x08002dc0       0x14 APP\app_hooks.o
                0x08002dc0                App_TaskDelHook
 .text.App_TaskIdleHook
                0x08002dd4        0xc APP\app_hooks.o
                0x08002dd4                App_TaskIdleHook
 .text.App_TaskReturnHook
                0x08002de0       0x14 APP\app_hooks.o
                0x08002de0                App_TaskReturnHook
 .text.App_TaskSwHook
                0x08002df4        0xc APP\app_hooks.o
                0x08002df4                App_TaskSwHook
 .text.App_TCBInitHook
                0x08002e00       0x14 APP\app_hooks.o
                0x08002e00                App_TCBInitHook
 .text.App_TimeTickHook
                0x08002e14        0xc APP\app_hooks.o
                0x08002e14                App_TimeTickHook
 .text.main     0x08002e20       0x74 APP\app.o
                0x08002e20                main
 .text.AppTaskStart
                0x08002e94       0x60 APP\app.o
 .text.AppEventCreate
                0x08002ef4        0xc APP\app.o
 .text.AppTaskCreate
                0x08002f00        0xc APP\app.o
 .text.__libc_init_array
                0x08002f0c       0x48 c:/program files (x86)/atollic/truestudio for arm pro 3.2.0/armtools/bin/../lib/gcc/arm-atollic-eabi/4.6.2/../../../../arm-atollic-eabi/lib/thumb/armv7-m\libc.a(lib_a-init.o)
                0x08002f0c                __libc_init_array
 *(.rodata)
 .rodata        0x08002f54        0x4 uCOS-II\Source\os_task.o
 .rodata        0x08002f58        0x4 uCOS-II\Source\os_mem.o
 .rodata        0x08002f5c        0x4 uCOS-II\Source\os_flag.o
 .rodata        0x08002f60       0x14 uCOS-II\Source\os_core.o
 .rodata        0x08002f74        0x8 APP\app.o
 *(.rodata*)
 .rodata.OSUnMapTbl
                0x08002f7c      0x100 uCOS-II\Source\os_core.o
                0x08002f7c                OSUnMapTbl
 .rodata.OSDebugEn
                0x0800307c        0x2 uCOS-II\Ports\ARM-Cortex-M3\Generic\GNU\os_dbg.o
                0x0800307c                OSDebugEn
 *fill*         0x0800307e        0x2 00
 .rodata.OSEndiannessTest
                0x08003080        0x4 uCOS-II\Ports\ARM-Cortex-M3\Generic\GNU\os_dbg.o
                0x08003080                OSEndiannessTest
 .rodata.OSEventEn
                0x08003084        0x2 uCOS-II\Ports\ARM-Cortex-M3\Generic\GNU\os_dbg.o
                0x08003084                OSEventEn
 .rodata.OSEventMax
                0x08003086        0x2 uCOS-II\Ports\ARM-Cortex-M3\Generic\GNU\os_dbg.o
                0x08003086                OSEventMax
 .rodata.OSEventNameEn
                0x08003088        0x2 uCOS-II\Ports\ARM-Cortex-M3\Generic\GNU\os_dbg.o
                0x08003088                OSEventNameEn
 .rodata.OSEventSize
                0x0800308a        0x2 uCOS-II\Ports\ARM-Cortex-M3\Generic\GNU\os_dbg.o
                0x0800308a                OSEventSize
 .rodata.OSEventTblSize
                0x0800308c        0x2 uCOS-II\Ports\ARM-Cortex-M3\Generic\GNU\os_dbg.o
                0x0800308c                OSEventTblSize
 .rodata.OSEventMultiEn
                0x0800308e        0x2 uCOS-II\Ports\ARM-Cortex-M3\Generic\GNU\os_dbg.o
                0x0800308e                OSEventMultiEn
 .rodata.OSFlagEn
                0x08003090        0x2 uCOS-II\Ports\ARM-Cortex-M3\Generic\GNU\os_dbg.o
                0x08003090                OSFlagEn
 .rodata.OSFlagGrpSize
                0x08003092        0x2 uCOS-II\Ports\ARM-Cortex-M3\Generic\GNU\os_dbg.o
                0x08003092                OSFlagGrpSize
 .rodata.OSFlagNodeSize
                0x08003094        0x2 uCOS-II\Ports\ARM-Cortex-M3\Generic\GNU\os_dbg.o
                0x08003094                OSFlagNodeSize
 .rodata.OSFlagWidth
                0x08003096        0x2 uCOS-II\Ports\ARM-Cortex-M3\Generic\GNU\os_dbg.o
                0x08003096                OSFlagWidth
 .rodata.OSFlagMax
                0x08003098        0x2 uCOS-II\Ports\ARM-Cortex-M3\Generic\GNU\os_dbg.o
                0x08003098                OSFlagMax
 .rodata.OSFlagNameEn
                0x0800309a        0x2 uCOS-II\Ports\ARM-Cortex-M3\Generic\GNU\os_dbg.o
                0x0800309a                OSFlagNameEn
 .rodata.OSLowestPrio
                0x0800309c        0x2 uCOS-II\Ports\ARM-Cortex-M3\Generic\GNU\os_dbg.o
                0x0800309c                OSLowestPrio
 .rodata.OSMboxEn
                0x0800309e        0x2 uCOS-II\Ports\ARM-Cortex-M3\Generic\GNU\os_dbg.o
                0x0800309e                OSMboxEn
 .rodata.OSMemEn
                0x080030a0        0x2 uCOS-II\Ports\ARM-Cortex-M3\Generic\GNU\os_dbg.o
                0x080030a0                OSMemEn
 .rodata.OSMemMax
                0x080030a2        0x2 uCOS-II\Ports\ARM-Cortex-M3\Generic\GNU\os_dbg.o
                0x080030a2                OSMemMax
 .rodata.OSMemNameEn
                0x080030a4        0x2 uCOS-II\Ports\ARM-Cortex-M3\Generic\GNU\os_dbg.o
                0x080030a4                OSMemNameEn
 .rodata.OSMemSize
                0x080030a6        0x2 uCOS-II\Ports\ARM-Cortex-M3\Generic\GNU\os_dbg.o
                0x080030a6                OSMemSize
 .rodata.OSMemTblSize
                0x080030a8        0x2 uCOS-II\Ports\ARM-Cortex-M3\Generic\GNU\os_dbg.o
                0x080030a8                OSMemTblSize
 .rodata.OSMutexEn
                0x080030aa        0x2 uCOS-II\Ports\ARM-Cortex-M3\Generic\GNU\os_dbg.o
                0x080030aa                OSMutexEn
 .rodata.OSPtrSize
                0x080030ac        0x2 uCOS-II\Ports\ARM-Cortex-M3\Generic\GNU\os_dbg.o
                0x080030ac                OSPtrSize
 .rodata.OSQEn  0x080030ae        0x2 uCOS-II\Ports\ARM-Cortex-M3\Generic\GNU\os_dbg.o
                0x080030ae                OSQEn
 .rodata.OSQMax
                0x080030b0        0x2 uCOS-II\Ports\ARM-Cortex-M3\Generic\GNU\os_dbg.o
                0x080030b0                OSQMax
 .rodata.OSQSize
                0x080030b2        0x2 uCOS-II\Ports\ARM-Cortex-M3\Generic\GNU\os_dbg.o
                0x080030b2                OSQSize
 .rodata.OSRdyTblSize
                0x080030b4        0x2 uCOS-II\Ports\ARM-Cortex-M3\Generic\GNU\os_dbg.o
                0x080030b4                OSRdyTblSize
 .rodata.OSSemEn
                0x080030b6        0x2 uCOS-II\Ports\ARM-Cortex-M3\Generic\GNU\os_dbg.o
                0x080030b6                OSSemEn
 .rodata.OSStkWidth
                0x080030b8        0x2 uCOS-II\Ports\ARM-Cortex-M3\Generic\GNU\os_dbg.o
                0x080030b8                OSStkWidth
 .rodata.OSTaskCreateEn
                0x080030ba        0x2 uCOS-II\Ports\ARM-Cortex-M3\Generic\GNU\os_dbg.o
                0x080030ba                OSTaskCreateEn
 .rodata.OSTaskCreateExtEn
                0x080030bc        0x2 uCOS-II\Ports\ARM-Cortex-M3\Generic\GNU\os_dbg.o
                0x080030bc                OSTaskCreateExtEn
 .rodata.OSTaskDelEn
                0x080030be        0x2 uCOS-II\Ports\ARM-Cortex-M3\Generic\GNU\os_dbg.o
                0x080030be                OSTaskDelEn
 .rodata.OSTaskIdleStkSize
                0x080030c0        0x2 uCOS-II\Ports\ARM-Cortex-M3\Generic\GNU\os_dbg.o
                0x080030c0                OSTaskIdleStkSize
 .rodata.OSTaskProfileEn
                0x080030c2        0x2 uCOS-II\Ports\ARM-Cortex-M3\Generic\GNU\os_dbg.o
                0x080030c2                OSTaskProfileEn
 .rodata.OSTaskMax
                0x080030c4        0x2 uCOS-II\Ports\ARM-Cortex-M3\Generic\GNU\os_dbg.o
                0x080030c4                OSTaskMax
 .rodata.OSTaskNameEn
                0x080030c6        0x2 uCOS-II\Ports\ARM-Cortex-M3\Generic\GNU\os_dbg.o
                0x080030c6                OSTaskNameEn
 .rodata.OSTaskStatEn
                0x080030c8        0x2 uCOS-II\Ports\ARM-Cortex-M3\Generic\GNU\os_dbg.o
                0x080030c8                OSTaskStatEn
 .rodata.OSTaskStatStkSize
                0x080030ca        0x2 uCOS-II\Ports\ARM-Cortex-M3\Generic\GNU\os_dbg.o
                0x080030ca                OSTaskStatStkSize
 .rodata.OSTaskStatStkChkEn
                0x080030cc        0x2 uCOS-II\Ports\ARM-Cortex-M3\Generic\GNU\os_dbg.o
                0x080030cc                OSTaskStatStkChkEn
 .rodata.OSTaskSwHookEn
                0x080030ce        0x2 uCOS-II\Ports\ARM-Cortex-M3\Generic\GNU\os_dbg.o
                0x080030ce                OSTaskSwHookEn
 .rodata.OSTCBPrioTblMax
                0x080030d0        0x2 uCOS-II\Ports\ARM-Cortex-M3\Generic\GNU\os_dbg.o
                0x080030d0                OSTCBPrioTblMax
 .rodata.OSTCBSize
                0x080030d2        0x2 uCOS-II\Ports\ARM-Cortex-M3\Generic\GNU\os_dbg.o
                0x080030d2                OSTCBSize
 .rodata.OSTicksPerSec
                0x080030d4        0x2 uCOS-II\Ports\ARM-Cortex-M3\Generic\GNU\os_dbg.o
                0x080030d4                OSTicksPerSec
 .rodata.OSTimeTickHookEn
                0x080030d6        0x2 uCOS-II\Ports\ARM-Cortex-M3\Generic\GNU\os_dbg.o
                0x080030d6                OSTimeTickHookEn
 .rodata.OSVersionNbr
                0x080030d8        0x2 uCOS-II\Ports\ARM-Cortex-M3\Generic\GNU\os_dbg.o
                0x080030d8                OSVersionNbr
 .rodata.OSDataSize
                0x080030da        0x2 uCOS-II\Ports\ARM-Cortex-M3\Generic\GNU\os_dbg.o
                0x080030da                OSDataSize
 *(.glue_7)
 .glue_7        0x00000000        0x0 linker stubs
 *(.glue_7t)
 .glue_7t       0x00000000        0x0 linker stubs
 *(.eh_frame)
 .eh_frame      0x080030dc        0x0 c:/program files (x86)/atollic/truestudio for arm pro 3.2.0/armtools/bin/../lib/gcc/arm-atollic-eabi/4.6.2/thumb/armv7-m/crtbegin.o
 *(.init)
 .init          0x080030dc        0x4 c:/program files (x86)/atollic/truestudio for arm pro 3.2.0/armtools/bin/../lib/gcc/arm-atollic-eabi/4.6.2/thumb/armv7-m/crti.o
                0x080030dc                _init
 .init          0x080030e0        0x8 c:/program files (x86)/atollic/truestudio for arm pro 3.2.0/armtools/bin/../lib/gcc/arm-atollic-eabi/4.6.2/thumb/armv7-m/crtn.o
 *(.fini)
 .fini          0x080030e8        0x4 c:/program files (x86)/atollic/truestudio for arm pro 3.2.0/armtools/bin/../lib/gcc/arm-atollic-eabi/4.6.2/thumb/armv7-m/crti.o
                0x080030e8                _fini
 .fini          0x080030ec        0x8 c:/program files (x86)/atollic/truestudio for arm pro 3.2.0/armtools/bin/../lib/gcc/arm-atollic-eabi/4.6.2/thumb/armv7-m/crtn.o
                0x080030f4                . = ALIGN (0x4)
                0x080030f4                _etext = .

.vfp11_veneer   0x080030f4        0x0
 .vfp11_veneer  0x00000000        0x0 linker stubs

.v4_bx          0x080030f4        0x0
 .v4_bx         0x00000000        0x0 linker stubs

.ARM.extab
 *(.ARM.extab* .gnu.linkonce.armextab.*)

.ARM            0x080030f4        0x0
                0x080030f4                __exidx_start = .
 *(.ARM.exidx*)
                0x080030f4                __exidx_end = .

.preinit_array  0x080030f4        0x0
                0x080030f4                PROVIDE (__preinit_array_start, .)
 *(.preinit_array*)
                0x080030f4                PROVIDE (__preinit_array_end, .)

.init_array     0x080030f4        0x4
                0x080030f4                PROVIDE (__init_array_start, .)
 *(SORT(.init_array.*))
 *(.init_array*)
 .init_array    0x080030f4        0x4 c:/program files (x86)/atollic/truestudio for arm pro 3.2.0/armtools/bin/../lib/gcc/arm-atollic-eabi/4.6.2/thumb/armv7-m/crtbegin.o
                0x080030f8                PROVIDE (__init_array_end, .)

.fini_array     0x080030f8        0x4
                0x080030f8                PROVIDE (__fini_array_start, .)
 *(SORT(.fini_array.*))
 *(.fini_array*)
 .fini_array    0x080030f8        0x4 c:/program files (x86)/atollic/truestudio for arm pro 3.2.0/armtools/bin/../lib/gcc/arm-atollic-eabi/4.6.2/thumb/armv7-m/crtbegin.o
                0x080030fc                PROVIDE (__fini_array_end, .)
                0x080030fc                _sidata = LOADADDR (.data)

.data           0x20000000       0x1c load address 0x080030fc
                0x20000000                . = ALIGN (0x4)
                0x20000000                _sdata = .
 *(.data)
 *(.data*)
 .data.PLLMulTable
                0x20000000        0xc BSP\ST\STM32L1xx\src\stm32l1xx_rcc.o
 .data.APBAHBPrescTable
                0x2000000c       0x10 BSP\ST\STM32L1xx\src\stm32l1xx_rcc.o
                0x2000001c                . = ALIGN (0x4)
                0x2000001c                _edata = .

.jcr            0x2000001c        0x0 load address 0x08003118
 .jcr           0x2000001c        0x0 c:/program files (x86)/atollic/truestudio for arm pro 3.2.0/armtools/bin/../lib/gcc/arm-atollic-eabi/4.6.2/thumb/armv7-m/crtbegin.o
                0x2000001c                . = ALIGN (0x4)

.bss            0x2000001c     0x1574 load address 0x08003118
                0x2000001c                _sbss = .
                0x2000001c                __bss_start__ = _sbss
 *(.bss)
 .bss           0x2000001c       0x1c c:/program files (x86)/atollic/truestudio for arm pro 3.2.0/armtools/bin/../lib/gcc/arm-atollic-eabi/4.6.2/thumb/armv7-m/crtbegin.o
 *(.bss*)
 .bss.BSP_IntVectTbl
                0x20000038       0xe4 BSP\bsp_int.o
 .bss.AppTaskStartStk
                0x2000011c      0x200 APP\app.o
 *(COMMON)
 COMMON         0x2000031c      0x80c uCOS-II\Source\os_core.o
                0x2000031c                OSLockNesting
                0x2000031d                OSTaskRegNextAvailID
                0x2000031e                OSRunning
                0x20000320                OSIdleCtr
                0x20000324                OSPrioHighRdy
                0x20000328                OSFlagTbl
                0x20000378                OSPrioCur
                0x2000037c                OSTCBList
                0x20000380                OSTickStepState
                0x20000384                OSMemTbl
                0x200003fc                OSCtxSwCtr
                0x20000400                OSTCBFreeList
                0x20000404                OSTaskCtr
                0x20000408                OSMemFreeList
                0x2000040c                OSQTbl
                0x2000046c                OSTCBHighRdy
                0x20000470                OSQFreeList
                0x20000474                OSRdyGrp
                0x20000478                OSRdyTbl
                0x2000047c                OSEventFreeList
                0x20000480                OSIntNesting
                0x20000484                OSTCBCur
                0x20000488                OSTime
                0x2000048c                OSTaskIdleStk
                0x2000068c                OSEventTbl
                0x20000754                OSTCBTbl
                0x20000af0                OSFlagFreeList
                0x20000af4                OSTCBPrioTbl
 COMMON         0x20000b28      0x204 uCOS-II\Ports\ARM-Cortex-M3\Generic\GNU\os_cpu_c.o
                0x20000b28                OS_CPU_ExceptStkBase
                0x20000b2c                OS_CPU_ExceptStk
 COMMON         0x20000d2c      0x84c uC-LIB\lib_mem.o
                0x20000d2c                Mem_PoolHeap
                0x20000d74                Mem_Heap
                0x20001574                Mem_PoolTbl
 COMMON         0x20001578        0x4 uC-LIB\lib_math.o
                0x20001578                Math_RandSeedCur
 COMMON         0x2000157c       0x14 uC-CPU\cpu_core.o
                0x2000157c                CPU_TS_TmrFreq_Hz
                0x20001580                CPU_Name
                0x20001590                . = ALIGN (0x4)
                0x20001590                _ebss = .
                0x20001590                __bss_end__ = _ebss

._user_heap_stack
                0x20001590       0x80 load address 0x08003118
                0x20001590                . = ALIGN (0x4)
                0x20001590                PROVIDE (end, .)
                0x20001590                PROVIDE (_end, .)
                0x20001590                . = (. + _Min_Heap_Size)
                0x20001610                . = (. + _Min_Stack_Size)
 *fill*         0x20001590       0x80 00
                0x20001610                . = ALIGN (0x4)

.memory_b1_text
 *(.mb1text)
 *(.mb1text*)
 *(.mb1rodata)
 *(.mb1rodata*)

/DISCARD/
 libc.a(*)
 libm.a(*)
 libgcc.a(*)

.ARM.attributes
                0x00000000       0x29
 *(.ARM.attributes)
 .ARM.attributes
                0x00000000       0x1d c:/program files (x86)/atollic/truestudio for arm pro 3.2.0/armtools/bin/../lib/gcc/arm-atollic-eabi/4.6.2/thumb/armv7-m/crti.o
 .ARM.attributes
                0x0000001d       0x2d c:/program files (x86)/atollic/truestudio for arm pro 3.2.0/armtools/bin/../lib/gcc/arm-atollic-eabi/4.6.2/thumb/armv7-m/crtbegin.o
 .ARM.attributes
                0x0000004a       0x33 uCOS-II\Source\os_tmr.o
 .ARM.attributes
                0x0000007d       0x33 uCOS-II\Source\os_time.o
 .ARM.attributes
                0x000000b0       0x33 uCOS-II\Source\os_task.o
 .ARM.attributes
                0x000000e3       0x33 uCOS-II\Source\os_sem.o
 .ARM.attributes
                0x00000116       0x33 uCOS-II\Source\os_q.o
 .ARM.attributes
                0x00000149       0x33 uCOS-II\Source\os_mutex.o
 .ARM.attributes
                0x0000017c       0x33 uCOS-II\Source\os_mem.o
 .ARM.attributes
                0x000001af       0x33 uCOS-II\Source\os_mbox.o
 .ARM.attributes
                0x000001e2       0x33 uCOS-II\Source\os_flag.o
 .ARM.attributes
                0x00000215       0x33 uCOS-II\Source\os_core.o
 .ARM.attributes
                0x00000248       0x33 uCOS-II\Ports\ARM-Cortex-M3\Generic\GNU\os_dbg.o
 .ARM.attributes
                0x0000027b       0x33 uCOS-II\Ports\ARM-Cortex-M3\Generic\GNU\os_cpu_c.o
 .ARM.attributes
                0x000002ae       0x21 uCOS-II\Ports\ARM-Cortex-M3\Generic\GNU\os_cpu_a.o
 .ARM.attributes
                0x000002cf       0x33 uC-LIB\lib_str.o
 .ARM.attributes
                0x00000302       0x33 uC-LIB\lib_mem.o
 .ARM.attributes
                0x00000335       0x33 uC-LIB\lib_math.o
 .ARM.attributes
                0x00000368       0x33 uC-LIB\lib_ascii.o
 .ARM.attributes
                0x0000039b       0x33 uC-CPU\cpu_core.o
 .ARM.attributes
                0x000003ce       0x33 uC-CPU\ARM-Cortex-M3\GNU\cpu_c.o
 .ARM.attributes
                0x00000401       0x21 uC-CPU\ARM-Cortex-M3\GNU\cpu_a.o
 .ARM.attributes
                0x00000422       0x21 BSP\cstartup.o
 .ARM.attributes
                0x00000443       0x33 BSP\bsp_periph.o
 .ARM.attributes
                0x00000476       0x33 BSP\bsp_int.o
 .ARM.attributes
                0x000004a9       0x33 BSP\bsp.o
 .ARM.attributes
                0x000004dc       0x33 BSP\ST\STM32L1xx\src\stm32l1xx_wwdg.o
 .ARM.attributes
                0x0000050f       0x33 BSP\ST\STM32L1xx\src\stm32l1xx_usart.o
 .ARM.attributes
                0x00000542       0x33 BSP\ST\STM32L1xx\src\stm32l1xx_tim.o
 .ARM.attributes
                0x00000575       0x33 BSP\ST\STM32L1xx\src\stm32l1xx_syscfg.o
 .ARM.attributes
                0x000005a8       0x33 BSP\ST\STM32L1xx\src\stm32l1xx_spi.o
 .ARM.attributes
                0x000005db       0x33 BSP\ST\STM32L1xx\src\stm32l1xx_sdio.o
 .ARM.attributes
                0x0000060e       0x33 BSP\ST\STM32L1xx\src\stm32l1xx_rtc.o
 .ARM.attributes
                0x00000641       0x33 BSP\ST\STM32L1xx\src\stm32l1xx_rcc.o
 .ARM.attributes
                0x00000674       0x33 BSP\ST\STM32L1xx\src\stm32l1xx_pwr.o
 .ARM.attributes
                0x000006a7       0x33 BSP\ST\STM32L1xx\src\stm32l1xx_opamp.o
 .ARM.attributes
                0x000006da       0x33 BSP\ST\STM32L1xx\src\stm32l1xx_lcd.o
 .ARM.attributes
                0x0000070d       0x33 BSP\ST\STM32L1xx\src\stm32l1xx_iwdg.o
 .ARM.attributes
                0x00000740       0x33 BSP\ST\STM32L1xx\src\stm32l1xx_i2c.o
 .ARM.attributes
                0x00000773       0x33 BSP\ST\STM32L1xx\src\stm32l1xx_gpio.o
 .ARM.attributes
                0x000007a6       0x33 BSP\ST\STM32L1xx\src\stm32l1xx_fsmc.o
 .ARM.attributes
                0x000007d9       0x33 BSP\ST\STM32L1xx\src\stm32l1xx_flash_ramfunc.o
 .ARM.attributes
                0x0000080c       0x33 BSP\ST\STM32L1xx\src\stm32l1xx_flash.o
 .ARM.attributes
                0x0000083f       0x33 BSP\ST\STM32L1xx\src\stm32l1xx_exti.o
 .ARM.attributes
                0x00000872       0x33 BSP\ST\STM32L1xx\src\stm32l1xx_dma.o
 .ARM.attributes
                0x000008a5       0x33 BSP\ST\STM32L1xx\src\stm32l1xx_dbgmcu.o
 .ARM.attributes
                0x000008d8       0x33 BSP\ST\STM32L1xx\src\stm32l1xx_dac.o
 .ARM.attributes
                0x0000090b       0x33 BSP\ST\STM32L1xx\src\stm32l1xx_crc.o
 .ARM.attributes
                0x0000093e       0x33 BSP\ST\STM32L1xx\src\stm32l1xx_comp.o
 .ARM.attributes
                0x00000971       0x33 BSP\ST\STM32L1xx\src\stm32l1xx_aes_util.o
 .ARM.attributes
                0x000009a4       0x33 BSP\ST\STM32L1xx\src\stm32l1xx_aes.o
 .ARM.attributes
                0x000009d7       0x33 BSP\ST\STM32L1xx\src\stm32l1xx_adc.o
 .ARM.attributes
                0x00000a0a       0x33 BSP\ST\STM32L1xx\src\misc.o
 .ARM.attributes
                0x00000a3d       0x33 BSP\OS\bsp_os.o
 .ARM.attributes
                0x00000a70       0x33 APP\app_hooks.o
 .ARM.attributes
                0x00000aa3       0x33 APP\app.o
 .ARM.attributes
                0x00000ad6       0x1d c:/program files (x86)/atollic/truestudio for arm pro 3.2.0/armtools/bin/../lib/gcc/arm-atollic-eabi/4.6.2/thumb/armv7-m\libgcc.a(_aeabi_uldivmod.o)
 .ARM.attributes
                0x00000af3       0x2d c:/program files (x86)/atollic/truestudio for arm pro 3.2.0/armtools/bin/../lib/gcc/arm-atollic-eabi/4.6.2/thumb/armv7-m\libgcc.a(bpabi.o)
 .ARM.attributes
                0x00000b20       0x2d c:/program files (x86)/atollic/truestudio for arm pro 3.2.0/armtools/bin/../lib/gcc/arm-atollic-eabi/4.6.2/thumb/armv7-m\libgcc.a(unwind-arm.o)
 .ARM.attributes
                0x00000b4d       0x1d c:/program files (x86)/atollic/truestudio for arm pro 3.2.0/armtools/bin/../lib/gcc/arm-atollic-eabi/4.6.2/thumb/armv7-m\libgcc.a(libunwind.o)
 .ARM.attributes
                0x00000b6a       0x2d c:/program files (x86)/atollic/truestudio for arm pro 3.2.0/armtools/bin/../lib/gcc/arm-atollic-eabi/4.6.2/thumb/armv7-m\libgcc.a(pr-support.o)
 .ARM.attributes
                0x00000b97       0x1d c:/program files (x86)/atollic/truestudio for arm pro 3.2.0/armtools/bin/../lib/gcc/arm-atollic-eabi/4.6.2/thumb/armv7-m\libgcc.a(_dvmd_tls.o)
 .ARM.attributes
                0x00000bb4       0x2d c:/program files (x86)/atollic/truestudio for arm pro 3.2.0/armtools/bin/../lib/gcc/arm-atollic-eabi/4.6.2/thumb/armv7-m\libgcc.a(_divdi3.o)
 .ARM.attributes
                0x00000be1       0x2d c:/program files (x86)/atollic/truestudio for arm pro 3.2.0/armtools/bin/../lib/gcc/arm-atollic-eabi/4.6.2/thumb/armv7-m\libgcc.a(_udivdi3.o)
 .ARM.attributes
                0x00000c0e       0x2d c:/program files (x86)/atollic/truestudio for arm pro 3.2.0/armtools/bin/../lib/gcc/arm-atollic-eabi/4.6.2/../../../../arm-atollic-eabi/lib/thumb/armv7-m\libc.a(lib_a-abort.o)
 .ARM.attributes
                0x00000c3b       0x2d c:/program files (x86)/atollic/truestudio for arm pro 3.2.0/armtools/bin/../lib/gcc/arm-atollic-eabi/4.6.2/../../../../arm-atollic-eabi/lib/thumb/armv7-m\libc.a(lib_a-init.o)
 .ARM.attributes
                0x00000c68       0x2d c:/program files (x86)/atollic/truestudio for arm pro 3.2.0/armtools/bin/../lib/gcc/arm-atollic-eabi/4.6.2/../../../../arm-atollic-eabi/lib/thumb/armv7-m\libc.a(lib_a-memcpy.o)
 .ARM.attributes
                0x00000c95       0x2d c:/program files (x86)/atollic/truestudio for arm pro 3.2.0/armtools/bin/../lib/gcc/arm-atollic-eabi/4.6.2/../../../../arm-atollic-eabi/lib/thumb/armv7-m\libc.a(lib_a-signal.o)
 .ARM.attributes
                0x00000cc2       0x2d c:/program files (x86)/atollic/truestudio for arm pro 3.2.0/armtools/bin/../lib/gcc/arm-atollic-eabi/4.6.2/../../../../arm-atollic-eabi/lib/thumb/armv7-m\libc.a(lib_a-signalr.o)
 .ARM.attributes
                0x00000cef       0x2d c:/program files (x86)/atollic/truestudio for arm pro 3.2.0/armtools/bin/../lib/gcc/arm-atollic-eabi/4.6.2/../../../../arm-atollic-eabi/lib/thumb/armv7-m\libc.a(lib_a-syscalls.o)
 .ARM.attributes
                0x00000d1c       0x2d c:/program files (x86)/atollic/truestudio for arm pro 3.2.0/armtools/bin/../lib/gcc/arm-atollic-eabi/4.6.2/../../../../arm-atollic-eabi/lib/thumb/armv7-m\libc.a(lib_a-impure.o)
 .ARM.attributes
                0x00000d49       0x2d c:/program files (x86)/atollic/truestudio for arm pro 3.2.0/armtools/bin/../lib/gcc/arm-atollic-eabi/4.6.2/../../../../arm-atollic-eabi/lib/thumb/armv7-m\libc.a(lib_a-mallocr.o)
 .ARM.attributes
                0x00000d76       0x2d c:/program files (x86)/atollic/truestudio for arm pro 3.2.0/armtools/bin/../lib/gcc/arm-atollic-eabi/4.6.2/../../../../arm-atollic-eabi/lib/thumb/armv7-m\libc.a(lib_a-mlock.o)
 .ARM.attributes
                0x00000da3       0x2d c:/program files (x86)/atollic/truestudio for arm pro 3.2.0/armtools/bin/../lib/gcc/arm-atollic-eabi/4.6.2/../../../../arm-atollic-eabi/lib/thumb/armv7-m\libc.a(lib_a-reent.o)
 .ARM.attributes
                0x00000dd0       0x2d c:/program files (x86)/atollic/truestudio for arm pro 3.2.0/armtools/bin/../lib/gcc/arm-atollic-eabi/4.6.2/../../../../arm-atollic-eabi/lib/thumb/armv7-m\libc.a(lib_a-sbrkr.o)
 .ARM.attributes
                0x00000dfd       0x2d c:/program files (x86)/atollic/truestudio for arm pro 3.2.0/armtools/bin/../lib/gcc/arm-atollic-eabi/4.6.2/../../../../arm-atollic-eabi/lib/thumb/armv7-m\libc.a(lib_a-freer.o)
 .ARM.attributes
                0x00000e2a       0x2d c:/program files (x86)/atollic/truestudio for arm pro 3.2.0/armtools/bin/../lib/gcc/arm-atollic-eabi/4.6.2/thumb/armv7-m/crtend.o
 .ARM.attributes
                0x00000e57       0x1d c:/program files (x86)/atollic/truestudio for arm pro 3.2.0/armtools/bin/../lib/gcc/arm-atollic-eabi/4.6.2/thumb/armv7-m/crtn.o
OUTPUT(uCOS-II.elf elf32-littlearm)

.debug_info     0x00000000    0x17ca4
 .debug_info    0x00000000       0x5e uCOS-II\Source\os_tmr.o
 .debug_info    0x0000005e      0x5d4 uCOS-II\Source\os_time.o
 .debug_info    0x00000632      0xc1b uCOS-II\Source\os_task.o
 .debug_info    0x0000124d      0x739 uCOS-II\Source\os_sem.o
 .debug_info    0x00001986      0x9d0 uCOS-II\Source\os_q.o
 .debug_info    0x00002356      0x821 uCOS-II\Source\os_mutex.o
 .debug_info    0x00002b77      0x482 uCOS-II\Source\os_mem.o
 .debug_info    0x00002ff9      0x75f uCOS-II\Source\os_mbox.o
 .debug_info    0x00003758      0xac2 uCOS-II\Source\os_flag.o
 .debug_info    0x0000421a      0xfdd uCOS-II\Source\os_core.o
 .debug_info    0x000051f7      0xed7 uCOS-II\Ports\ARM-Cortex-M3\Generic\GNU\os_dbg.o
 .debug_info    0x000060ce      0x614 uCOS-II\Ports\ARM-Cortex-M3\Generic\GNU\os_cpu_c.o
 .debug_info    0x000066e2       0xf4 uCOS-II\Ports\ARM-Cortex-M3\Generic\GNU\os_cpu_a.o
 .debug_info    0x000067d6      0xda9 uC-LIB\lib_str.o
 .debug_info    0x0000757f      0xee1 uC-LIB\lib_mem.o
 .debug_info    0x00008460      0x188 uC-LIB\lib_math.o
 .debug_info    0x000085e8      0x465 uC-LIB\lib_ascii.o
 .debug_info    0x00008a4d      0x589 uC-CPU\cpu_core.o
 .debug_info    0x00008fd6      0x3b5 uC-CPU\ARM-Cortex-M3\GNU\cpu_c.o
 .debug_info    0x0000938b       0xe0 uC-CPU\ARM-Cortex-M3\GNU\cpu_a.o
 .debug_info    0x0000946b       0xc9 BSP\cstartup.o
 .debug_info    0x00009534      0x171 BSP\bsp_periph.o
 .debug_info    0x000096a5      0x793 BSP\bsp_int.o
 .debug_info    0x00009e38      0x543 BSP\bsp.o
 .debug_info    0x0000a37b      0x25a BSP\ST\STM32L1xx\src\stm32l1xx_wwdg.o
 .debug_info    0x0000a5d5      0xa53 BSP\ST\STM32L1xx\src\stm32l1xx_usart.o
 .debug_info    0x0000b028     0x1afd BSP\ST\STM32L1xx\src\stm32l1xx_tim.o
 .debug_info    0x0000cb25      0x461 BSP\ST\STM32L1xx\src\stm32l1xx_syscfg.o
 .debug_info    0x0000cf86      0x972 BSP\ST\STM32L1xx\src\stm32l1xx_spi.o
 .debug_info    0x0000d8f8      0x8a7 BSP\ST\STM32L1xx\src\stm32l1xx_sdio.o
 .debug_info    0x0000e19f     0x1293 BSP\ST\STM32L1xx\src\stm32l1xx_rtc.o
 .debug_info    0x0000f432      0xab0 BSP\ST\STM32L1xx\src\stm32l1xx_rcc.o
 .debug_info    0x0000fee2      0x5ff BSP\ST\STM32L1xx\src\stm32l1xx_pwr.o
 .debug_info    0x000104e1      0x336 BSP\ST\STM32L1xx\src\stm32l1xx_opamp.o
 .debug_info    0x00010817      0x4eb BSP\ST\STM32L1xx\src\stm32l1xx_lcd.o
 .debug_info    0x00010d02      0x20f BSP\ST\STM32L1xx\src\stm32l1xx_iwdg.o
 .debug_info    0x00010f11      0xb95 BSP\ST\STM32L1xx\src\stm32l1xx_i2c.o
 .debug_info    0x00011aa6      0x687 BSP\ST\STM32L1xx\src\stm32l1xx_gpio.o
 .debug_info    0x0001212d      0x353 BSP\ST\STM32L1xx\src\stm32l1xx_fsmc.o
 .debug_info    0x00012480      0x48c BSP\ST\STM32L1xx\src\stm32l1xx_flash_ramfunc.o
 .debug_info    0x0001290c      0xc77 BSP\ST\STM32L1xx\src\stm32l1xx_flash.o
 .debug_info    0x00013583      0x376 BSP\ST\STM32L1xx\src\stm32l1xx_exti.o
 .debug_info    0x000138f9      0x4b1 BSP\ST\STM32L1xx\src\stm32l1xx_dma.o
 .debug_info    0x00013daa      0x1f3 BSP\ST\STM32L1xx\src\stm32l1xx_dbgmcu.o
 .debug_info    0x00013f9d      0x687 BSP\ST\STM32L1xx\src\stm32l1xx_dac.o
 .debug_info    0x00014624      0x20f BSP\ST\STM32L1xx\src\stm32l1xx_crc.o
 .debug_info    0x00014833      0x281 BSP\ST\STM32L1xx\src\stm32l1xx_comp.o
 .debug_info    0x00014ab4      0xf7a BSP\ST\STM32L1xx\src\stm32l1xx_aes_util.o
 .debug_info    0x00015a2e      0x5ea BSP\ST\STM32L1xx\src\stm32l1xx_aes.o
 .debug_info    0x00016018      0xd6a BSP\ST\STM32L1xx\src\stm32l1xx_adc.o
 .debug_info    0x00016d82      0x598 BSP\ST\STM32L1xx\src\misc.o
 .debug_info    0x0001731a      0x2fa BSP\OS\bsp_os.o
 .debug_info    0x00017614      0x4dc APP\app_hooks.o
 .debug_info    0x00017af0      0x1b4 APP\app.o

.debug_abbrev   0x00000000     0x40ca
 .debug_abbrev  0x00000000       0x2a uCOS-II\Source\os_tmr.o
 .debug_abbrev  0x0000002a      0x119 uCOS-II\Source\os_time.o
 .debug_abbrev  0x00000143      0x16e uCOS-II\Source\os_task.o
 .debug_abbrev  0x000002b1      0x158 uCOS-II\Source\os_sem.o
 .debug_abbrev  0x00000409      0x158 uCOS-II\Source\os_q.o
 .debug_abbrev  0x00000561      0x15e uCOS-II\Source\os_mutex.o
 .debug_abbrev  0x000006bf      0x13a uCOS-II\Source\os_mem.o
 .debug_abbrev  0x000007f9      0x132 uCOS-II\Source\os_mbox.o
 .debug_abbrev  0x0000092b      0x166 uCOS-II\Source\os_flag.o
 .debug_abbrev  0x00000a91      0x1e4 uCOS-II\Source\os_core.o
 .debug_abbrev  0x00000c75       0xed uCOS-II\Ports\ARM-Cortex-M3\Generic\GNU\os_dbg.o
 .debug_abbrev  0x00000d62      0x194 uCOS-II\Ports\ARM-Cortex-M3\Generic\GNU\os_cpu_c.o
 .debug_abbrev  0x00000ef6       0x14 uCOS-II\Ports\ARM-Cortex-M3\Generic\GNU\os_cpu_a.o
 .debug_abbrev  0x00000f0a      0x10d uC-LIB\lib_str.o
 .debug_abbrev  0x00001017      0x175 uC-LIB\lib_mem.o
 .debug_abbrev  0x0000118c      0x102 uC-LIB\lib_math.o
 .debug_abbrev  0x0000128e       0xcd uC-LIB\lib_ascii.o
 .debug_abbrev  0x0000135b      0x15a uC-CPU\cpu_core.o
 .debug_abbrev  0x000014b5      0x10a uC-CPU\ARM-Cortex-M3\GNU\cpu_c.o
 .debug_abbrev  0x000015bf       0x14 uC-CPU\ARM-Cortex-M3\GNU\cpu_a.o
 .debug_abbrev  0x000015d3       0x12 BSP\cstartup.o
 .debug_abbrev  0x000015e5       0xc5 BSP\bsp_periph.o
 .debug_abbrev  0x000016aa      0x15a BSP\bsp_int.o
 .debug_abbrev  0x00001804      0x192 BSP\bsp.o
 .debug_abbrev  0x00001996      0x120 BSP\ST\STM32L1xx\src\stm32l1xx_wwdg.o
 .debug_abbrev  0x00001ab6      0x150 BSP\ST\STM32L1xx\src\stm32l1xx_usart.o
 .debug_abbrev  0x00001c06      0x174 BSP\ST\STM32L1xx\src\stm32l1xx_tim.o
 .debug_abbrev  0x00001d7a      0x156 BSP\ST\STM32L1xx\src\stm32l1xx_syscfg.o
 .debug_abbrev  0x00001ed0      0x15f BSP\ST\STM32L1xx\src\stm32l1xx_spi.o
 .debug_abbrev  0x0000202f      0x16f BSP\ST\STM32L1xx\src\stm32l1xx_sdio.o
 .debug_abbrev  0x0000219e      0x16d BSP\ST\STM32L1xx\src\stm32l1xx_rtc.o
 .debug_abbrev  0x0000230b      0x1b9 BSP\ST\STM32L1xx\src\stm32l1xx_rcc.o
 .debug_abbrev  0x000024c4      0x195 BSP\ST\STM32L1xx\src\stm32l1xx_pwr.o
 .debug_abbrev  0x00002659      0x131 BSP\ST\STM32L1xx\src\stm32l1xx_opamp.o
 .debug_abbrev  0x0000278a      0x17d BSP\ST\STM32L1xx\src\stm32l1xx_lcd.o
 .debug_abbrev  0x00002907       0xfc BSP\ST\STM32L1xx\src\stm32l1xx_iwdg.o
 .debug_abbrev  0x00002a03      0x15f BSP\ST\STM32L1xx\src\stm32l1xx_i2c.o
 .debug_abbrev  0x00002b62      0x175 BSP\ST\STM32L1xx\src\stm32l1xx_gpio.o
 .debug_abbrev  0x00002cd7       0xed BSP\ST\STM32L1xx\src\stm32l1xx_fsmc.o
 .debug_abbrev  0x00002dc4      0x153 BSP\ST\STM32L1xx\src\stm32l1xx_flash_ramfunc.o
 .debug_abbrev  0x00002f17      0x185 BSP\ST\STM32L1xx\src\stm32l1xx_flash.o
 .debug_abbrev  0x0000309c      0x19a BSP\ST\STM32L1xx\src\stm32l1xx_exti.o
 .debug_abbrev  0x00003236      0x150 BSP\ST\STM32L1xx\src\stm32l1xx_dma.o
 .debug_abbrev  0x00003386       0xdc BSP\ST\STM32L1xx\src\stm32l1xx_dbgmcu.o
 .debug_abbrev  0x00003462      0x174 BSP\ST\STM32L1xx\src\stm32l1xx_dac.o
 .debug_abbrev  0x000035d6      0x10c BSP\ST\STM32L1xx\src\stm32l1xx_crc.o
 .debug_abbrev  0x000036e2      0x147 BSP\ST\STM32L1xx\src\stm32l1xx_comp.o
 .debug_abbrev  0x00003829      0x1d4 BSP\ST\STM32L1xx\src\stm32l1xx_aes_util.o
 .debug_abbrev  0x000039fd      0x17c BSP\ST\STM32L1xx\src\stm32l1xx_aes.o
 .debug_abbrev  0x00003b79      0x15f BSP\ST\STM32L1xx\src\stm32l1xx_adc.o
 .debug_abbrev  0x00003cd8      0x128 BSP\ST\STM32L1xx\src\misc.o
 .debug_abbrev  0x00003e00      0x119 BSP\OS\bsp_os.o
 .debug_abbrev  0x00003f19       0xd9 APP\app_hooks.o
 .debug_abbrev  0x00003ff2       0xd8 APP\app.o

.debug_line     0x00000000     0xd702
 .debug_line    0x00000000       0x1d uCOS-II\Source\os_tmr.o
 .debug_line    0x0000001d      0x24f uCOS-II\Source\os_time.o
 .debug_line    0x0000026c      0x433 uCOS-II\Source\os_task.o
 .debug_line    0x0000069f      0x310 uCOS-II\Source\os_sem.o
 .debug_line    0x000009af      0x3cf uCOS-II\Source\os_q.o
 .debug_line    0x00000d7e      0x365 uCOS-II\Source\os_mutex.o
 .debug_line    0x000010e3      0x2bf uCOS-II\Source\os_mem.o
 .debug_line    0x000013a2      0x325 uCOS-II\Source\os_mbox.o
 .debug_line    0x000016c7      0x44c uCOS-II\Source\os_flag.o
 .debug_line    0x00001b13      0x57d uCOS-II\Source\os_core.o
 .debug_line    0x00002090      0x210 uCOS-II\Ports\ARM-Cortex-M3\Generic\GNU\os_dbg.o
 .debug_line    0x000022a0      0x2de uCOS-II\Ports\ARM-Cortex-M3\Generic\GNU\os_cpu_c.o
 .debug_line    0x0000257e       0xb6 uCOS-II\Ports\ARM-Cortex-M3\Generic\GNU\os_cpu_a.o
 .debug_line    0x00002634      0x5ad uC-LIB\lib_str.o
 .debug_line    0x00002be1      0x6ac uC-LIB\lib_mem.o
 .debug_line    0x0000328d      0x1e9 uC-LIB\lib_math.o
 .debug_line    0x00003476      0x443 uC-LIB\lib_ascii.o
 .debug_line    0x000038b9      0x37b uC-CPU\cpu_core.o
 .debug_line    0x00003c34      0x297 uC-CPU\ARM-Cortex-M3\GNU\cpu_c.o
 .debug_line    0x00003ecb       0x82 uC-CPU\ARM-Cortex-M3\GNU\cpu_a.o
 .debug_line    0x00003f4d       0xd4 BSP\cstartup.o
 .debug_line    0x00004021      0x296 BSP\bsp_periph.o
 .debug_line    0x000042b7      0x6ae BSP\bsp_int.o
 .debug_line    0x00004965      0x51b BSP\bsp.o
 .debug_line    0x00004e80      0x2c1 BSP\ST\STM32L1xx\src\stm32l1xx_wwdg.o
 .debug_line    0x00005141      0x581 BSP\ST\STM32L1xx\src\stm32l1xx_usart.o
 .debug_line    0x000056c2      0xa3f BSP\ST\STM32L1xx\src\stm32l1xx_tim.o
 .debug_line    0x00006101      0x360 BSP\ST\STM32L1xx\src\stm32l1xx_syscfg.o
 .debug_line    0x00006461      0x505 BSP\ST\STM32L1xx\src\stm32l1xx_spi.o
 .debug_line    0x00006966      0x52b BSP\ST\STM32L1xx\src\stm32l1xx_sdio.o
 .debug_line    0x00006e91      0x8dc BSP\ST\STM32L1xx\src\stm32l1xx_rtc.o
 .debug_line    0x0000776d      0x602 BSP\ST\STM32L1xx\src\stm32l1xx_rcc.o
 .debug_line    0x00007d6f      0x37c BSP\ST\STM32L1xx\src\stm32l1xx_pwr.o
 .debug_line    0x000080eb      0x314 BSP\ST\STM32L1xx\src\stm32l1xx_opamp.o
 .debug_line    0x000083ff      0x441 BSP\ST\STM32L1xx\src\stm32l1xx_lcd.o
 .debug_line    0x00008840      0x296 BSP\ST\STM32L1xx\src\stm32l1xx_iwdg.o
 .debug_line    0x00008ad6      0x5bf BSP\ST\STM32L1xx\src\stm32l1xx_i2c.o
 .debug_line    0x00009095      0x424 BSP\ST\STM32L1xx\src\stm32l1xx_gpio.o
 .debug_line    0x000094b9      0x380 BSP\ST\STM32L1xx\src\stm32l1xx_fsmc.o
 .debug_line    0x00009839      0x38d BSP\ST\STM32L1xx\src\stm32l1xx_flash_ramfunc.o
 .debug_line    0x00009bc6      0x6b7 BSP\ST\STM32L1xx\src\stm32l1xx_flash.o
 .debug_line    0x0000a27d      0x38c BSP\ST\STM32L1xx\src\stm32l1xx_exti.o
 .debug_line    0x0000a609      0x3eb BSP\ST\STM32L1xx\src\stm32l1xx_dma.o
 .debug_line    0x0000a9f4      0x287 BSP\ST\STM32L1xx\src\stm32l1xx_dbgmcu.o
 .debug_line    0x0000ac7b      0x449 BSP\ST\STM32L1xx\src\stm32l1xx_dac.o
 .debug_line    0x0000b0c4      0x2a4 BSP\ST\STM32L1xx\src\stm32l1xx_crc.o
 .debug_line    0x0000b368      0x368 BSP\ST\STM32L1xx\src\stm32l1xx_comp.o
 .debug_line    0x0000b6d0      0x723 BSP\ST\STM32L1xx\src\stm32l1xx_aes_util.o
 .debug_line    0x0000bdf3      0x44f BSP\ST\STM32L1xx\src\stm32l1xx_aes.o
 .debug_line    0x0000c242      0x661 BSP\ST\STM32L1xx\src\stm32l1xx_adc.o
 .debug_line    0x0000c8a3      0x32c BSP\ST\STM32L1xx\src\misc.o
 .debug_line    0x0000cbcf      0x493 BSP\OS\bsp_os.o
 .debug_line    0x0000d062      0x361 APP\app_hooks.o
 .debug_line    0x0000d3c3      0x33f APP\app.o

.debug_str      0x00000000     0x7f45
 .debug_str     0x00000000      0x129 uCOS-II\Source\os_tmr.o
                                0x149 (size before relaxing)
 .debug_str     0x00000129      0x321 uCOS-II\Source\os_time.o
                                0x459 (size before relaxing)
 .debug_str     0x0000044a      0x208 uCOS-II\Source\os_task.o
                                0x5fb (size before relaxing)
 .debug_str     0x00000652       0xf4 uCOS-II\Source\os_sem.o
                                0x4ae (size before relaxing)
 .debug_str     0x00000746      0x11f uCOS-II\Source\os_q.o
                                0x52d (size before relaxing)
 .debug_str     0x00000865       0xea uCOS-II\Source\os_mutex.o
                                0x50c (size before relaxing)
 .debug_str     0x0000094f      0x14f uCOS-II\Source\os_mem.o
                                0x2b0 (size before relaxing)
 .debug_str     0x00000a9e       0xb5 uCOS-II\Source\os_mbox.o
                                0x4c3 (size before relaxing)
 .debug_str     0x00000b53      0x1b1 uCOS-II\Source\os_flag.o
                                0x5aa (size before relaxing)
 .debug_str     0x00000d04      0x211 uCOS-II\Source\os_core.o
                                0x7ea (size before relaxing)
 .debug_str     0x00000f15      0x30a uCOS-II\Ports\ARM-Cortex-M3\Generic\GNU\os_dbg.o
                                0x87c (size before relaxing)
 .debug_str     0x0000121f      0x13d uCOS-II\Ports\ARM-Cortex-M3\Generic\GNU\os_cpu_c.o
                                0x4eb (size before relaxing)
 .debug_str     0x0000135c      0x4f1 uC-LIB\lib_str.o
                                0x64d (size before relaxing)
 .debug_str     0x0000184d      0x7f9 uC-LIB\lib_mem.o
                                0x9f9 (size before relaxing)
 .debug_str     0x00002046       0x7f uC-LIB\lib_math.o
                                0x1e1 (size before relaxing)
 .debug_str     0x000020c5      0x14c uC-LIB\lib_ascii.o
                                0x2cd (size before relaxing)
 .debug_str     0x00002211      0x24d uC-CPU\cpu_core.o
                                0x3e0 (size before relaxing)
 .debug_str     0x0000245e       0xe5 uC-CPU\ARM-Cortex-M3\GNU\cpu_c.o
                                0x275 (size before relaxing)
 .debug_str     0x00002543       0x6a BSP\bsp_periph.o
                                0x1fd (size before relaxing)
 .debug_str     0x000025ad      0x55d BSP\bsp_int.o
                                0x708 (size before relaxing)
 .debug_str     0x00002b0a      0x2fd BSP\bsp.o
                                0x4c0 (size before relaxing)
 .debug_str     0x00002e07       0xd0 BSP\ST\STM32L1xx\src\stm32l1xx_wwdg.o
                                0x286 (size before relaxing)
 .debug_str     0x00002ed7      0x453 BSP\ST\STM32L1xx\src\stm32l1xx_usart.o
                                0x693 (size before relaxing)
 .debug_str     0x0000332a      0x9f5 BSP\ST\STM32L1xx\src\stm32l1xx_tim.o
                                0xc53 (size before relaxing)
 .debug_str     0x00003d1f      0x26d BSP\ST\STM32L1xx\src\stm32l1xx_syscfg.o
                                0x41d (size before relaxing)
 .debug_str     0x00003f8c      0x36e BSP\ST\STM32L1xx\src\stm32l1xx_spi.o
                                0x600 (size before relaxing)
 .debug_str     0x000042fa      0x46b BSP\ST\STM32L1xx\src\stm32l1xx_sdio.o
                                0x64f (size before relaxing)
 .debug_str     0x00004765      0x967 BSP\ST\STM32L1xx\src\stm32l1xx_rtc.o
                                0xb5b (size before relaxing)
 .debug_str     0x000050cc      0x494 BSP\ST\STM32L1xx\src\stm32l1xx_rcc.o
                                0x713 (size before relaxing)
 .debug_str     0x00005560      0x1f1 BSP\ST\STM32L1xx\src\stm32l1xx_pwr.o
                                0x3cf (size before relaxing)
 .debug_str     0x00005751      0x15d BSP\ST\STM32L1xx\src\stm32l1xx_opamp.o
                                0x317 (size before relaxing)
 .debug_str     0x000058ae      0x23f BSP\ST\STM32L1xx\src\stm32l1xx_lcd.o
                                0x404 (size before relaxing)
 .debug_str     0x00005aed       0xcd BSP\ST\STM32L1xx\src\stm32l1xx_iwdg.o
                                0x270 (size before relaxing)
 .debug_str     0x00005bba      0x39c BSP\ST\STM32L1xx\src\stm32l1xx_i2c.o
                                0x669 (size before relaxing)
 .debug_str     0x00005f56      0x17d BSP\ST\STM32L1xx\src\stm32l1xx_gpio.o
                                0x4cf (size before relaxing)
 .debug_str     0x000060d3      0x2a5 BSP\ST\STM32L1xx\src\stm32l1xx_fsmc.o
                                0x43d (size before relaxing)
 .debug_str     0x00006378      0x1d9 BSP\ST\STM32L1xx\src\stm32l1xx_flash_ramfunc.o
                                0x3cf (size before relaxing)
 .debug_str     0x00006551      0x472 BSP\ST\STM32L1xx\src\stm32l1xx_flash.o
                                0x70e (size before relaxing)
 .debug_str     0x000069c3      0x1b2 BSP\ST\STM32L1xx\src\stm32l1xx_exti.o
                                0x372 (size before relaxing)
 .debug_str     0x00006b75      0x209 BSP\ST\STM32L1xx\src\stm32l1xx_dma.o
                                0x3d5 (size before relaxing)
 .debug_str     0x00006d7e       0xc1 BSP\ST\STM32L1xx\src\stm32l1xx_dbgmcu.o
                                0x259 (size before relaxing)
 .debug_str     0x00006e3f      0x273 BSP\ST\STM32L1xx\src\stm32l1xx_dac.o
                                0x457 (size before relaxing)
 .debug_str     0x000070b2       0xad BSP\ST\STM32L1xx\src\stm32l1xx_crc.o
                                0x24f (size before relaxing)
 .debug_str     0x0000715f      0x105 BSP\ST\STM32L1xx\src\stm32l1xx_comp.o
                                0x2bf (size before relaxing)
 .debug_str     0x00007264      0x1b6 BSP\ST\STM32L1xx\src\stm32l1xx_aes_util.o
                                0x386 (size before relaxing)
 .debug_str     0x0000741a      0x1dc BSP\ST\STM32L1xx\src\stm32l1xx_aes.o
                                0x457 (size before relaxing)
 .debug_str     0x000075f6      0x5ec BSP\ST\STM32L1xx\src\stm32l1xx_adc.o
                                0x7f9 (size before relaxing)
 .debug_str     0x00007be2      0x1ab BSP\ST\STM32L1xx\src\misc.o
                                0x3dd (size before relaxing)
 .debug_str     0x00007d8d       0xba BSP\OS\bsp_os.o
                                0x2d4 (size before relaxing)
 .debug_str     0x00007e47       0xa6 APP\app_hooks.o
                                0x476 (size before relaxing)
 .debug_str     0x00007eed       0x58 APP\app.o
                                0x219 (size before relaxing)

.comment        0x00000000       0x89
 .comment       0x00000000       0x89 uCOS-II\Source\os_tmr.o
                                 0x8a (size before relaxing)
 .comment       0x00000000       0x8a uCOS-II\Source\os_time.o
 .comment       0x00000000       0x8a uCOS-II\Source\os_task.o
 .comment       0x00000000       0x8a uCOS-II\Source\os_sem.o
 .comment       0x00000000       0x8a uCOS-II\Source\os_q.o
 .comment       0x00000000       0x8a uCOS-II\Source\os_mutex.o
 .comment       0x00000000       0x8a uCOS-II\Source\os_mem.o
 .comment       0x00000000       0x8a uCOS-II\Source\os_mbox.o
 .comment       0x00000000       0x8a uCOS-II\Source\os_flag.o
 .comment       0x00000000       0x8a uCOS-II\Source\os_core.o
 .comment       0x00000000       0x8a uCOS-II\Ports\ARM-Cortex-M3\Generic\GNU\os_dbg.o
 .comment       0x00000000       0x8a uCOS-II\Ports\ARM-Cortex-M3\Generic\GNU\os_cpu_c.o
 .comment       0x00000000       0x8a uC-LIB\lib_str.o
 .comment       0x00000000       0x8a uC-LIB\lib_mem.o
 .comment       0x00000000       0x8a uC-LIB\lib_math.o
 .comment       0x00000000       0x8a uC-LIB\lib_ascii.o
 .comment       0x00000000       0x8a uC-CPU\cpu_core.o
 .comment       0x00000000       0x8a uC-CPU\ARM-Cortex-M3\GNU\cpu_c.o
 .comment       0x00000000       0x8a BSP\bsp_periph.o
 .comment       0x00000000       0x8a BSP\bsp_int.o
 .comment       0x00000000       0x8a BSP\bsp.o
 .comment       0x00000000       0x8a BSP\ST\STM32L1xx\src\stm32l1xx_wwdg.o
 .comment       0x00000000       0x8a BSP\ST\STM32L1xx\src\stm32l1xx_usart.o
 .comment       0x00000000       0x8a BSP\ST\STM32L1xx\src\stm32l1xx_tim.o
 .comment       0x00000000       0x8a BSP\ST\STM32L1xx\src\stm32l1xx_syscfg.o
 .comment       0x00000000       0x8a BSP\ST\STM32L1xx\src\stm32l1xx_spi.o
 .comment       0x00000000       0x8a BSP\ST\STM32L1xx\src\stm32l1xx_sdio.o
 .comment       0x00000000       0x8a BSP\ST\STM32L1xx\src\stm32l1xx_rtc.o
 .comment       0x00000000       0x8a BSP\ST\STM32L1xx\src\stm32l1xx_rcc.o
 .comment       0x00000000       0x8a BSP\ST\STM32L1xx\src\stm32l1xx_pwr.o
 .comment       0x00000000       0x8a BSP\ST\STM32L1xx\src\stm32l1xx_opamp.o
 .comment       0x00000000       0x8a BSP\ST\STM32L1xx\src\stm32l1xx_lcd.o
 .comment       0x00000000       0x8a BSP\ST\STM32L1xx\src\stm32l1xx_iwdg.o
 .comment       0x00000000       0x8a BSP\ST\STM32L1xx\src\stm32l1xx_i2c.o
 .comment       0x00000000       0x8a BSP\ST\STM32L1xx\src\stm32l1xx_gpio.o
 .comment       0x00000000       0x8a BSP\ST\STM32L1xx\src\stm32l1xx_fsmc.o
 .comment       0x00000000       0x8a BSP\ST\STM32L1xx\src\stm32l1xx_flash_ramfunc.o
 .comment       0x00000000       0x8a BSP\ST\STM32L1xx\src\stm32l1xx_flash.o
 .comment       0x00000000       0x8a BSP\ST\STM32L1xx\src\stm32l1xx_exti.o
 .comment       0x00000000       0x8a BSP\ST\STM32L1xx\src\stm32l1xx_dma.o
 .comment       0x00000000       0x8a BSP\ST\STM32L1xx\src\stm32l1xx_dbgmcu.o
 .comment       0x00000000       0x8a BSP\ST\STM32L1xx\src\stm32l1xx_dac.o
 .comment       0x00000000       0x8a BSP\ST\STM32L1xx\src\stm32l1xx_crc.o
 .comment       0x00000000       0x8a BSP\ST\STM32L1xx\src\stm32l1xx_comp.o
 .comment       0x00000000       0x8a BSP\ST\STM32L1xx\src\stm32l1xx_aes_util.o
 .comment       0x00000000       0x8a BSP\ST\STM32L1xx\src\stm32l1xx_aes.o
 .comment       0x00000000       0x8a BSP\ST\STM32L1xx\src\stm32l1xx_adc.o
 .comment       0x00000000       0x8a BSP\ST\STM32L1xx\src\misc.o
 .comment       0x00000000       0x8a BSP\OS\bsp_os.o
 .comment       0x00000000       0x8a APP\app_hooks.o
 .comment       0x00000000       0x8a APP\app.o

.debug_loc      0x00000000     0xb328
 .debug_loc     0x00000000      0x118 uCOS-II\Source\os_time.o
 .debug_loc     0x00000118      0x374 uCOS-II\Source\os_task.o
 .debug_loc     0x0000048c      0x1c0 uCOS-II\Source\os_sem.o
 .debug_loc     0x0000064c      0x268 uCOS-II\Source\os_q.o
 .debug_loc     0x000008b4      0x188 uCOS-II\Source\os_mutex.o
 .debug_loc     0x00000a3c      0x188 uCOS-II\Source\os_mem.o
 .debug_loc     0x00000bc4      0x1c0 uCOS-II\Source\os_mbox.o
 .debug_loc     0x00000d84      0x2da uCOS-II\Source\os_flag.o
 .debug_loc     0x0000105e      0x5d8 uCOS-II\Source\os_core.o
 .debug_loc     0x00001636       0x38 uCOS-II\Ports\ARM-Cortex-M3\Generic\GNU\os_dbg.o
 .debug_loc     0x0000166e      0x29c uCOS-II\Ports\ARM-Cortex-M3\Generic\GNU\os_cpu_c.o
 .debug_loc     0x0000190a      0x544 uC-LIB\lib_str.o
 .debug_loc     0x00001e4e      0x3f8 uC-LIB\lib_mem.o
 .debug_loc     0x00002246       0xd4 uC-LIB\lib_math.o
 .debug_loc     0x0000231a      0x380 uC-LIB\lib_ascii.o
 .debug_loc     0x0000269a      0x3ee uC-CPU\cpu_core.o
 .debug_loc     0x00002a88      0x188 uC-CPU\ARM-Cortex-M3\GNU\cpu_c.o
 .debug_loc     0x00002c10       0xa8 BSP\bsp_periph.o
 .debug_loc     0x00002cb8      0xbac BSP\bsp_int.o
 .debug_loc     0x00003864      0x1ec BSP\bsp.o
 .debug_loc     0x00003a50      0x19c BSP\ST\STM32L1xx\src\stm32l1xx_wwdg.o
 .debug_loc     0x00003bec      0x658 BSP\ST\STM32L1xx\src\stm32l1xx_usart.o
 .debug_loc     0x00004244     0x1260 BSP\ST\STM32L1xx\src\stm32l1xx_tim.o
 .debug_loc     0x000054a4      0x2b4 BSP\ST\STM32L1xx\src\stm32l1xx_syscfg.o
 .debug_loc     0x00005758      0x508 BSP\ST\STM32L1xx\src\stm32l1xx_spi.o
 .debug_loc     0x00005c60      0x648 BSP\ST\STM32L1xx\src\stm32l1xx_sdio.o
 .debug_loc     0x000062a8      0xbd8 BSP\ST\STM32L1xx\src\stm32l1xx_rtc.o
 .debug_loc     0x00006e80      0x82c BSP\ST\STM32L1xx\src\stm32l1xx_rcc.o
 .debug_loc     0x000076ac      0x2f8 BSP\ST\STM32L1xx\src\stm32l1xx_pwr.o
 .debug_loc     0x000079a4      0x1ec BSP\ST\STM32L1xx\src\stm32l1xx_opamp.o
 .debug_loc     0x00007b90      0x3cc BSP\ST\STM32L1xx\src\stm32l1xx_lcd.o
 .debug_loc     0x00007f5c      0x138 BSP\ST\STM32L1xx\src\stm32l1xx_iwdg.o
 .debug_loc     0x00008094      0x738 BSP\ST\STM32L1xx\src\stm32l1xx_i2c.o
 .debug_loc     0x000087cc      0x310 BSP\ST\STM32L1xx\src\stm32l1xx_gpio.o
 .debug_loc     0x00008adc       0xe0 BSP\ST\STM32L1xx\src\stm32l1xx_fsmc.o
 .debug_loc     0x00008bbc      0x1c0 BSP\ST\STM32L1xx\src\stm32l1xx_flash_ramfunc.o
 .debug_loc     0x00008d7c      0x868 BSP\ST\STM32L1xx\src\stm32l1xx_flash.o
 .debug_loc     0x000095e4      0x1b4 BSP\ST\STM32L1xx\src\stm32l1xx_exti.o
 .debug_loc     0x00009798      0x268 BSP\ST\STM32L1xx\src\stm32l1xx_dma.o
 .debug_loc     0x00009a00      0x100 BSP\ST\STM32L1xx\src\stm32l1xx_dbgmcu.o
 .debug_loc     0x00009b00      0x3ac BSP\ST\STM32L1xx\src\stm32l1xx_dac.o
 .debug_loc     0x00009eac      0x12c BSP\ST\STM32L1xx\src\stm32l1xx_crc.o
 .debug_loc     0x00009fd8      0x17c BSP\ST\STM32L1xx\src\stm32l1xx_comp.o
 .debug_loc     0x0000a154      0x15c BSP\ST\STM32L1xx\src\stm32l1xx_aes_util.o
 .debug_loc     0x0000a2b0      0x3d8 BSP\ST\STM32L1xx\src\stm32l1xx_aes.o
 .debug_loc     0x0000a688      0x850 BSP\ST\STM32L1xx\src\stm32l1xx_adc.o
 .debug_loc     0x0000aed8      0x118 BSP\ST\STM32L1xx\src\misc.o
 .debug_loc     0x0000aff0       0xe0 BSP\OS\bsp_os.o
 .debug_loc     0x0000b0d0      0x190 APP\app_hooks.o
 .debug_loc     0x0000b260       0xc8 APP\app.o

.debug_aranges  0x00000000     0x1fc0
 .debug_aranges
                0x00000000       0x40 uCOS-II\Source\os_time.o
 .debug_aranges
                0x00000040       0x98 uCOS-II\Source\os_task.o
 .debug_aranges
                0x000000d8       0x58 uCOS-II\Source\os_sem.o
 .debug_aranges
                0x00000130       0x70 uCOS-II\Source\os_q.o
 .debug_aranges
                0x000001a0       0x50 uCOS-II\Source\os_mutex.o
 .debug_aranges
                0x000001f0       0x50 uCOS-II\Source\os_mem.o
 .debug_aranges
                0x00000240       0x58 uCOS-II\Source\os_mbox.o
 .debug_aranges
                0x00000298       0x80 uCOS-II\Source\os_flag.o
 .debug_aranges
                0x00000318       0xf8 uCOS-II\Source\os_core.o
 .debug_aranges
                0x00000410       0x20 uCOS-II\Ports\ARM-Cortex-M3\Generic\GNU\os_dbg.o
 .debug_aranges
                0x00000430       0x80 uCOS-II\Ports\ARM-Cortex-M3\Generic\GNU\os_cpu_c.o
 .debug_aranges
                0x000004b0       0x20 uCOS-II\Ports\ARM-Cortex-M3\Generic\GNU\os_cpu_a.o
 .debug_aranges
                0x000004d0       0xd8 uC-LIB\lib_str.o
 .debug_aranges
                0x000005a8       0xa8 uC-LIB\lib_mem.o
 .debug_aranges
                0x00000650       0x38 uC-LIB\lib_math.o
 .debug_aranges
                0x00000688       0x98 uC-LIB\lib_ascii.o
 .debug_aranges
                0x00000720       0xb0 uC-CPU\cpu_core.o
 .debug_aranges
                0x000007d0       0x50 uC-CPU\ARM-Cortex-M3\GNU\cpu_c.o
 .debug_aranges
                0x00000820       0x20 uC-CPU\ARM-Cortex-M3\GNU\cpu_a.o
 .debug_aranges
                0x00000840       0x58 BSP\cstartup.o
 .debug_aranges
                0x00000898       0x30 BSP\bsp_periph.o
 .debug_aranges
                0x000008c8      0x228 BSP\bsp_int.o
 .debug_aranges
                0x00000af0       0x60 BSP\bsp.o
 .debug_aranges
                0x00000b50       0x58 BSP\ST\STM32L1xx\src\stm32l1xx_wwdg.o
 .debug_aranges
                0x00000ba8      0x100 BSP\ST\STM32L1xx\src\stm32l1xx_usart.o
 .debug_aranges
                0x00000ca8      0x2b8 BSP\ST\STM32L1xx\src\stm32l1xx_tim.o
 .debug_aranges
                0x00000f60       0x80 BSP\ST\STM32L1xx\src\stm32l1xx_syscfg.o
 .debug_aranges
                0x00000fe0       0xd0 BSP\ST\STM32L1xx\src\stm32l1xx_spi.o
 .debug_aranges
                0x000010b0      0x108 BSP\ST\STM32L1xx\src\stm32l1xx_sdio.o
 .debug_aranges
                0x000011b8      0x1d0 BSP\ST\STM32L1xx\src\stm32l1xx_rtc.o
 .debug_aranges
                0x00001388      0x148 BSP\ST\STM32L1xx\src\stm32l1xx_rcc.o
 .debug_aranges
                0x000014d0       0x88 BSP\ST\STM32L1xx\src\stm32l1xx_pwr.o
 .debug_aranges
                0x00001558       0x60 BSP\ST\STM32L1xx\src\stm32l1xx_opamp.o
 .debug_aranges
                0x000015b8       0xa8 BSP\ST\STM32L1xx\src\stm32l1xx_lcd.o
 .debug_aranges
                0x00001660       0x48 BSP\ST\STM32L1xx\src\stm32l1xx_iwdg.o
 .debug_aranges
                0x000016a8      0x120 BSP\ST\STM32L1xx\src\stm32l1xx_i2c.o
 .debug_aranges
                0x000017c8       0x88 BSP\ST\STM32L1xx\src\stm32l1xx_gpio.o
 .debug_aranges
                0x00001850       0x38 BSP\ST\STM32L1xx\src\stm32l1xx_fsmc.o
 .debug_aranges
                0x00001888       0x58 BSP\ST\STM32L1xx\src\stm32l1xx_flash_ramfunc.o
 .debug_aranges
                0x000018e0      0x160 BSP\ST\STM32L1xx\src\stm32l1xx_flash.o
 .debug_aranges
                0x00001a40       0x58 BSP\ST\STM32L1xx\src\stm32l1xx_exti.o
 .debug_aranges
                0x00001a98       0x70 BSP\ST\STM32L1xx\src\stm32l1xx_dma.o
 .debug_aranges
                0x00001b08       0x40 BSP\ST\STM32L1xx\src\stm32l1xx_dbgmcu.o
 .debug_aranges
                0x00001b48       0xa0 BSP\ST\STM32L1xx\src\stm32l1xx_dac.o
 .debug_aranges
                0x00001be8       0x48 BSP\ST\STM32L1xx\src\stm32l1xx_crc.o
 .debug_aranges
                0x00001c30       0x50 BSP\ST\STM32L1xx\src\stm32l1xx_comp.o
 .debug_aranges
                0x00001c80       0x48 BSP\ST\STM32L1xx\src\stm32l1xx_aes_util.o
 .debug_aranges
                0x00001cc8       0xa8 BSP\ST\STM32L1xx\src\stm32l1xx_aes.o
 .debug_aranges
                0x00001d70      0x148 BSP\ST\STM32L1xx\src\stm32l1xx_adc.o
 .debug_aranges
                0x00001eb8       0x40 BSP\ST\STM32L1xx\src\misc.o
 .debug_aranges
                0x00001ef8       0x38 BSP\OS\bsp_os.o
 .debug_aranges
                0x00001f30       0x58 APP\app_hooks.o
 .debug_aranges
                0x00001f88       0x38 APP\app.o

.debug_ranges   0x00000000     0x1c58
 .debug_ranges  0x00000000       0x30 uCOS-II\Source\os_time.o
 .debug_ranges  0x00000030       0x88 uCOS-II\Source\os_task.o
 .debug_ranges  0x000000b8       0x48 uCOS-II\Source\os_sem.o
 .debug_ranges  0x00000100       0x60 uCOS-II\Source\os_q.o
 .debug_ranges  0x00000160       0x40 uCOS-II\Source\os_mutex.o
 .debug_ranges  0x000001a0       0x40 uCOS-II\Source\os_mem.o
 .debug_ranges  0x000001e0       0x48 uCOS-II\Source\os_mbox.o
 .debug_ranges  0x00000228       0x70 uCOS-II\Source\os_flag.o
 .debug_ranges  0x00000298       0xe8 uCOS-II\Source\os_core.o
 .debug_ranges  0x00000380       0x10 uCOS-II\Ports\ARM-Cortex-M3\Generic\GNU\os_dbg.o
 .debug_ranges  0x00000390       0x70 uCOS-II\Ports\ARM-Cortex-M3\Generic\GNU\os_cpu_c.o
 .debug_ranges  0x00000400       0xc8 uC-LIB\lib_str.o
 .debug_ranges  0x000004c8       0x98 uC-LIB\lib_mem.o
 .debug_ranges  0x00000560       0x28 uC-LIB\lib_math.o
 .debug_ranges  0x00000588       0x88 uC-LIB\lib_ascii.o
 .debug_ranges  0x00000610       0xa0 uC-CPU\cpu_core.o
 .debug_ranges  0x000006b0       0x40 uC-CPU\ARM-Cortex-M3\GNU\cpu_c.o
 .debug_ranges  0x000006f0       0x50 BSP\cstartup.o
 .debug_ranges  0x00000740       0x20 BSP\bsp_periph.o
 .debug_ranges  0x00000760      0x218 BSP\bsp_int.o
 .debug_ranges  0x00000978       0x50 BSP\bsp.o
 .debug_ranges  0x000009c8       0x48 BSP\ST\STM32L1xx\src\stm32l1xx_wwdg.o
 .debug_ranges  0x00000a10       0xf0 BSP\ST\STM32L1xx\src\stm32l1xx_usart.o
 .debug_ranges  0x00000b00      0x2a8 BSP\ST\STM32L1xx\src\stm32l1xx_tim.o
 .debug_ranges  0x00000da8       0x70 BSP\ST\STM32L1xx\src\stm32l1xx_syscfg.o
 .debug_ranges  0x00000e18       0xc0 BSP\ST\STM32L1xx\src\stm32l1xx_spi.o
 .debug_ranges  0x00000ed8       0xf8 BSP\ST\STM32L1xx\src\stm32l1xx_sdio.o
 .debug_ranges  0x00000fd0      0x1c0 BSP\ST\STM32L1xx\src\stm32l1xx_rtc.o
 .debug_ranges  0x00001190      0x138 BSP\ST\STM32L1xx\src\stm32l1xx_rcc.o
 .debug_ranges  0x000012c8       0x78 BSP\ST\STM32L1xx\src\stm32l1xx_pwr.o
 .debug_ranges  0x00001340       0x50 BSP\ST\STM32L1xx\src\stm32l1xx_opamp.o
 .debug_ranges  0x00001390       0x98 BSP\ST\STM32L1xx\src\stm32l1xx_lcd.o
 .debug_ranges  0x00001428       0x38 BSP\ST\STM32L1xx\src\stm32l1xx_iwdg.o
 .debug_ranges  0x00001460      0x110 BSP\ST\STM32L1xx\src\stm32l1xx_i2c.o
 .debug_ranges  0x00001570       0x78 BSP\ST\STM32L1xx\src\stm32l1xx_gpio.o
 .debug_ranges  0x000015e8       0x28 BSP\ST\STM32L1xx\src\stm32l1xx_fsmc.o
 .debug_ranges  0x00001610       0x48 BSP\ST\STM32L1xx\src\stm32l1xx_flash_ramfunc.o
 .debug_ranges  0x00001658      0x150 BSP\ST\STM32L1xx\src\stm32l1xx_flash.o
 .debug_ranges  0x000017a8       0x48 BSP\ST\STM32L1xx\src\stm32l1xx_exti.o
 .debug_ranges  0x000017f0       0x60 BSP\ST\STM32L1xx\src\stm32l1xx_dma.o
 .debug_ranges  0x00001850       0x30 BSP\ST\STM32L1xx\src\stm32l1xx_dbgmcu.o
 .debug_ranges  0x00001880       0x90 BSP\ST\STM32L1xx\src\stm32l1xx_dac.o
 .debug_ranges  0x00001910       0x38 BSP\ST\STM32L1xx\src\stm32l1xx_crc.o
 .debug_ranges  0x00001948       0x40 BSP\ST\STM32L1xx\src\stm32l1xx_comp.o
 .debug_ranges  0x00001988       0x38 BSP\ST\STM32L1xx\src\stm32l1xx_aes_util.o
 .debug_ranges  0x000019c0       0x98 BSP\ST\STM32L1xx\src\stm32l1xx_aes.o
 .debug_ranges  0x00001a58      0x138 BSP\ST\STM32L1xx\src\stm32l1xx_adc.o
 .debug_ranges  0x00001b90       0x30 BSP\ST\STM32L1xx\src\misc.o
 .debug_ranges  0x00001bc0       0x28 BSP\OS\bsp_os.o
 .debug_ranges  0x00001be8       0x48 APP\app_hooks.o
 .debug_ranges  0x00001c30       0x28 APP\app.o

.debug_frame    0x00000000     0x6a8c
 .debug_frame   0x00000000       0xb0 uCOS-II\Source\os_time.o
 .debug_frame   0x000000b0      0x208 uCOS-II\Source\os_task.o
 .debug_frame   0x000002b8      0x110 uCOS-II\Source\os_sem.o
 .debug_frame   0x000003c8      0x170 uCOS-II\Source\os_q.o
 .debug_frame   0x00000538       0xec uCOS-II\Source\os_mutex.o
 .debug_frame   0x00000624       0xf0 uCOS-II\Source\os_mem.o
 .debug_frame   0x00000714      0x110 uCOS-II\Source\os_mbox.o
 .debug_frame   0x00000824      0x1a8 uCOS-II\Source\os_flag.o
 .debug_frame   0x000009cc      0x348 uCOS-II\Source\os_core.o
 .debug_frame   0x00000d14       0x2c uCOS-II\Ports\ARM-Cortex-M3\Generic\GNU\os_dbg.o
 .debug_frame   0x00000d40      0x18c uCOS-II\Ports\ARM-Cortex-M3\Generic\GNU\os_cpu_c.o
 .debug_frame   0x00000ecc      0x2f8 uC-LIB\lib_str.o
 .debug_frame   0x000011c4      0x238 uC-LIB\lib_mem.o
 .debug_frame   0x000013fc       0x88 uC-LIB\lib_math.o
 .debug_frame   0x00001484      0x1d4 uC-LIB\lib_ascii.o
 .debug_frame   0x00001658      0x258 uC-CPU\cpu_core.o
 .debug_frame   0x000018b0       0xe8 uC-CPU\ARM-Cortex-M3\GNU\cpu_c.o
 .debug_frame   0x00001998       0x68 BSP\bsp_periph.o
 .debug_frame   0x00001a00      0x75c BSP\bsp_int.o
 .debug_frame   0x0000215c      0x12c BSP\bsp.o
 .debug_frame   0x00002288       0xe8 BSP\ST\STM32L1xx\src\stm32l1xx_wwdg.o
 .debug_frame   0x00002370      0x344 BSP\ST\STM32L1xx\src\stm32l1xx_usart.o
 .debug_frame   0x000026b4      0x95c BSP\ST\STM32L1xx\src\stm32l1xx_tim.o
 .debug_frame   0x00003010      0x178 BSP\ST\STM32L1xx\src\stm32l1xx_syscfg.o
 .debug_frame   0x00003188      0x29c BSP\ST\STM32L1xx\src\stm32l1xx_spi.o
 .debug_frame   0x00003424      0x344 BSP\ST\STM32L1xx\src\stm32l1xx_sdio.o
 .debug_frame   0x00003768      0x638 BSP\ST\STM32L1xx\src\stm32l1xx_rtc.o
 .debug_frame   0x00003da0      0x430 BSP\ST\STM32L1xx\src\stm32l1xx_rcc.o
 .debug_frame   0x000041d0      0x194 BSP\ST\STM32L1xx\src\stm32l1xx_pwr.o
 .debug_frame   0x00004364      0x108 BSP\ST\STM32L1xx\src\stm32l1xx_opamp.o
 .debug_frame   0x0000446c      0x204 BSP\ST\STM32L1xx\src\stm32l1xx_lcd.o
 .debug_frame   0x00004670       0xb0 BSP\ST\STM32L1xx\src\stm32l1xx_iwdg.o
 .debug_frame   0x00004720      0x3b4 BSP\ST\STM32L1xx\src\stm32l1xx_i2c.o
 .debug_frame   0x00004ad4      0x19c BSP\ST\STM32L1xx\src\stm32l1xx_gpio.o
 .debug_frame   0x00004c70       0x80 BSP\ST\STM32L1xx\src\stm32l1xx_fsmc.o
 .debug_frame   0x00004cf0      0x10c BSP\ST\STM32L1xx\src\stm32l1xx_flash_ramfunc.o
 .debug_frame   0x00004dfc      0x4b0 BSP\ST\STM32L1xx\src\stm32l1xx_flash.o
 .debug_frame   0x000052ac       0xec BSP\ST\STM32L1xx\src\stm32l1xx_exti.o
 .debug_frame   0x00005398      0x144 BSP\ST\STM32L1xx\src\stm32l1xx_dma.o
 .debug_frame   0x000054dc       0x94 BSP\ST\STM32L1xx\src\stm32l1xx_dbgmcu.o
 .debug_frame   0x00005570      0x1ec BSP\ST\STM32L1xx\src\stm32l1xx_dac.o
 .debug_frame   0x0000575c       0xac BSP\ST\STM32L1xx\src\stm32l1xx_crc.o
 .debug_frame   0x00005808       0xd0 BSP\ST\STM32L1xx\src\stm32l1xx_comp.o
 .debug_frame   0x000058d8       0xd0 BSP\ST\STM32L1xx\src\stm32l1xx_aes_util.o
 .debug_frame   0x000059a8      0x204 BSP\ST\STM32L1xx\src\stm32l1xx_aes.o
 .debug_frame   0x00005bac      0x43c BSP\ST\STM32L1xx\src\stm32l1xx_adc.o
 .debug_frame   0x00005fe8       0x9c BSP\ST\STM32L1xx\src\misc.o
 .debug_frame   0x00006084       0x90 BSP\OS\bsp_os.o
 .debug_frame   0x00006114       0xe0 APP\app_hooks.o
 .debug_frame   0x000061f4       0x80 APP\app.o
 .debug_frame   0x00006274       0x50 c:/program files (x86)/atollic/truestudio for arm pro 3.2.0/armtools/bin/../lib/gcc/arm-atollic-eabi/4.6.2/thumb/armv7-m\libgcc.a(bpabi.o)
 .debug_frame   0x000062c4      0x268 c:/program files (x86)/atollic/truestudio for arm pro 3.2.0/armtools/bin/../lib/gcc/arm-atollic-eabi/4.6.2/thumb/armv7-m\libgcc.a(unwind-arm.o)
 .debug_frame   0x0000652c       0xec c:/program files (x86)/atollic/truestudio for arm pro 3.2.0/armtools/bin/../lib/gcc/arm-atollic-eabi/4.6.2/thumb/armv7-m\libgcc.a(pr-support.o)
 .debug_frame   0x00006618       0x34 c:/program files (x86)/atollic/truestudio for arm pro 3.2.0/armtools/bin/../lib/gcc/arm-atollic-eabi/4.6.2/thumb/armv7-m\libgcc.a(_divdi3.o)
 .debug_frame   0x0000664c       0x34 c:/program files (x86)/atollic/truestudio for arm pro 3.2.0/armtools/bin/../lib/gcc/arm-atollic-eabi/4.6.2/thumb/armv7-m\libgcc.a(_udivdi3.o)
 .debug_frame   0x00006680       0x28 c:/program files (x86)/atollic/truestudio for arm pro 3.2.0/armtools/bin/../lib/gcc/arm-atollic-eabi/4.6.2/../../../../arm-atollic-eabi/lib/thumb/armv7-m\libc.a(lib_a-abort.o)
 .debug_frame   0x000066a8       0x2c c:/program files (x86)/atollic/truestudio for arm pro 3.2.0/armtools/bin/../lib/gcc/arm-atollic-eabi/4.6.2/../../../../arm-atollic-eabi/lib/thumb/armv7-m\libc.a(lib_a-init.o)
 .debug_frame   0x000066d4       0x28 c:/program files (x86)/atollic/truestudio for arm pro 3.2.0/armtools/bin/../lib/gcc/arm-atollic-eabi/4.6.2/../../../../arm-atollic-eabi/lib/thumb/armv7-m\libc.a(lib_a-memcpy.o)
 .debug_frame   0x000066fc       0xc0 c:/program files (x86)/atollic/truestudio for arm pro 3.2.0/armtools/bin/../lib/gcc/arm-atollic-eabi/4.6.2/../../../../arm-atollic-eabi/lib/thumb/armv7-m\libc.a(lib_a-signal.o)
 .debug_frame   0x000067bc       0x3c c:/program files (x86)/atollic/truestudio for arm pro 3.2.0/armtools/bin/../lib/gcc/arm-atollic-eabi/4.6.2/../../../../arm-atollic-eabi/lib/thumb/armv7-m\libc.a(lib_a-signalr.o)
 .debug_frame   0x000067f8      0x14c c:/program files (x86)/atollic/truestudio for arm pro 3.2.0/armtools/bin/../lib/gcc/arm-atollic-eabi/4.6.2/../../../../arm-atollic-eabi/lib/thumb/armv7-m\libc.a(lib_a-syscalls.o)
 .debug_frame   0x00006944       0x34 c:/program files (x86)/atollic/truestudio for arm pro 3.2.0/armtools/bin/../lib/gcc/arm-atollic-eabi/4.6.2/../../../../arm-atollic-eabi/lib/thumb/armv7-m\libc.a(lib_a-mallocr.o)
 .debug_frame   0x00006978       0x30 c:/program files (x86)/atollic/truestudio for arm pro 3.2.0/armtools/bin/../lib/gcc/arm-atollic-eabi/4.6.2/../../../../arm-atollic-eabi/lib/thumb/armv7-m\libc.a(lib_a-mlock.o)
 .debug_frame   0x000069a8       0x68 c:/program files (x86)/atollic/truestudio for arm pro 3.2.0/armtools/bin/../lib/gcc/arm-atollic-eabi/4.6.2/../../../../arm-atollic-eabi/lib/thumb/armv7-m\libc.a(lib_a-reent.o)
 .debug_frame   0x00006a10       0x2c c:/program files (x86)/atollic/truestudio for arm pro 3.2.0/armtools/bin/../lib/gcc/arm-atollic-eabi/4.6.2/../../../../arm-atollic-eabi/lib/thumb/armv7-m\libc.a(lib_a-sbrkr.o)
 .debug_frame   0x00006a3c       0x50 c:/program files (x86)/atollic/truestudio for arm pro 3.2.0/armtools/bin/../lib/gcc/arm-atollic-eabi/4.6.2/../../../../arm-atollic-eabi/lib/thumb/armv7-m\libc.a(lib_a-freer.o)

Cross Reference Table

Symbol                                            File
ADC_AnalogWatchdogCmd                             BSP\ST\STM32L1xx\src\stm32l1xx_adc.o
ADC_AnalogWatchdogSingleChannelConfig             BSP\ST\STM32L1xx\src\stm32l1xx_adc.o
ADC_AnalogWatchdogThresholdsConfig                BSP\ST\STM32L1xx\src\stm32l1xx_adc.o
ADC_AutoInjectedConvCmd                           BSP\ST\STM32L1xx\src\stm32l1xx_adc.o
ADC_BankSelection                                 BSP\ST\STM32L1xx\src\stm32l1xx_adc.o
ADC_ClearFlag                                     BSP\ST\STM32L1xx\src\stm32l1xx_adc.o
ADC_ClearITPendingBit                             BSP\ST\STM32L1xx\src\stm32l1xx_adc.o
ADC_Cmd                                           BSP\ST\STM32L1xx\src\stm32l1xx_adc.o
ADC_CommonInit                                    BSP\ST\STM32L1xx\src\stm32l1xx_adc.o
ADC_CommonStructInit                              BSP\ST\STM32L1xx\src\stm32l1xx_adc.o
ADC_ContinuousModeCmd                             BSP\ST\STM32L1xx\src\stm32l1xx_adc.o
ADC_DMACmd                                        BSP\ST\STM32L1xx\src\stm32l1xx_adc.o
ADC_DMARequestAfterLastTransferCmd                BSP\ST\STM32L1xx\src\stm32l1xx_adc.o
ADC_DeInit                                        BSP\ST\STM32L1xx\src\stm32l1xx_adc.o
ADC_DelaySelectionConfig                          BSP\ST\STM32L1xx\src\stm32l1xx_adc.o
ADC_DiscModeChannelCountConfig                    BSP\ST\STM32L1xx\src\stm32l1xx_adc.o
ADC_DiscModeCmd                                   BSP\ST\STM32L1xx\src\stm32l1xx_adc.o
ADC_EOCOnEachRegularChannelCmd                    BSP\ST\STM32L1xx\src\stm32l1xx_adc.o
ADC_ExternalTrigInjectedConvConfig                BSP\ST\STM32L1xx\src\stm32l1xx_adc.o
ADC_ExternalTrigInjectedConvEdgeConfig            BSP\ST\STM32L1xx\src\stm32l1xx_adc.o
ADC_GetConversionValue                            BSP\ST\STM32L1xx\src\stm32l1xx_adc.o